ARM GAS  C:\Users\Henry\AppData\Local\Temp\ccKfIU8D.s 			page 1


   1              		.cpu cortex-m0
   2              		.fpu softvfp
   3              		.eabi_attribute 20, 1
   4              		.eabi_attribute 21, 1
   5              		.eabi_attribute 23, 3
   6              		.eabi_attribute 24, 1
   7              		.eabi_attribute 25, 1
   8              		.eabi_attribute 26, 1
   9              		.eabi_attribute 30, 1
  10              		.eabi_attribute 34, 0
  11              		.eabi_attribute 18, 4
  12              		.code	16
  13              		.file	"cyfitter_cfg.c"
  14              		.text
  15              	.Ltext0:
  16              		.cfi_sections	.debug_frame
  17              		.section	.text.AnalogSetDefault,"ax",%progbits
  18              		.align	2
  19              		.code	16
  20              		.thumb_func
  21              		.type	AnalogSetDefault, %function
  22              	AnalogSetDefault:
  23              	.LFB6:
  24              		.file 1 ".\\Generated_Source\\PSoC4\\cyfitter_cfg.c"
   1:.\Generated_Source\PSoC4/cyfitter_cfg.c **** /*******************************************************************************
   2:.\Generated_Source\PSoC4/cyfitter_cfg.c **** * File Name: cyfitter_cfg.c
   3:.\Generated_Source\PSoC4/cyfitter_cfg.c **** * 
   4:.\Generated_Source\PSoC4/cyfitter_cfg.c **** * PSoC Creator  3.3
   5:.\Generated_Source\PSoC4/cyfitter_cfg.c **** *
   6:.\Generated_Source\PSoC4/cyfitter_cfg.c **** * Description:
   7:.\Generated_Source\PSoC4/cyfitter_cfg.c **** * This file contains device initialization code.
   8:.\Generated_Source\PSoC4/cyfitter_cfg.c **** * Except for the user defined sections in CyClockStartupError(), this file should not be modified.
   9:.\Generated_Source\PSoC4/cyfitter_cfg.c **** * This file is automatically generated by PSoC Creator.
  10:.\Generated_Source\PSoC4/cyfitter_cfg.c **** *
  11:.\Generated_Source\PSoC4/cyfitter_cfg.c **** ********************************************************************************
  12:.\Generated_Source\PSoC4/cyfitter_cfg.c **** * Copyright (c) 2007-2015 Cypress Semiconductor.  All rights reserved.
  13:.\Generated_Source\PSoC4/cyfitter_cfg.c **** * You may use this file only in accordance with the license, terms, conditions, 
  14:.\Generated_Source\PSoC4/cyfitter_cfg.c **** * disclaimers, and limitations in the end user license agreement accompanying 
  15:.\Generated_Source\PSoC4/cyfitter_cfg.c **** * the software package with which this file was provided.
  16:.\Generated_Source\PSoC4/cyfitter_cfg.c **** ********************************************************************************/
  17:.\Generated_Source\PSoC4/cyfitter_cfg.c **** 
  18:.\Generated_Source\PSoC4/cyfitter_cfg.c **** #include <string.h>
  19:.\Generated_Source\PSoC4/cyfitter_cfg.c **** #include "cytypes.h"
  20:.\Generated_Source\PSoC4/cyfitter_cfg.c **** #include "cydevice_trm.h"
  21:.\Generated_Source\PSoC4/cyfitter_cfg.c **** #include "cyfitter.h"
  22:.\Generated_Source\PSoC4/cyfitter_cfg.c **** #include "CyLib.h"
  23:.\Generated_Source\PSoC4/cyfitter_cfg.c **** #include "CyLFClk.h"
  24:.\Generated_Source\PSoC4/cyfitter_cfg.c **** #include "cyfitter_cfg.h"
  25:.\Generated_Source\PSoC4/cyfitter_cfg.c **** 
  26:.\Generated_Source\PSoC4/cyfitter_cfg.c **** 
  27:.\Generated_Source\PSoC4/cyfitter_cfg.c **** #if defined(__GNUC__) || defined(__ARMCC_VERSION)
  28:.\Generated_Source\PSoC4/cyfitter_cfg.c ****     #define CYPACKED 
  29:.\Generated_Source\PSoC4/cyfitter_cfg.c ****     #define CYPACKED_ATTR __attribute__ ((packed))
  30:.\Generated_Source\PSoC4/cyfitter_cfg.c ****     #define CYALIGNED __attribute__ ((aligned))
  31:.\Generated_Source\PSoC4/cyfitter_cfg.c ****     #define CY_CFG_UNUSED __attribute__ ((unused))
  32:.\Generated_Source\PSoC4/cyfitter_cfg.c ****     #define CY_CFG_SECTION __attribute__ ((section(".psocinit")))
  33:.\Generated_Source\PSoC4/cyfitter_cfg.c ****     
ARM GAS  C:\Users\Henry\AppData\Local\Temp\ccKfIU8D.s 			page 2


  34:.\Generated_Source\PSoC4/cyfitter_cfg.c ****     #if defined(__ARMCC_VERSION)
  35:.\Generated_Source\PSoC4/cyfitter_cfg.c ****         #define CY_CFG_MEMORY_BARRIER() __memory_changed()
  36:.\Generated_Source\PSoC4/cyfitter_cfg.c ****     #else
  37:.\Generated_Source\PSoC4/cyfitter_cfg.c ****         #define CY_CFG_MEMORY_BARRIER() __sync_synchronize()
  38:.\Generated_Source\PSoC4/cyfitter_cfg.c ****     #endif
  39:.\Generated_Source\PSoC4/cyfitter_cfg.c ****     
  40:.\Generated_Source\PSoC4/cyfitter_cfg.c **** #elif defined(__ICCARM__)
  41:.\Generated_Source\PSoC4/cyfitter_cfg.c ****     #include <intrinsics.h>
  42:.\Generated_Source\PSoC4/cyfitter_cfg.c **** 
  43:.\Generated_Source\PSoC4/cyfitter_cfg.c ****     #define CYPACKED __packed
  44:.\Generated_Source\PSoC4/cyfitter_cfg.c ****     #define CYPACKED_ATTR 
  45:.\Generated_Source\PSoC4/cyfitter_cfg.c ****     #define CYALIGNED _Pragma("data_alignment=4")
  46:.\Generated_Source\PSoC4/cyfitter_cfg.c ****     #define CY_CFG_UNUSED _Pragma("diag_suppress=Pe177")
  47:.\Generated_Source\PSoC4/cyfitter_cfg.c ****     #define CY_CFG_SECTION _Pragma("location=\".psocinit\"")
  48:.\Generated_Source\PSoC4/cyfitter_cfg.c ****     
  49:.\Generated_Source\PSoC4/cyfitter_cfg.c ****     #define CY_CFG_MEMORY_BARRIER() __DMB()
  50:.\Generated_Source\PSoC4/cyfitter_cfg.c ****     
  51:.\Generated_Source\PSoC4/cyfitter_cfg.c **** #else
  52:.\Generated_Source\PSoC4/cyfitter_cfg.c ****     #error Unsupported toolchain
  53:.\Generated_Source\PSoC4/cyfitter_cfg.c **** #endif
  54:.\Generated_Source\PSoC4/cyfitter_cfg.c **** 
  55:.\Generated_Source\PSoC4/cyfitter_cfg.c **** 
  56:.\Generated_Source\PSoC4/cyfitter_cfg.c **** CY_CFG_UNUSED
  57:.\Generated_Source\PSoC4/cyfitter_cfg.c **** static void CYMEMZERO(void *s, size_t n);
  58:.\Generated_Source\PSoC4/cyfitter_cfg.c **** CY_CFG_UNUSED
  59:.\Generated_Source\PSoC4/cyfitter_cfg.c **** static void CYMEMZERO(void *s, size_t n)
  60:.\Generated_Source\PSoC4/cyfitter_cfg.c **** {
  61:.\Generated_Source\PSoC4/cyfitter_cfg.c **** 	(void)memset(s, 0, n);
  62:.\Generated_Source\PSoC4/cyfitter_cfg.c **** }
  63:.\Generated_Source\PSoC4/cyfitter_cfg.c **** CY_CFG_UNUSED
  64:.\Generated_Source\PSoC4/cyfitter_cfg.c **** static void CYCONFIGCPY(void *dest, const void *src, size_t n);
  65:.\Generated_Source\PSoC4/cyfitter_cfg.c **** CY_CFG_UNUSED
  66:.\Generated_Source\PSoC4/cyfitter_cfg.c **** static void CYCONFIGCPY(void *dest, const void *src, size_t n)
  67:.\Generated_Source\PSoC4/cyfitter_cfg.c **** {
  68:.\Generated_Source\PSoC4/cyfitter_cfg.c **** 	(void)memcpy(dest, src, n);
  69:.\Generated_Source\PSoC4/cyfitter_cfg.c **** }
  70:.\Generated_Source\PSoC4/cyfitter_cfg.c **** CY_CFG_UNUSED
  71:.\Generated_Source\PSoC4/cyfitter_cfg.c **** static void CYCONFIGCPYCODE(void *dest, const void *src, size_t n);
  72:.\Generated_Source\PSoC4/cyfitter_cfg.c **** CY_CFG_UNUSED
  73:.\Generated_Source\PSoC4/cyfitter_cfg.c **** static void CYCONFIGCPYCODE(void *dest, const void *src, size_t n)
  74:.\Generated_Source\PSoC4/cyfitter_cfg.c **** {
  75:.\Generated_Source\PSoC4/cyfitter_cfg.c **** 	(void)memcpy(dest, src, n);
  76:.\Generated_Source\PSoC4/cyfitter_cfg.c **** }
  77:.\Generated_Source\PSoC4/cyfitter_cfg.c **** 
  78:.\Generated_Source\PSoC4/cyfitter_cfg.c **** 
  79:.\Generated_Source\PSoC4/cyfitter_cfg.c **** 
  80:.\Generated_Source\PSoC4/cyfitter_cfg.c **** /* Clock startup error codes                                                   */
  81:.\Generated_Source\PSoC4/cyfitter_cfg.c **** #define CYCLOCKSTART_NO_ERROR    0u
  82:.\Generated_Source\PSoC4/cyfitter_cfg.c **** #define CYCLOCKSTART_XTAL_ERROR  1u
  83:.\Generated_Source\PSoC4/cyfitter_cfg.c **** #define CYCLOCKSTART_32KHZ_ERROR 2u
  84:.\Generated_Source\PSoC4/cyfitter_cfg.c **** #define CYCLOCKSTART_PLL_ERROR   3u
  85:.\Generated_Source\PSoC4/cyfitter_cfg.c **** 
  86:.\Generated_Source\PSoC4/cyfitter_cfg.c **** #ifdef CY_NEED_CYCLOCKSTARTUPERROR
  87:.\Generated_Source\PSoC4/cyfitter_cfg.c **** /*******************************************************************************
  88:.\Generated_Source\PSoC4/cyfitter_cfg.c **** * Function Name: CyClockStartupError
  89:.\Generated_Source\PSoC4/cyfitter_cfg.c **** ********************************************************************************
  90:.\Generated_Source\PSoC4/cyfitter_cfg.c **** * Summary:
ARM GAS  C:\Users\Henry\AppData\Local\Temp\ccKfIU8D.s 			page 3


  91:.\Generated_Source\PSoC4/cyfitter_cfg.c **** *  If an error is encountered during clock configuration (crystal startup error,
  92:.\Generated_Source\PSoC4/cyfitter_cfg.c **** *  PLL lock error, etc.), the system will end up here.  Unless reimplemented by
  93:.\Generated_Source\PSoC4/cyfitter_cfg.c **** *  the customer, this function will stop in an infinite loop.
  94:.\Generated_Source\PSoC4/cyfitter_cfg.c **** *
  95:.\Generated_Source\PSoC4/cyfitter_cfg.c **** * Parameters:
  96:.\Generated_Source\PSoC4/cyfitter_cfg.c **** *   void
  97:.\Generated_Source\PSoC4/cyfitter_cfg.c **** *
  98:.\Generated_Source\PSoC4/cyfitter_cfg.c **** * Return:
  99:.\Generated_Source\PSoC4/cyfitter_cfg.c **** *   void
 100:.\Generated_Source\PSoC4/cyfitter_cfg.c **** *
 101:.\Generated_Source\PSoC4/cyfitter_cfg.c **** *******************************************************************************/
 102:.\Generated_Source\PSoC4/cyfitter_cfg.c **** CY_CFG_UNUSED
 103:.\Generated_Source\PSoC4/cyfitter_cfg.c **** static void CyClockStartupError(uint8 errorCode);
 104:.\Generated_Source\PSoC4/cyfitter_cfg.c **** CY_CFG_UNUSED
 105:.\Generated_Source\PSoC4/cyfitter_cfg.c **** static void CyClockStartupError(uint8 errorCode)
 106:.\Generated_Source\PSoC4/cyfitter_cfg.c **** {
 107:.\Generated_Source\PSoC4/cyfitter_cfg.c ****     /* To remove the compiler warning if errorCode not used.                */
 108:.\Generated_Source\PSoC4/cyfitter_cfg.c ****     errorCode = errorCode;
 109:.\Generated_Source\PSoC4/cyfitter_cfg.c **** 
 110:.\Generated_Source\PSoC4/cyfitter_cfg.c ****     /* `#START CyClockStartupError` */
 111:.\Generated_Source\PSoC4/cyfitter_cfg.c **** 
 112:.\Generated_Source\PSoC4/cyfitter_cfg.c ****     /* If we have a clock startup error (bad MHz crystal, PLL lock, etc.),  */
 113:.\Generated_Source\PSoC4/cyfitter_cfg.c ****     /* we will end up here to allow the customer to implement something to  */
 114:.\Generated_Source\PSoC4/cyfitter_cfg.c ****     /* deal with the clock condition.                                       */
 115:.\Generated_Source\PSoC4/cyfitter_cfg.c **** 
 116:.\Generated_Source\PSoC4/cyfitter_cfg.c ****     /* `#END` */
 117:.\Generated_Source\PSoC4/cyfitter_cfg.c **** 
 118:.\Generated_Source\PSoC4/cyfitter_cfg.c ****     /* If nothing else, stop here since the clocks have not started         */
 119:.\Generated_Source\PSoC4/cyfitter_cfg.c ****     /* correctly.                                                           */
 120:.\Generated_Source\PSoC4/cyfitter_cfg.c ****     while(1) {}
 121:.\Generated_Source\PSoC4/cyfitter_cfg.c **** }
 122:.\Generated_Source\PSoC4/cyfitter_cfg.c **** #endif
 123:.\Generated_Source\PSoC4/cyfitter_cfg.c **** 
 124:.\Generated_Source\PSoC4/cyfitter_cfg.c **** 
 125:.\Generated_Source\PSoC4/cyfitter_cfg.c **** 
 126:.\Generated_Source\PSoC4/cyfitter_cfg.c **** /*******************************************************************************
 127:.\Generated_Source\PSoC4/cyfitter_cfg.c **** * Function Name: ClockSetup
 128:.\Generated_Source\PSoC4/cyfitter_cfg.c **** ********************************************************************************
 129:.\Generated_Source\PSoC4/cyfitter_cfg.c **** *
 130:.\Generated_Source\PSoC4/cyfitter_cfg.c **** * Summary:
 131:.\Generated_Source\PSoC4/cyfitter_cfg.c **** *   Performs the initialization of all of the clocks in the device based on the
 132:.\Generated_Source\PSoC4/cyfitter_cfg.c **** *   settings in the Clock tab of the DWR.  This includes enabling the requested
 133:.\Generated_Source\PSoC4/cyfitter_cfg.c **** *   clocks and setting the necessary dividers to produce the desired frequency. 
 134:.\Generated_Source\PSoC4/cyfitter_cfg.c **** *
 135:.\Generated_Source\PSoC4/cyfitter_cfg.c **** * Parameters:
 136:.\Generated_Source\PSoC4/cyfitter_cfg.c **** *   void
 137:.\Generated_Source\PSoC4/cyfitter_cfg.c **** *
 138:.\Generated_Source\PSoC4/cyfitter_cfg.c **** * Return:
 139:.\Generated_Source\PSoC4/cyfitter_cfg.c **** *   void
 140:.\Generated_Source\PSoC4/cyfitter_cfg.c **** *
 141:.\Generated_Source\PSoC4/cyfitter_cfg.c **** *******************************************************************************/
 142:.\Generated_Source\PSoC4/cyfitter_cfg.c **** static void ClockSetup(void);
 143:.\Generated_Source\PSoC4/cyfitter_cfg.c **** CY_CFG_SECTION
 144:.\Generated_Source\PSoC4/cyfitter_cfg.c **** static void ClockSetup(void)
 145:.\Generated_Source\PSoC4/cyfitter_cfg.c **** {
 146:.\Generated_Source\PSoC4/cyfitter_cfg.c **** 
 147:.\Generated_Source\PSoC4/cyfitter_cfg.c **** 	/* Set Flash Cycles based on max possible frequency in case a glitch occurs during ClockSetup(). *
ARM GAS  C:\Users\Henry\AppData\Local\Temp\ccKfIU8D.s 			page 4


 148:.\Generated_Source\PSoC4/cyfitter_cfg.c **** 	CY_SET_REG32((void CYXDATA *)(CYREG_CPUSS_FLASH_CTL), (0x0012u));
 149:.\Generated_Source\PSoC4/cyfitter_cfg.c **** 
 150:.\Generated_Source\PSoC4/cyfitter_cfg.c **** 	/* Start the WCO */
 151:.\Generated_Source\PSoC4/cyfitter_cfg.c **** 	CySysClkWcoStart();
 152:.\Generated_Source\PSoC4/cyfitter_cfg.c **** 	CyDelayCycles(12000000u); /* WCO may take up to 500ms to start */
 153:.\Generated_Source\PSoC4/cyfitter_cfg.c **** 	(void)CySysClkWcoSetPowerMode(CY_SYS_CLK_WCO_LPM);    /* Switch to the low power mode */
 154:.\Generated_Source\PSoC4/cyfitter_cfg.c **** 
 155:.\Generated_Source\PSoC4/cyfitter_cfg.c **** 	/* Setup and trim IMO based on desired frequency. */
 156:.\Generated_Source\PSoC4/cyfitter_cfg.c **** 	CySysClkWriteImoFreq(48u);
 157:.\Generated_Source\PSoC4/cyfitter_cfg.c **** 	/* CYDEV_CLK_ILO_CONFIG Starting address: CYDEV_CLK_ILO_CONFIG */
 158:.\Generated_Source\PSoC4/cyfitter_cfg.c **** 	CY_SET_XTND_REG32((void CYFAR *)(CYREG_CLK_ILO_CONFIG), 0x80000006u);
 159:.\Generated_Source\PSoC4/cyfitter_cfg.c **** 
 160:.\Generated_Source\PSoC4/cyfitter_cfg.c **** 	/* CYDEV_WDT_CONFIG Starting address: CYDEV_WDT_CONFIG */
 161:.\Generated_Source\PSoC4/cyfitter_cfg.c **** 	CY_SET_XTND_REG32((void CYFAR *)(CYREG_WDT_CONFIG), 0x40000000u);
 162:.\Generated_Source\PSoC4/cyfitter_cfg.c **** 
 163:.\Generated_Source\PSoC4/cyfitter_cfg.c **** 
 164:.\Generated_Source\PSoC4/cyfitter_cfg.c **** 	/* Enable fast start mode for XO */
 165:.\Generated_Source\PSoC4/cyfitter_cfg.c **** 	CY_SET_REG32((void*)CYREG_BLE_BLERD_BB_XO, CY_GET_REG32((void*)CYREG_BLE_BLERD_BB_XO) | (uint32)0x
 166:.\Generated_Source\PSoC4/cyfitter_cfg.c **** 	CY_SET_XTND_REG32((void CYFAR *)(CYREG_BLE_BLERD_BB_XO_CAPTRIM), 0x00003E2Du);
 167:.\Generated_Source\PSoC4/cyfitter_cfg.c **** 	/* Disable Crystal Stable Interrupt before enabling ECO */
 168:.\Generated_Source\PSoC4/cyfitter_cfg.c **** 	CY_SET_REG32((void*)CYREG_BLE_BLESS_LL_DSM_CTRL, CY_GET_REG32((void*)CYREG_BLE_BLESS_LL_DSM_CTRL) 
 169:.\Generated_Source\PSoC4/cyfitter_cfg.c **** 	/* Start the ECO and do not check status since it is not needed for HFCLK */
 170:.\Generated_Source\PSoC4/cyfitter_cfg.c **** 	(void)CySysClkEcoStart(2000u);
 171:.\Generated_Source\PSoC4/cyfitter_cfg.c **** 	CyDelayUs(1500u); /* Wait to stabalize */
 172:.\Generated_Source\PSoC4/cyfitter_cfg.c **** 
 173:.\Generated_Source\PSoC4/cyfitter_cfg.c **** 	/* Setup phase aligned clocks */
 174:.\Generated_Source\PSoC4/cyfitter_cfg.c **** 	CY_SET_REG32((void *)CYREG_PERI_DIV_16_CTL0, 0x0001A000u);
 175:.\Generated_Source\PSoC4/cyfitter_cfg.c **** 	CY_SET_REG32((void *)CYREG_PERI_DIV_CMD, 0x8000FF40u);
 176:.\Generated_Source\PSoC4/cyfitter_cfg.c **** 
 177:.\Generated_Source\PSoC4/cyfitter_cfg.c **** 	/* CYDEV_CLK_IMO_CONFIG Starting address: CYDEV_CLK_IMO_CONFIG */
 178:.\Generated_Source\PSoC4/cyfitter_cfg.c **** 	CY_SET_XTND_REG32((void CYFAR *)(CYREG_CLK_IMO_CONFIG), 0x80000000u);
 179:.\Generated_Source\PSoC4/cyfitter_cfg.c **** 
 180:.\Generated_Source\PSoC4/cyfitter_cfg.c **** 	/* CYDEV_CLK_SELECT Starting address: CYDEV_CLK_SELECT */
 181:.\Generated_Source\PSoC4/cyfitter_cfg.c **** 	CY_SET_XTND_REG32((void CYFAR *)(CYREG_CLK_SELECT), 0x00040000u);
 182:.\Generated_Source\PSoC4/cyfitter_cfg.c **** 
 183:.\Generated_Source\PSoC4/cyfitter_cfg.c **** 	/* CYDEV_PERI_PCLK_CTL1 Starting address: CYDEV_PERI_PCLK_CTL1 */
 184:.\Generated_Source\PSoC4/cyfitter_cfg.c **** 	CY_SET_XTND_REG32((void CYFAR *)(CYREG_PERI_PCLK_CTL1), 0x00000040u);
 185:.\Generated_Source\PSoC4/cyfitter_cfg.c **** 
 186:.\Generated_Source\PSoC4/cyfitter_cfg.c **** 	(void)CyIntSetVector(8u, &CySysWdtIsr);
 187:.\Generated_Source\PSoC4/cyfitter_cfg.c **** 	CyIntEnable(8u);
 188:.\Generated_Source\PSoC4/cyfitter_cfg.c **** 	CY_SET_XTND_REG32((void CYFAR *)(CYREG_WDT_CONFIG), 0x40000000u);
 189:.\Generated_Source\PSoC4/cyfitter_cfg.c **** }
 190:.\Generated_Source\PSoC4/cyfitter_cfg.c **** 
 191:.\Generated_Source\PSoC4/cyfitter_cfg.c **** 
 192:.\Generated_Source\PSoC4/cyfitter_cfg.c **** /* Analog API Functions */
 193:.\Generated_Source\PSoC4/cyfitter_cfg.c **** 
 194:.\Generated_Source\PSoC4/cyfitter_cfg.c **** 
 195:.\Generated_Source\PSoC4/cyfitter_cfg.c **** /*******************************************************************************
 196:.\Generated_Source\PSoC4/cyfitter_cfg.c **** * Function Name: AnalogSetDefault
 197:.\Generated_Source\PSoC4/cyfitter_cfg.c **** ********************************************************************************
 198:.\Generated_Source\PSoC4/cyfitter_cfg.c **** *
 199:.\Generated_Source\PSoC4/cyfitter_cfg.c **** * Summary:
 200:.\Generated_Source\PSoC4/cyfitter_cfg.c **** *  Sets up the analog portions of the chip to default values based on chip
 201:.\Generated_Source\PSoC4/cyfitter_cfg.c **** *  configuration options from the project.
 202:.\Generated_Source\PSoC4/cyfitter_cfg.c **** *
 203:.\Generated_Source\PSoC4/cyfitter_cfg.c **** * Parameters:
 204:.\Generated_Source\PSoC4/cyfitter_cfg.c **** *  void
ARM GAS  C:\Users\Henry\AppData\Local\Temp\ccKfIU8D.s 			page 5


 205:.\Generated_Source\PSoC4/cyfitter_cfg.c **** *
 206:.\Generated_Source\PSoC4/cyfitter_cfg.c **** * Return:
 207:.\Generated_Source\PSoC4/cyfitter_cfg.c **** *  void
 208:.\Generated_Source\PSoC4/cyfitter_cfg.c **** *
 209:.\Generated_Source\PSoC4/cyfitter_cfg.c **** *******************************************************************************/
 210:.\Generated_Source\PSoC4/cyfitter_cfg.c **** static void AnalogSetDefault(void);
 211:.\Generated_Source\PSoC4/cyfitter_cfg.c **** static void AnalogSetDefault(void)
 212:.\Generated_Source\PSoC4/cyfitter_cfg.c **** {
  25              		.loc 1 212 0
  26              		.cfi_startproc
 213:.\Generated_Source\PSoC4/cyfitter_cfg.c **** 	CY_SET_XTND_REG32((void CYFAR *)CYREG_CTBM0_DFT_CTRL, 0x00000003u);
  27              		.loc 1 213 0
  28 0000 0323     		mov	r3, #3
  29 0002 044A     		ldr	r2, .L2
  30 0004 1360     		str	r3, [r2]
 214:.\Generated_Source\PSoC4/cyfitter_cfg.c **** 	CY_SET_XTND_REG32((void CYFAR *)CYREG_CTBM1_DFT_CTRL, 0x00000003u);
  31              		.loc 1 214 0
  32 0006 044A     		ldr	r2, .L2+4
  33 0008 1360     		str	r3, [r2]
 215:.\Generated_Source\PSoC4/cyfitter_cfg.c **** 	CY_SET_XTND_REG32((void CYFAR *)CYREG_PASS_DSAB_DSAB_CTRL, 0x00000000u);
  34              		.loc 1 215 0
  35 000a 0022     		mov	r2, #0
  36 000c 034B     		ldr	r3, .L2+8
  37 000e 1A60     		str	r2, [r3]
 216:.\Generated_Source\PSoC4/cyfitter_cfg.c **** }
  38              		.loc 1 216 0
  39              		@ sp needed
  40 0010 7047     		bx	lr
  41              	.L3:
  42 0012 C046     		.align	2
  43              	.L2:
  44 0014 30003040 		.word	1076887600
  45 0018 30003140 		.word	1076953136
  46 001c 000E3F40 		.word	1077874176
  47              		.cfi_endproc
  48              	.LFE6:
  49              		.size	AnalogSetDefault, .-AnalogSetDefault
  50              		.section	.text.CYMEMZERO,"ax",%progbits
  51              		.align	2
  52              		.code	16
  53              		.thumb_func
  54              		.type	CYMEMZERO, %function
  55              	CYMEMZERO:
  56              	.LFB2:
  60:.\Generated_Source\PSoC4/cyfitter_cfg.c **** 	(void)memset(s, 0, n);
  57              		.loc 1 60 0
  58              		.cfi_startproc
  59              	.LVL0:
  60 0000 08B5     		push	{r3, lr}
  61              		.cfi_def_cfa_offset 8
  62              		.cfi_offset 3, -8
  63              		.cfi_offset 14, -4
  64 0002 0A1C     		mov	r2, r1
  61:.\Generated_Source\PSoC4/cyfitter_cfg.c **** }
  65              		.loc 1 61 0
  66 0004 0021     		mov	r1, #0
  67              	.LVL1:
ARM GAS  C:\Users\Henry\AppData\Local\Temp\ccKfIU8D.s 			page 6


  68 0006 FFF7FEFF 		bl	memset
  69              	.LVL2:
  62:.\Generated_Source\PSoC4/cyfitter_cfg.c **** CY_CFG_UNUSED
  70              		.loc 1 62 0
  71              		@ sp needed
  72 000a 08BD     		pop	{r3, pc}
  73              		.cfi_endproc
  74              	.LFE2:
  75              		.size	CYMEMZERO, .-CYMEMZERO
  76              		.section	.psocinit,"ax",%progbits
  77              		.align	2
  78              		.code	16
  79              		.thumb_func
  80              		.type	ClockSetup, %function
  81              	ClockSetup:
  82              	.LFB5:
 145:.\Generated_Source\PSoC4/cyfitter_cfg.c **** 
  83              		.loc 1 145 0
  84              		.cfi_startproc
  85 0000 38B5     		push	{r3, r4, r5, lr}
  86              		.cfi_def_cfa_offset 16
  87              		.cfi_offset 3, -16
  88              		.cfi_offset 4, -12
  89              		.cfi_offset 5, -8
  90              		.cfi_offset 14, -4
 148:.\Generated_Source\PSoC4/cyfitter_cfg.c **** 
  91              		.loc 1 148 0
  92 0002 1222     		mov	r2, #18
  93 0004 214B     		ldr	r3, .L6
  94 0006 1A60     		str	r2, [r3]
 151:.\Generated_Source\PSoC4/cyfitter_cfg.c **** 	CyDelayCycles(12000000u); /* WCO may take up to 500ms to start */
  95              		.loc 1 151 0
  96 0008 FFF7FEFF 		bl	CySysClkWcoStart
  97              	.LVL3:
 152:.\Generated_Source\PSoC4/cyfitter_cfg.c **** 	(void)CySysClkWcoSetPowerMode(CY_SYS_CLK_WCO_LPM);    /* Switch to the low power mode */
  98              		.loc 1 152 0
  99 000c 2048     		ldr	r0, .L6+4
 100 000e FFF7FEFF 		bl	CyDelayCycles
 101              	.LVL4:
 153:.\Generated_Source\PSoC4/cyfitter_cfg.c **** 
 102              		.loc 1 153 0
 103 0012 0120     		mov	r0, #1
 104 0014 FFF7FEFF 		bl	CySysClkWcoSetPowerMode
 105              	.LVL5:
 156:.\Generated_Source\PSoC4/cyfitter_cfg.c **** 	/* CYDEV_CLK_ILO_CONFIG Starting address: CYDEV_CLK_ILO_CONFIG */
 106              		.loc 1 156 0
 107 0018 3020     		mov	r0, #48
 108 001a FFF7FEFF 		bl	CySysClkWriteImoFreq
 109              	.LVL6:
 158:.\Generated_Source\PSoC4/cyfitter_cfg.c **** 
 110              		.loc 1 158 0
 111 001e 1D4A     		ldr	r2, .L6+8
 112 0020 1D4B     		ldr	r3, .L6+12
 113 0022 1A60     		str	r2, [r3]
 161:.\Generated_Source\PSoC4/cyfitter_cfg.c **** 
 114              		.loc 1 161 0
 115 0024 1D4C     		ldr	r4, .L6+16
ARM GAS  C:\Users\Henry\AppData\Local\Temp\ccKfIU8D.s 			page 7


 116 0026 8025     		mov	r5, #128
 117 0028 ED05     		lsl	r5, r5, #23
 118 002a 2560     		str	r5, [r4]
 165:.\Generated_Source\PSoC4/cyfitter_cfg.c **** 	CY_SET_XTND_REG32((void CYFAR *)(CYREG_BLE_BLERD_BB_XO_CAPTRIM), 0x00003E2Du);
 119              		.loc 1 165 0
 120 002c 1C4A     		ldr	r2, .L6+20
 121 002e 1168     		ldr	r1, [r2]
 122 0030 0223     		mov	r3, #2
 123 0032 0B43     		orr	r3, r1
 124 0034 1360     		str	r3, [r2]
 166:.\Generated_Source\PSoC4/cyfitter_cfg.c **** 	/* Disable Crystal Stable Interrupt before enabling ECO */
 125              		.loc 1 166 0
 126 0036 1B4A     		ldr	r2, .L6+24
 127 0038 1B4B     		ldr	r3, .L6+28
 128 003a 1A60     		str	r2, [r3]
 168:.\Generated_Source\PSoC4/cyfitter_cfg.c **** 	/* Start the ECO and do not check status since it is not needed for HFCLK */
 129              		.loc 1 168 0
 130 003c 1B4A     		ldr	r2, .L6+32
 131 003e 1368     		ldr	r3, [r2]
 132 0040 0821     		mov	r1, #8
 133 0042 8B43     		bic	r3, r1
 134 0044 1360     		str	r3, [r2]
 170:.\Generated_Source\PSoC4/cyfitter_cfg.c **** 	CyDelayUs(1500u); /* Wait to stabalize */
 135              		.loc 1 170 0
 136 0046 FA20     		mov	r0, #250
 137 0048 C000     		lsl	r0, r0, #3
 138 004a FFF7FEFF 		bl	CySysClkEcoStart
 139              	.LVL7:
 171:.\Generated_Source\PSoC4/cyfitter_cfg.c **** 
 140              		.loc 1 171 0
 141 004e 1848     		ldr	r0, .L6+36
 142 0050 FFF7FEFF 		bl	CyDelayUs
 143              	.LVL8:
 174:.\Generated_Source\PSoC4/cyfitter_cfg.c **** 	CY_SET_REG32((void *)CYREG_PERI_DIV_CMD, 0x8000FF40u);
 144              		.loc 1 174 0
 145 0054 D022     		mov	r2, #208
 146 0056 5202     		lsl	r2, r2, #9
 147 0058 164B     		ldr	r3, .L6+40
 148 005a 1A60     		str	r2, [r3]
 175:.\Generated_Source\PSoC4/cyfitter_cfg.c **** 
 149              		.loc 1 175 0
 150 005c 164A     		ldr	r2, .L6+44
 151 005e 174B     		ldr	r3, .L6+48
 152 0060 1A60     		str	r2, [r3]
 178:.\Generated_Source\PSoC4/cyfitter_cfg.c **** 
 153              		.loc 1 178 0
 154 0062 8022     		mov	r2, #128
 155 0064 1206     		lsl	r2, r2, #24
 156 0066 164B     		ldr	r3, .L6+52
 157 0068 1A60     		str	r2, [r3]
 181:.\Generated_Source\PSoC4/cyfitter_cfg.c **** 
 158              		.loc 1 181 0
 159 006a 8022     		mov	r2, #128
 160 006c D202     		lsl	r2, r2, #11
 161 006e 154B     		ldr	r3, .L6+56
 162 0070 1A60     		str	r2, [r3]
 184:.\Generated_Source\PSoC4/cyfitter_cfg.c **** 
ARM GAS  C:\Users\Henry\AppData\Local\Temp\ccKfIU8D.s 			page 8


 163              		.loc 1 184 0
 164 0072 4022     		mov	r2, #64
 165 0074 144B     		ldr	r3, .L6+60
 166 0076 1A60     		str	r2, [r3]
 186:.\Generated_Source\PSoC4/cyfitter_cfg.c **** 	CyIntEnable(8u);
 167              		.loc 1 186 0
 168 0078 0820     		mov	r0, #8
 169 007a 1449     		ldr	r1, .L6+64
 170 007c FFF7FEFF 		bl	CyIntSetVector
 171              	.LVL9:
 187:.\Generated_Source\PSoC4/cyfitter_cfg.c **** 	CY_SET_XTND_REG32((void CYFAR *)(CYREG_WDT_CONFIG), 0x40000000u);
 172              		.loc 1 187 0
 173 0080 0820     		mov	r0, #8
 174 0082 FFF7FEFF 		bl	CyIntEnable
 175              	.LVL10:
 188:.\Generated_Source\PSoC4/cyfitter_cfg.c **** }
 176              		.loc 1 188 0
 177 0086 2560     		str	r5, [r4]
 189:.\Generated_Source\PSoC4/cyfitter_cfg.c **** 
 178              		.loc 1 189 0
 179              		@ sp needed
 180 0088 38BD     		pop	{r3, r4, r5, pc}
 181              	.L7:
 182 008a C046     		.align	2
 183              	.L6:
 184 008c 30001040 		.word	1074790448
 185 0090 001BB700 		.word	12000000
 186 0094 06000080 		.word	-2147483642
 187 0098 04010B40 		.word	1074462980
 188 009c 0C020B40 		.word	1074463244
 189 00a0 78002E40 		.word	1076756600
 190 00a4 2D3E0000 		.word	15917
 191 00a8 7C002E40 		.word	1076756604
 192 00ac 6CF02E40 		.word	1076818028
 193 00b0 DC050000 		.word	1500
 194 00b4 00030140 		.word	1073808128
 195 00b8 40FF0080 		.word	-2147418304
 196 00bc 00000140 		.word	1073807360
 197 00c0 08010B40 		.word	1074462984
 198 00c4 00010B40 		.word	1074462976
 199 00c8 04010140 		.word	1073807620
 200 00cc 00000000 		.word	CySysWdtIsr
 201              		.cfi_endproc
 202              	.LFE5:
 203              		.size	ClockSetup, .-ClockSetup
 204              		.align	2
 205              		.global	cyfitter_cfg
 206              		.code	16
 207              		.thumb_func
 208              		.type	cyfitter_cfg, %function
 209              	cyfitter_cfg:
 210              	.LFB7:
 217:.\Generated_Source\PSoC4/cyfitter_cfg.c **** 
 218:.\Generated_Source\PSoC4/cyfitter_cfg.c **** #define CY_AMUX_UNUSED CYREG_CM0_ROM_DWT
 219:.\Generated_Source\PSoC4/cyfitter_cfg.c **** 
 220:.\Generated_Source\PSoC4/cyfitter_cfg.c **** 
 221:.\Generated_Source\PSoC4/cyfitter_cfg.c **** /*******************************************************************************
ARM GAS  C:\Users\Henry\AppData\Local\Temp\ccKfIU8D.s 			page 9


 222:.\Generated_Source\PSoC4/cyfitter_cfg.c **** * Function Name: cyfitter_cfg
 223:.\Generated_Source\PSoC4/cyfitter_cfg.c **** ********************************************************************************
 224:.\Generated_Source\PSoC4/cyfitter_cfg.c **** * Summary:
 225:.\Generated_Source\PSoC4/cyfitter_cfg.c **** *  This function is called by the start-up code for the selected device. It
 226:.\Generated_Source\PSoC4/cyfitter_cfg.c **** *  performs all of the necessary device configuration based on the design
 227:.\Generated_Source\PSoC4/cyfitter_cfg.c **** *  settings.  This includes settings from the Design Wide Resources (DWR) such
 228:.\Generated_Source\PSoC4/cyfitter_cfg.c **** *  as Clocks and Pins as well as any component configuration that is necessary.
 229:.\Generated_Source\PSoC4/cyfitter_cfg.c **** *
 230:.\Generated_Source\PSoC4/cyfitter_cfg.c **** * Parameters:  
 231:.\Generated_Source\PSoC4/cyfitter_cfg.c **** *   void
 232:.\Generated_Source\PSoC4/cyfitter_cfg.c **** *
 233:.\Generated_Source\PSoC4/cyfitter_cfg.c **** * Return:
 234:.\Generated_Source\PSoC4/cyfitter_cfg.c **** *   void
 235:.\Generated_Source\PSoC4/cyfitter_cfg.c **** *
 236:.\Generated_Source\PSoC4/cyfitter_cfg.c **** *******************************************************************************/
 237:.\Generated_Source\PSoC4/cyfitter_cfg.c **** CY_CFG_SECTION
 238:.\Generated_Source\PSoC4/cyfitter_cfg.c **** void cyfitter_cfg(void)
 239:.\Generated_Source\PSoC4/cyfitter_cfg.c **** {
 211              		.loc 1 239 0
 212              		.cfi_startproc
 213 00d0 10B5     		push	{r4, lr}
 214              		.cfi_def_cfa_offset 8
 215              		.cfi_offset 4, -8
 216              		.cfi_offset 14, -4
 240:.\Generated_Source\PSoC4/cyfitter_cfg.c **** 	/* Disable interrupts by default. Let user enable if/when they want. */
 241:.\Generated_Source\PSoC4/cyfitter_cfg.c **** 	CyGlobalIntDisable;
 217              		.loc 1 241 0
 218              	@ 241 ".\Generated_Source\PSoC4\cyfitter_cfg.c" 1
 219 00d2 72B6     		CPSID   i
 220              	@ 0 "" 2
 242:.\Generated_Source\PSoC4/cyfitter_cfg.c **** 
 243:.\Generated_Source\PSoC4/cyfitter_cfg.c **** 	CY_SET_XTND_REG32((void CYFAR *)(CYREG_BLE_BLESS_LL_DSM_CTRL), 0x00000000u);
 221              		.loc 1 243 0
 222              		.code	16
 223 00d4 0022     		mov	r2, #0
 224 00d6 1D4B     		ldr	r3, .L11
 225 00d8 1A60     		str	r2, [r3]
 226              	.LVL11:
 227              	.LBB2:
 244:.\Generated_Source\PSoC4/cyfitter_cfg.c **** 
 245:.\Generated_Source\PSoC4/cyfitter_cfg.c **** 	{
 246:.\Generated_Source\PSoC4/cyfitter_cfg.c **** 
 247:.\Generated_Source\PSoC4/cyfitter_cfg.c **** 		CYPACKED typedef struct {
 248:.\Generated_Source\PSoC4/cyfitter_cfg.c **** 			void CYFAR *address;
 249:.\Generated_Source\PSoC4/cyfitter_cfg.c **** 			uint16 size;
 250:.\Generated_Source\PSoC4/cyfitter_cfg.c **** 		} CYPACKED_ATTR cfg_memset_t;
 251:.\Generated_Source\PSoC4/cyfitter_cfg.c **** 
 252:.\Generated_Source\PSoC4/cyfitter_cfg.c **** 		static const cfg_memset_t CYCODE cfg_memset_list [] = {
 253:.\Generated_Source\PSoC4/cyfitter_cfg.c **** 			/* address, size */
 254:.\Generated_Source\PSoC4/cyfitter_cfg.c **** 			{(void CYFAR *)(CYDEV_UDB_P0_U0_BASE), 1024u},
 255:.\Generated_Source\PSoC4/cyfitter_cfg.c **** 			{(void CYFAR *)(CYDEV_UDB_DSI0_BASE), 1024u},
 256:.\Generated_Source\PSoC4/cyfitter_cfg.c **** 		};
 257:.\Generated_Source\PSoC4/cyfitter_cfg.c **** 
 258:.\Generated_Source\PSoC4/cyfitter_cfg.c **** 		uint8 CYDATA i;
 259:.\Generated_Source\PSoC4/cyfitter_cfg.c **** 
 260:.\Generated_Source\PSoC4/cyfitter_cfg.c **** 		/* Zero out critical memory blocks before beginning configuration */
 261:.\Generated_Source\PSoC4/cyfitter_cfg.c **** 		for (i = 0u; i < (sizeof(cfg_memset_list)/sizeof(cfg_memset_list[0])); i++)
ARM GAS  C:\Users\Henry\AppData\Local\Temp\ccKfIU8D.s 			page 10


 228              		.loc 1 261 0
 229 00da 0024     		mov	r4, #0
 230 00dc 10E0     		b	.L9
 231              	.LVL12:
 232              	.L10:
 233              	.LBB3:
 262:.\Generated_Source\PSoC4/cyfitter_cfg.c **** 		{
 263:.\Generated_Source\PSoC4/cyfitter_cfg.c **** 			const cfg_memset_t CYCODE * CYDATA ms = &cfg_memset_list[i];
 264:.\Generated_Source\PSoC4/cyfitter_cfg.c **** 			CYMEMZERO(ms->address, (size_t)(uint32)(ms->size));
 234              		.loc 1 264 0 discriminator 3
 235 00de 1C48     		ldr	r0, .L11+4
 236 00e0 6300     		lsl	r3, r4, #1
 237 00e2 1A19     		add	r2, r3, r4
 238 00e4 5200     		lsl	r2, r2, #1
 239 00e6 8218     		add	r2, r0, r2
 240 00e8 9188     		ldrh	r1, [r2, #4]
 241 00ea 1B19     		add	r3, r3, r4
 242 00ec 5B00     		lsl	r3, r3, #1
 243 00ee 1A5A     		ldrh	r2, [r3, r0]
 244 00f0 C318     		add	r3, r0, r3
 245 00f2 5888     		ldrh	r0, [r3, #2]
 246 00f4 0004     		lsl	r0, r0, #16
 247 00f6 1043     		orr	r0, r2
 248 00f8 FFF7FEFF 		bl	CYMEMZERO
 249              	.LVL13:
 250              	.LBE3:
 261:.\Generated_Source\PSoC4/cyfitter_cfg.c **** 		{
 251              		.loc 1 261 0 discriminator 3
 252 00fc 0134     		add	r4, r4, #1
 253              	.LVL14:
 254 00fe E4B2     		uxtb	r4, r4
 255              	.LVL15:
 256              	.L9:
 261:.\Generated_Source\PSoC4/cyfitter_cfg.c **** 		{
 257              		.loc 1 261 0 is_stmt 0 discriminator 1
 258 0100 012C     		cmp	r4, #1
 259 0102 ECD9     		bls	.L10
 265:.\Generated_Source\PSoC4/cyfitter_cfg.c **** 		}
 266:.\Generated_Source\PSoC4/cyfitter_cfg.c **** 
 267:.\Generated_Source\PSoC4/cyfitter_cfg.c **** 		/* HSIOM Starting address: CYDEV_HSIOM_BASE */
 268:.\Generated_Source\PSoC4/cyfitter_cfg.c **** 		CY_SET_XTND_REG32((void CYFAR *)(CYDEV_HSIOM_BASE), 0xEE990000u);
 260              		.loc 1 268 0 is_stmt 1
 261 0104 134A     		ldr	r2, .L11+8
 262 0106 144B     		ldr	r3, .L11+12
 263 0108 1A60     		str	r2, [r3]
 269:.\Generated_Source\PSoC4/cyfitter_cfg.c **** 
 270:.\Generated_Source\PSoC4/cyfitter_cfg.c **** 		/* UDB_PA_0 Starting address: CYDEV_UDB_PA0_BASE */
 271:.\Generated_Source\PSoC4/cyfitter_cfg.c **** 		CY_SET_XTND_REG32((void CYFAR *)(CYDEV_UDB_PA0_BASE), 0x00990000u);
 264              		.loc 1 271 0
 265 010a 9922     		mov	r2, #153
 266 010c 1204     		lsl	r2, r2, #16
 267 010e 134B     		ldr	r3, .L11+16
 268 0110 1A60     		str	r2, [r3]
 272:.\Generated_Source\PSoC4/cyfitter_cfg.c **** 
 273:.\Generated_Source\PSoC4/cyfitter_cfg.c **** 		/* Enable digital routing */
 274:.\Generated_Source\PSoC4/cyfitter_cfg.c **** 		CY_SET_XTND_REG8((void *)CYREG_UDB_UDBIF_BANK_CTL, CY_GET_XTND_REG8((void *)CYREG_UDB_UDBIF_BANK_
 269              		.loc 1 274 0
ARM GAS  C:\Users\Henry\AppData\Local\Temp\ccKfIU8D.s 			page 11


 270 0112 134B     		ldr	r3, .L11+20
 271 0114 1978     		ldrb	r1, [r3]
 272 0116 0222     		mov	r2, #2
 273 0118 0A43     		orr	r2, r1
 274 011a 1A70     		strb	r2, [r3]
 275:.\Generated_Source\PSoC4/cyfitter_cfg.c **** 
 276:.\Generated_Source\PSoC4/cyfitter_cfg.c **** 		/* Enable UDB array */
 277:.\Generated_Source\PSoC4/cyfitter_cfg.c **** 		CY_SET_XTND_REG8((void *)CYREG_UDB_UDBIF_WAIT_CFG, (uint8)((CY_GET_XTND_REG8((void *)CYREG_UDB_UD
 275              		.loc 1 277 0
 276 011c 1148     		ldr	r0, .L11+24
 277 011e 0278     		ldrb	r2, [r0]
 278 0120 3C21     		mov	r1, #60
 279 0122 8A43     		bic	r2, r1
 280 0124 2839     		sub	r1, r1, #40
 281 0126 0A43     		orr	r2, r1
 282 0128 0270     		strb	r2, [r0]
 278:.\Generated_Source\PSoC4/cyfitter_cfg.c **** 		CY_SET_XTND_REG8((void *)CYREG_UDB_UDBIF_BANK_CTL, (uint8)(CY_GET_XTND_REG8((void *)CYREG_UDB_UDB
 283              		.loc 1 278 0
 284 012a 1978     		ldrb	r1, [r3]
 285 012c 1622     		mov	r2, #22
 286 012e 0A43     		orr	r2, r1
 287 0130 1A70     		strb	r2, [r3]
 288              	.LBE2:
 279:.\Generated_Source\PSoC4/cyfitter_cfg.c **** 	}
 280:.\Generated_Source\PSoC4/cyfitter_cfg.c **** 
 281:.\Generated_Source\PSoC4/cyfitter_cfg.c **** 	/* Perform second pass device configuration. These items must be configured in specific order afte
 282:.\Generated_Source\PSoC4/cyfitter_cfg.c **** 	/* IOPINS0_0 Starting address: CYDEV_GPIO_PRT0_BASE */
 283:.\Generated_Source\PSoC4/cyfitter_cfg.c **** 	CY_SET_XTND_REG32((void CYFAR *)(CYDEV_GPIO_PRT0_BASE), 0x00000020u);
 289              		.loc 1 283 0
 290 0132 2023     		mov	r3, #32
 291 0134 0C4A     		ldr	r2, .L11+28
 292 0136 1360     		str	r3, [r2]
 284:.\Generated_Source\PSoC4/cyfitter_cfg.c **** 	CY_SET_XTND_REG32((void CYFAR *)(CYREG_GPIO_PRT0_PC), 0x00DB1000u);
 293              		.loc 1 284 0
 294 0138 0C49     		ldr	r1, .L11+32
 295 013a 0D4A     		ldr	r2, .L11+36
 296 013c 1160     		str	r1, [r2]
 285:.\Generated_Source\PSoC4/cyfitter_cfg.c **** 	CY_SET_XTND_REG32((void CYFAR *)(CYREG_GPIO_PRT0_PC2), 0x00000020u);
 297              		.loc 1 285 0
 298 013e 0D4A     		ldr	r2, .L11+40
 299 0140 1360     		str	r3, [r2]
 286:.\Generated_Source\PSoC4/cyfitter_cfg.c **** 
 287:.\Generated_Source\PSoC4/cyfitter_cfg.c **** 	/* Setup clocks based on selections from Clock DWR */
 288:.\Generated_Source\PSoC4/cyfitter_cfg.c **** 	ClockSetup();
 300              		.loc 1 288 0
 301 0142 FFF75DFF 		bl	ClockSetup
 302              	.LVL16:
 289:.\Generated_Source\PSoC4/cyfitter_cfg.c **** 
 290:.\Generated_Source\PSoC4/cyfitter_cfg.c **** 	/* Perform basic analog initialization to defaults */
 291:.\Generated_Source\PSoC4/cyfitter_cfg.c **** 	AnalogSetDefault();
 303              		.loc 1 291 0
 304 0146 FFF7FEFF 		bl	AnalogSetDefault
 305              	.LVL17:
 292:.\Generated_Source\PSoC4/cyfitter_cfg.c **** 
 293:.\Generated_Source\PSoC4/cyfitter_cfg.c **** }
 306              		.loc 1 293 0
 307              		@ sp needed
ARM GAS  C:\Users\Henry\AppData\Local\Temp\ccKfIU8D.s 			page 12


 308              	.LVL18:
 309 014a 10BD     		pop	{r4, pc}
 310              	.L12:
 311              		.align	2
 312              	.L11:
 313 014c 6CF02E40 		.word	1076818028
 314 0150 00000000 		.word	.LANCHOR0
 315 0154 000099EE 		.word	-291962880
 316 0158 00000240 		.word	1073872896
 317 015c 00500F40 		.word	1074745344
 318 0160 00700F40 		.word	1074753536
 319 0164 01700F40 		.word	1074753537
 320 0168 00000440 		.word	1074003968
 321 016c 0010DB00 		.word	14356480
 322 0170 08000440 		.word	1074003976
 323 0174 18000440 		.word	1074003992
 324              		.cfi_endproc
 325              	.LFE7:
 326              		.size	cyfitter_cfg, .-cyfitter_cfg
 327              		.section	.rodata
 328              		.align	2
 329              		.set	.LANCHOR0,. + 0
 330              		.type	cfg_memset_list.4742, %object
 331              		.size	cfg_memset_list.4742, 12
 332              	cfg_memset_list.4742:
 333 0000 00300F40 		.word	1074737152
 334 0004 0004     		.short	1024
 335 0006 00400F40 		.4byte	1074741248
 336 000a 0004     		.short	1024
 337              		.text
 338              	.Letext0:
 339              		.file 2 "c:\\program files (x86)\\cypress\\psoc creator\\3.3\\psoc creator\\import\\gnu\\arm\\4.9.
 340              		.file 3 ".\\Generated_Source\\PSoC4\\cytypes.h"
 341              		.file 4 ".\\Generated_Source\\PSoC4\\CyLib.h"
 342              		.file 5 ".\\Generated_Source\\PSoC4\\CyLFClk.h"
 343              		.section	.debug_info,"",%progbits
 344              	.Ldebug_info0:
 345 0000 65030000 		.4byte	0x365
 346 0004 0400     		.2byte	0x4
 347 0006 00000000 		.4byte	.Ldebug_abbrev0
 348 000a 04       		.byte	0x4
 349 000b 01       		.uleb128 0x1
 350 000c 07020000 		.4byte	.LASF34
 351 0010 01       		.byte	0x1
 352 0011 A8010000 		.4byte	.LASF35
 353 0015 69000000 		.4byte	.LASF36
 354 0019 00000000 		.4byte	.Ldebug_ranges0+0
 355 001d 00000000 		.4byte	0
 356 0021 00000000 		.4byte	.Ldebug_line0
 357 0025 02       		.uleb128 0x2
 358 0026 04       		.byte	0x4
 359 0027 05       		.byte	0x5
 360 0028 696E7400 		.ascii	"int\000"
 361 002c 03       		.uleb128 0x3
 362 002d 14000000 		.4byte	.LASF11
 363 0031 02       		.byte	0x2
 364 0032 D4       		.byte	0xd4
ARM GAS  C:\Users\Henry\AppData\Local\Temp\ccKfIU8D.s 			page 13


 365 0033 37000000 		.4byte	0x37
 366 0037 04       		.uleb128 0x4
 367 0038 04       		.byte	0x4
 368 0039 07       		.byte	0x7
 369 003a 55010000 		.4byte	.LASF0
 370 003e 04       		.uleb128 0x4
 371 003f 01       		.byte	0x1
 372 0040 06       		.byte	0x6
 373 0041 BD020000 		.4byte	.LASF1
 374 0045 04       		.uleb128 0x4
 375 0046 01       		.byte	0x1
 376 0047 08       		.byte	0x8
 377 0048 16010000 		.4byte	.LASF2
 378 004c 04       		.uleb128 0x4
 379 004d 02       		.byte	0x2
 380 004e 05       		.byte	0x5
 381 004f 95020000 		.4byte	.LASF3
 382 0053 04       		.uleb128 0x4
 383 0054 02       		.byte	0x2
 384 0055 07       		.byte	0x7
 385 0056 56000000 		.4byte	.LASF4
 386 005a 04       		.uleb128 0x4
 387 005b 04       		.byte	0x4
 388 005c 05       		.byte	0x5
 389 005d B4020000 		.4byte	.LASF5
 390 0061 04       		.uleb128 0x4
 391 0062 04       		.byte	0x4
 392 0063 07       		.byte	0x7
 393 0064 E3000000 		.4byte	.LASF6
 394 0068 04       		.uleb128 0x4
 395 0069 08       		.byte	0x8
 396 006a 05       		.byte	0x5
 397 006b D9010000 		.4byte	.LASF7
 398 006f 04       		.uleb128 0x4
 399 0070 08       		.byte	0x8
 400 0071 07       		.byte	0x7
 401 0072 77010000 		.4byte	.LASF8
 402 0076 04       		.uleb128 0x4
 403 0077 04       		.byte	0x4
 404 0078 07       		.byte	0x7
 405 0079 D0010000 		.4byte	.LASF9
 406 007d 05       		.uleb128 0x5
 407 007e 04       		.byte	0x4
 408 007f 06       		.uleb128 0x6
 409 0080 04       		.byte	0x4
 410 0081 85000000 		.4byte	0x85
 411 0085 07       		.uleb128 0x7
 412 0086 04       		.uleb128 0x4
 413 0087 01       		.byte	0x1
 414 0088 08       		.byte	0x8
 415 0089 F1010000 		.4byte	.LASF10
 416 008d 03       		.uleb128 0x3
 417 008e F5000000 		.4byte	.LASF12
 418 0092 03       		.byte	0x3
 419 0093 C2       		.byte	0xc2
 420 0094 45000000 		.4byte	0x45
 421 0098 03       		.uleb128 0x3
ARM GAS  C:\Users\Henry\AppData\Local\Temp\ccKfIU8D.s 			page 14


 422 0099 3E010000 		.4byte	.LASF13
 423 009d 03       		.byte	0x3
 424 009e C3       		.byte	0xc3
 425 009f 53000000 		.4byte	0x53
 426 00a3 03       		.uleb128 0x3
 427 00a4 4E010000 		.4byte	.LASF14
 428 00a8 03       		.byte	0x3
 429 00a9 C4       		.byte	0xc4
 430 00aa 61000000 		.4byte	0x61
 431 00ae 04       		.uleb128 0x4
 432 00af 04       		.byte	0x4
 433 00b0 04       		.byte	0x4
 434 00b1 BB000000 		.4byte	.LASF15
 435 00b5 04       		.uleb128 0x4
 436 00b6 08       		.byte	0x8
 437 00b7 04       		.byte	0x4
 438 00b8 2B010000 		.4byte	.LASF16
 439 00bc 08       		.uleb128 0x8
 440 00bd 45010000 		.4byte	.LASF17
 441 00c1 03       		.byte	0x3
 442 00c2 6401     		.2byte	0x164
 443 00c4 61000000 		.4byte	0x61
 444 00c8 08       		.uleb128 0x8
 445 00c9 DE000000 		.4byte	.LASF18
 446 00cd 03       		.byte	0x3
 447 00ce 6C01     		.2byte	0x16c
 448 00d0 D4000000 		.4byte	0xd4
 449 00d4 09       		.uleb128 0x9
 450 00d5 8D000000 		.4byte	0x8d
 451 00d9 08       		.uleb128 0x8
 452 00da 0E000000 		.4byte	.LASF19
 453 00de 03       		.byte	0x3
 454 00df 6E01     		.2byte	0x16e
 455 00e1 E5000000 		.4byte	0xe5
 456 00e5 09       		.uleb128 0x9
 457 00e6 A3000000 		.4byte	0xa3
 458 00ea 08       		.uleb128 0x8
 459 00eb 8E010000 		.4byte	.LASF20
 460 00ef 03       		.byte	0x3
 461 00f0 7E01     		.2byte	0x17e
 462 00f2 7F000000 		.4byte	0x7f
 463 00f6 0A       		.uleb128 0xa
 464 00f7 1B000000 		.4byte	.LASF37
 465 00fb 01       		.byte	0x1
 466 00fc D3       		.byte	0xd3
 467 00fd 00000000 		.4byte	.LFB6
 468 0101 20000000 		.4byte	.LFE6-.LFB6
 469 0105 01       		.uleb128 0x1
 470 0106 9C       		.byte	0x9c
 471 0107 0B       		.uleb128 0xb
 472 0108 0C010000 		.4byte	.LASF21
 473 010c 01       		.byte	0x1
 474 010d 3B       		.byte	0x3b
 475 010e 00000000 		.4byte	.LFB2
 476 0112 0C000000 		.4byte	.LFE2-.LFB2
 477 0116 01       		.uleb128 0x1
 478 0117 9C       		.byte	0x9c
ARM GAS  C:\Users\Henry\AppData\Local\Temp\ccKfIU8D.s 			page 15


 479 0118 54010000 		.4byte	0x154
 480 011c 0C       		.uleb128 0xc
 481 011d 7300     		.ascii	"s\000"
 482 011f 01       		.byte	0x1
 483 0120 3B       		.byte	0x3b
 484 0121 7D000000 		.4byte	0x7d
 485 0125 00000000 		.4byte	.LLST0
 486 0129 0C       		.uleb128 0xc
 487 012a 6E00     		.ascii	"n\000"
 488 012c 01       		.byte	0x1
 489 012d 3B       		.byte	0x3b
 490 012e 2C000000 		.4byte	0x2c
 491 0132 21000000 		.4byte	.LLST1
 492 0136 0D       		.uleb128 0xd
 493 0137 0A000000 		.4byte	.LVL2
 494 013b C0020000 		.4byte	0x2c0
 495 013f 0E       		.uleb128 0xe
 496 0140 01       		.uleb128 0x1
 497 0141 52       		.byte	0x52
 498 0142 03       		.uleb128 0x3
 499 0143 F3       		.byte	0xf3
 500 0144 01       		.uleb128 0x1
 501 0145 51       		.byte	0x51
 502 0146 0E       		.uleb128 0xe
 503 0147 01       		.uleb128 0x1
 504 0148 51       		.byte	0x51
 505 0149 01       		.uleb128 0x1
 506 014a 30       		.byte	0x30
 507 014b 0E       		.uleb128 0xe
 508 014c 01       		.uleb128 0x1
 509 014d 50       		.byte	0x50
 510 014e 03       		.uleb128 0x3
 511 014f F3       		.byte	0xf3
 512 0150 01       		.uleb128 0x1
 513 0151 50       		.byte	0x50
 514 0152 00       		.byte	0
 515 0153 00       		.byte	0
 516 0154 0B       		.uleb128 0xb
 517 0155 4B000000 		.4byte	.LASF22
 518 0159 01       		.byte	0x1
 519 015a 90       		.byte	0x90
 520 015b 00000000 		.4byte	.LFB5
 521 015f D0000000 		.4byte	.LFE5-.LFB5
 522 0163 01       		.uleb128 0x1
 523 0164 9C       		.byte	0x9c
 524 0165 FD010000 		.4byte	0x1fd
 525 0169 0F       		.uleb128 0xf
 526 016a 0C000000 		.4byte	.LVL3
 527 016e DD020000 		.4byte	0x2dd
 528 0172 10       		.uleb128 0x10
 529 0173 12000000 		.4byte	.LVL4
 530 0177 E4020000 		.4byte	0x2e4
 531 017b 89010000 		.4byte	0x189
 532 017f 0E       		.uleb128 0xe
 533 0180 01       		.uleb128 0x1
 534 0181 50       		.byte	0x50
 535 0182 05       		.uleb128 0x5
ARM GAS  C:\Users\Henry\AppData\Local\Temp\ccKfIU8D.s 			page 16


 536 0183 0C       		.byte	0xc
 537 0184 001BB700 		.4byte	0xb71b00
 538 0188 00       		.byte	0
 539 0189 10       		.uleb128 0x10
 540 018a 18000000 		.4byte	.LVL5
 541 018e F5020000 		.4byte	0x2f5
 542 0192 9C010000 		.4byte	0x19c
 543 0196 0E       		.uleb128 0xe
 544 0197 01       		.uleb128 0x1
 545 0198 50       		.byte	0x50
 546 0199 01       		.uleb128 0x1
 547 019a 31       		.byte	0x31
 548 019b 00       		.byte	0
 549 019c 10       		.uleb128 0x10
 550 019d 1E000000 		.4byte	.LVL6
 551 01a1 0A030000 		.4byte	0x30a
 552 01a5 B0010000 		.4byte	0x1b0
 553 01a9 0E       		.uleb128 0xe
 554 01aa 01       		.uleb128 0x1
 555 01ab 50       		.byte	0x50
 556 01ac 02       		.uleb128 0x2
 557 01ad 08       		.byte	0x8
 558 01ae 30       		.byte	0x30
 559 01af 00       		.byte	0
 560 01b0 10       		.uleb128 0x10
 561 01b1 4E000000 		.4byte	.LVL7
 562 01b5 1B030000 		.4byte	0x31b
 563 01b9 C5010000 		.4byte	0x1c5
 564 01bd 0E       		.uleb128 0xe
 565 01be 01       		.uleb128 0x1
 566 01bf 50       		.byte	0x50
 567 01c0 03       		.uleb128 0x3
 568 01c1 0A       		.byte	0xa
 569 01c2 D007     		.2byte	0x7d0
 570 01c4 00       		.byte	0
 571 01c5 10       		.uleb128 0x10
 572 01c6 54000000 		.4byte	.LVL8
 573 01ca 30030000 		.4byte	0x330
 574 01ce DA010000 		.4byte	0x1da
 575 01d2 0E       		.uleb128 0xe
 576 01d3 01       		.uleb128 0x1
 577 01d4 50       		.byte	0x50
 578 01d5 03       		.uleb128 0x3
 579 01d6 0A       		.byte	0xa
 580 01d7 DC05     		.2byte	0x5dc
 581 01d9 00       		.byte	0
 582 01da 10       		.uleb128 0x10
 583 01db 80000000 		.4byte	.LVL9
 584 01df 41030000 		.4byte	0x341
 585 01e3 ED010000 		.4byte	0x1ed
 586 01e7 0E       		.uleb128 0xe
 587 01e8 01       		.uleb128 0x1
 588 01e9 50       		.byte	0x50
 589 01ea 01       		.uleb128 0x1
 590 01eb 38       		.byte	0x38
 591 01ec 00       		.byte	0
 592 01ed 0D       		.uleb128 0xd
ARM GAS  C:\Users\Henry\AppData\Local\Temp\ccKfIU8D.s 			page 17


 593 01ee 86000000 		.4byte	.LVL10
 594 01f2 5B030000 		.4byte	0x35b
 595 01f6 0E       		.uleb128 0xe
 596 01f7 01       		.uleb128 0x1
 597 01f8 50       		.byte	0x50
 598 01f9 01       		.uleb128 0x1
 599 01fa 38       		.byte	0x38
 600 01fb 00       		.byte	0
 601 01fc 00       		.byte	0
 602 01fd 11       		.uleb128 0x11
 603 01fe 62010000 		.4byte	.LASF38
 604 0202 01       		.byte	0x1
 605 0203 EE       		.byte	0xee
 606 0204 D0000000 		.4byte	.LFB7
 607 0208 A8000000 		.4byte	.LFE7-.LFB7
 608 020c 01       		.uleb128 0x1
 609 020d 9C       		.byte	0x9c
 610 020e C0020000 		.4byte	0x2c0
 611 0212 12       		.uleb128 0x12
 612 0213 DA000000 		.4byte	.LBB2
 613 0217 58000000 		.4byte	.LBE2-.LBB2
 614 021b AD020000 		.4byte	0x2ad
 615 021f 13       		.uleb128 0x13
 616 0220 06       		.byte	0x6
 617 0221 01       		.byte	0x1
 618 0222 F7       		.byte	0xf7
 619 0223 40020000 		.4byte	0x240
 620 0227 14       		.uleb128 0x14
 621 0228 6F010000 		.4byte	.LASF23
 622 022c 01       		.byte	0x1
 623 022d F8       		.byte	0xf8
 624 022e 7D000000 		.4byte	0x7d
 625 0232 00       		.byte	0
 626 0233 14       		.uleb128 0x14
 627 0234 C1000000 		.4byte	.LASF24
 628 0238 01       		.byte	0x1
 629 0239 F9       		.byte	0xf9
 630 023a 98000000 		.4byte	0x98
 631 023e 04       		.byte	0x4
 632 023f 00       		.byte	0
 633 0240 03       		.uleb128 0x3
 634 0241 9B010000 		.4byte	.LASF25
 635 0245 01       		.byte	0x1
 636 0246 FA       		.byte	0xfa
 637 0247 1F020000 		.4byte	0x21f
 638 024b 15       		.uleb128 0x15
 639 024c 40020000 		.4byte	0x240
 640 0250 5B020000 		.4byte	0x25b
 641 0254 16       		.uleb128 0x16
 642 0255 76000000 		.4byte	0x76
 643 0259 01       		.byte	0x1
 644 025a 00       		.byte	0
 645 025b 17       		.uleb128 0x17
 646 025c 3B000000 		.4byte	.LASF26
 647 0260 01       		.byte	0x1
 648 0261 FC       		.byte	0xfc
 649 0262 6C020000 		.4byte	0x26c
ARM GAS  C:\Users\Henry\AppData\Local\Temp\ccKfIU8D.s 			page 18


 650 0266 05       		.uleb128 0x5
 651 0267 03       		.byte	0x3
 652 0268 00000000 		.4byte	cfg_memset_list.4742
 653 026c 18       		.uleb128 0x18
 654 026d 4B020000 		.4byte	0x24b
 655 0271 19       		.uleb128 0x19
 656 0272 6900     		.ascii	"i\000"
 657 0274 01       		.byte	0x1
 658 0275 0201     		.2byte	0x102
 659 0277 8D000000 		.4byte	0x8d
 660 027b 4D000000 		.4byte	.LLST2
 661 027f 1A       		.uleb128 0x1a
 662 0280 DE000000 		.4byte	.LBB3
 663 0284 1E000000 		.4byte	.LBE3-.LBB3
 664 0288 19       		.uleb128 0x19
 665 0289 6D7300   		.ascii	"ms\000"
 666 028c 01       		.byte	0x1
 667 028d 0701     		.2byte	0x107
 668 028f 97020000 		.4byte	0x297
 669 0293 77000000 		.4byte	.LLST3
 670 0297 06       		.uleb128 0x6
 671 0298 04       		.byte	0x4
 672 0299 9D020000 		.4byte	0x29d
 673 029d 18       		.uleb128 0x18
 674 029e 40020000 		.4byte	0x240
 675 02a2 0F       		.uleb128 0xf
 676 02a3 FC000000 		.4byte	.LVL13
 677 02a7 07010000 		.4byte	0x107
 678 02ab 00       		.byte	0
 679 02ac 00       		.byte	0
 680 02ad 0F       		.uleb128 0xf
 681 02ae 46010000 		.4byte	.LVL16
 682 02b2 54010000 		.4byte	0x154
 683 02b6 0F       		.uleb128 0xf
 684 02b7 4A010000 		.4byte	.LVL17
 685 02bb F6000000 		.4byte	0xf6
 686 02bf 00       		.byte	0
 687 02c0 1B       		.uleb128 0x1b
 688 02c1 24010000 		.4byte	.LASF27
 689 02c5 7D000000 		.4byte	0x7d
 690 02c9 DD020000 		.4byte	0x2dd
 691 02cd 1C       		.uleb128 0x1c
 692 02ce 7D000000 		.4byte	0x7d
 693 02d2 1C       		.uleb128 0x1c
 694 02d3 25000000 		.4byte	0x25
 695 02d7 1C       		.uleb128 0x1c
 696 02d8 76000000 		.4byte	0x76
 697 02dc 00       		.byte	0
 698 02dd 1D       		.uleb128 0x1d
 699 02de FB000000 		.4byte	.LASF39
 700 02e2 05       		.byte	0x5
 701 02e3 25       		.byte	0x25
 702 02e4 1E       		.uleb128 0x1e
 703 02e5 00000000 		.4byte	.LASF28
 704 02e9 04       		.byte	0x4
 705 02ea 5A       		.byte	0x5a
 706 02eb F5020000 		.4byte	0x2f5
ARM GAS  C:\Users\Henry\AppData\Local\Temp\ccKfIU8D.s 			page 19


 707 02ef 1C       		.uleb128 0x1c
 708 02f0 A3000000 		.4byte	0xa3
 709 02f4 00       		.byte	0
 710 02f5 1F       		.uleb128 0x1f
 711 02f6 C6000000 		.4byte	.LASF30
 712 02fa 05       		.byte	0x5
 713 02fb 27       		.byte	0x27
 714 02fc A3000000 		.4byte	0xa3
 715 0300 0A030000 		.4byte	0x30a
 716 0304 1C       		.uleb128 0x1c
 717 0305 A3000000 		.4byte	0xa3
 718 0309 00       		.byte	0
 719 030a 1E       		.uleb128 0x1e
 720 030b 9F020000 		.4byte	.LASF29
 721 030f 04       		.byte	0x4
 722 0310 31       		.byte	0x31
 723 0311 1B030000 		.4byte	0x31b
 724 0315 1C       		.uleb128 0x1c
 725 0316 A3000000 		.4byte	0xa3
 726 031a 00       		.byte	0
 727 031b 1F       		.uleb128 0x1f
 728 031c F6010000 		.4byte	.LASF31
 729 0320 04       		.byte	0x4
 730 0321 84       		.byte	0x84
 731 0322 BC000000 		.4byte	0xbc
 732 0326 30030000 		.4byte	0x330
 733 032a 1C       		.uleb128 0x1c
 734 032b A3000000 		.4byte	0xa3
 735 032f 00       		.byte	0
 736 0330 1E       		.uleb128 0x1e
 737 0331 E7010000 		.4byte	.LASF32
 738 0335 04       		.byte	0x4
 739 0336 58       		.byte	0x58
 740 0337 41030000 		.4byte	0x341
 741 033b 1C       		.uleb128 0x1c
 742 033c 98000000 		.4byte	0x98
 743 0340 00       		.byte	0
 744 0341 1F       		.uleb128 0x1f
 745 0342 2C000000 		.4byte	.LASF33
 746 0346 04       		.byte	0x4
 747 0347 46       		.byte	0x46
 748 0348 EA000000 		.4byte	0xea
 749 034c 5B030000 		.4byte	0x35b
 750 0350 1C       		.uleb128 0x1c
 751 0351 8D000000 		.4byte	0x8d
 752 0355 1C       		.uleb128 0x1c
 753 0356 EA000000 		.4byte	0xea
 754 035a 00       		.byte	0
 755 035b 20       		.uleb128 0x20
 756 035c 32010000 		.4byte	.LASF40
 757 0360 04       		.byte	0x4
 758 0361 4C       		.byte	0x4c
 759 0362 1C       		.uleb128 0x1c
 760 0363 8D000000 		.4byte	0x8d
 761 0367 00       		.byte	0
 762 0368 00       		.byte	0
 763              		.section	.debug_abbrev,"",%progbits
ARM GAS  C:\Users\Henry\AppData\Local\Temp\ccKfIU8D.s 			page 20


 764              	.Ldebug_abbrev0:
 765 0000 01       		.uleb128 0x1
 766 0001 11       		.uleb128 0x11
 767 0002 01       		.byte	0x1
 768 0003 25       		.uleb128 0x25
 769 0004 0E       		.uleb128 0xe
 770 0005 13       		.uleb128 0x13
 771 0006 0B       		.uleb128 0xb
 772 0007 03       		.uleb128 0x3
 773 0008 0E       		.uleb128 0xe
 774 0009 1B       		.uleb128 0x1b
 775 000a 0E       		.uleb128 0xe
 776 000b 55       		.uleb128 0x55
 777 000c 17       		.uleb128 0x17
 778 000d 11       		.uleb128 0x11
 779 000e 01       		.uleb128 0x1
 780 000f 10       		.uleb128 0x10
 781 0010 17       		.uleb128 0x17
 782 0011 00       		.byte	0
 783 0012 00       		.byte	0
 784 0013 02       		.uleb128 0x2
 785 0014 24       		.uleb128 0x24
 786 0015 00       		.byte	0
 787 0016 0B       		.uleb128 0xb
 788 0017 0B       		.uleb128 0xb
 789 0018 3E       		.uleb128 0x3e
 790 0019 0B       		.uleb128 0xb
 791 001a 03       		.uleb128 0x3
 792 001b 08       		.uleb128 0x8
 793 001c 00       		.byte	0
 794 001d 00       		.byte	0
 795 001e 03       		.uleb128 0x3
 796 001f 16       		.uleb128 0x16
 797 0020 00       		.byte	0
 798 0021 03       		.uleb128 0x3
 799 0022 0E       		.uleb128 0xe
 800 0023 3A       		.uleb128 0x3a
 801 0024 0B       		.uleb128 0xb
 802 0025 3B       		.uleb128 0x3b
 803 0026 0B       		.uleb128 0xb
 804 0027 49       		.uleb128 0x49
 805 0028 13       		.uleb128 0x13
 806 0029 00       		.byte	0
 807 002a 00       		.byte	0
 808 002b 04       		.uleb128 0x4
 809 002c 24       		.uleb128 0x24
 810 002d 00       		.byte	0
 811 002e 0B       		.uleb128 0xb
 812 002f 0B       		.uleb128 0xb
 813 0030 3E       		.uleb128 0x3e
 814 0031 0B       		.uleb128 0xb
 815 0032 03       		.uleb128 0x3
 816 0033 0E       		.uleb128 0xe
 817 0034 00       		.byte	0
 818 0035 00       		.byte	0
 819 0036 05       		.uleb128 0x5
 820 0037 0F       		.uleb128 0xf
ARM GAS  C:\Users\Henry\AppData\Local\Temp\ccKfIU8D.s 			page 21


 821 0038 00       		.byte	0
 822 0039 0B       		.uleb128 0xb
 823 003a 0B       		.uleb128 0xb
 824 003b 00       		.byte	0
 825 003c 00       		.byte	0
 826 003d 06       		.uleb128 0x6
 827 003e 0F       		.uleb128 0xf
 828 003f 00       		.byte	0
 829 0040 0B       		.uleb128 0xb
 830 0041 0B       		.uleb128 0xb
 831 0042 49       		.uleb128 0x49
 832 0043 13       		.uleb128 0x13
 833 0044 00       		.byte	0
 834 0045 00       		.byte	0
 835 0046 07       		.uleb128 0x7
 836 0047 15       		.uleb128 0x15
 837 0048 00       		.byte	0
 838 0049 27       		.uleb128 0x27
 839 004a 19       		.uleb128 0x19
 840 004b 00       		.byte	0
 841 004c 00       		.byte	0
 842 004d 08       		.uleb128 0x8
 843 004e 16       		.uleb128 0x16
 844 004f 00       		.byte	0
 845 0050 03       		.uleb128 0x3
 846 0051 0E       		.uleb128 0xe
 847 0052 3A       		.uleb128 0x3a
 848 0053 0B       		.uleb128 0xb
 849 0054 3B       		.uleb128 0x3b
 850 0055 05       		.uleb128 0x5
 851 0056 49       		.uleb128 0x49
 852 0057 13       		.uleb128 0x13
 853 0058 00       		.byte	0
 854 0059 00       		.byte	0
 855 005a 09       		.uleb128 0x9
 856 005b 35       		.uleb128 0x35
 857 005c 00       		.byte	0
 858 005d 49       		.uleb128 0x49
 859 005e 13       		.uleb128 0x13
 860 005f 00       		.byte	0
 861 0060 00       		.byte	0
 862 0061 0A       		.uleb128 0xa
 863 0062 2E       		.uleb128 0x2e
 864 0063 00       		.byte	0
 865 0064 03       		.uleb128 0x3
 866 0065 0E       		.uleb128 0xe
 867 0066 3A       		.uleb128 0x3a
 868 0067 0B       		.uleb128 0xb
 869 0068 3B       		.uleb128 0x3b
 870 0069 0B       		.uleb128 0xb
 871 006a 27       		.uleb128 0x27
 872 006b 19       		.uleb128 0x19
 873 006c 11       		.uleb128 0x11
 874 006d 01       		.uleb128 0x1
 875 006e 12       		.uleb128 0x12
 876 006f 06       		.uleb128 0x6
 877 0070 40       		.uleb128 0x40
ARM GAS  C:\Users\Henry\AppData\Local\Temp\ccKfIU8D.s 			page 22


 878 0071 18       		.uleb128 0x18
 879 0072 9742     		.uleb128 0x2117
 880 0074 19       		.uleb128 0x19
 881 0075 00       		.byte	0
 882 0076 00       		.byte	0
 883 0077 0B       		.uleb128 0xb
 884 0078 2E       		.uleb128 0x2e
 885 0079 01       		.byte	0x1
 886 007a 03       		.uleb128 0x3
 887 007b 0E       		.uleb128 0xe
 888 007c 3A       		.uleb128 0x3a
 889 007d 0B       		.uleb128 0xb
 890 007e 3B       		.uleb128 0x3b
 891 007f 0B       		.uleb128 0xb
 892 0080 27       		.uleb128 0x27
 893 0081 19       		.uleb128 0x19
 894 0082 11       		.uleb128 0x11
 895 0083 01       		.uleb128 0x1
 896 0084 12       		.uleb128 0x12
 897 0085 06       		.uleb128 0x6
 898 0086 40       		.uleb128 0x40
 899 0087 18       		.uleb128 0x18
 900 0088 9742     		.uleb128 0x2117
 901 008a 19       		.uleb128 0x19
 902 008b 01       		.uleb128 0x1
 903 008c 13       		.uleb128 0x13
 904 008d 00       		.byte	0
 905 008e 00       		.byte	0
 906 008f 0C       		.uleb128 0xc
 907 0090 05       		.uleb128 0x5
 908 0091 00       		.byte	0
 909 0092 03       		.uleb128 0x3
 910 0093 08       		.uleb128 0x8
 911 0094 3A       		.uleb128 0x3a
 912 0095 0B       		.uleb128 0xb
 913 0096 3B       		.uleb128 0x3b
 914 0097 0B       		.uleb128 0xb
 915 0098 49       		.uleb128 0x49
 916 0099 13       		.uleb128 0x13
 917 009a 02       		.uleb128 0x2
 918 009b 17       		.uleb128 0x17
 919 009c 00       		.byte	0
 920 009d 00       		.byte	0
 921 009e 0D       		.uleb128 0xd
 922 009f 898201   		.uleb128 0x4109
 923 00a2 01       		.byte	0x1
 924 00a3 11       		.uleb128 0x11
 925 00a4 01       		.uleb128 0x1
 926 00a5 31       		.uleb128 0x31
 927 00a6 13       		.uleb128 0x13
 928 00a7 00       		.byte	0
 929 00a8 00       		.byte	0
 930 00a9 0E       		.uleb128 0xe
 931 00aa 8A8201   		.uleb128 0x410a
 932 00ad 00       		.byte	0
 933 00ae 02       		.uleb128 0x2
 934 00af 18       		.uleb128 0x18
ARM GAS  C:\Users\Henry\AppData\Local\Temp\ccKfIU8D.s 			page 23


 935 00b0 9142     		.uleb128 0x2111
 936 00b2 18       		.uleb128 0x18
 937 00b3 00       		.byte	0
 938 00b4 00       		.byte	0
 939 00b5 0F       		.uleb128 0xf
 940 00b6 898201   		.uleb128 0x4109
 941 00b9 00       		.byte	0
 942 00ba 11       		.uleb128 0x11
 943 00bb 01       		.uleb128 0x1
 944 00bc 31       		.uleb128 0x31
 945 00bd 13       		.uleb128 0x13
 946 00be 00       		.byte	0
 947 00bf 00       		.byte	0
 948 00c0 10       		.uleb128 0x10
 949 00c1 898201   		.uleb128 0x4109
 950 00c4 01       		.byte	0x1
 951 00c5 11       		.uleb128 0x11
 952 00c6 01       		.uleb128 0x1
 953 00c7 31       		.uleb128 0x31
 954 00c8 13       		.uleb128 0x13
 955 00c9 01       		.uleb128 0x1
 956 00ca 13       		.uleb128 0x13
 957 00cb 00       		.byte	0
 958 00cc 00       		.byte	0
 959 00cd 11       		.uleb128 0x11
 960 00ce 2E       		.uleb128 0x2e
 961 00cf 01       		.byte	0x1
 962 00d0 3F       		.uleb128 0x3f
 963 00d1 19       		.uleb128 0x19
 964 00d2 03       		.uleb128 0x3
 965 00d3 0E       		.uleb128 0xe
 966 00d4 3A       		.uleb128 0x3a
 967 00d5 0B       		.uleb128 0xb
 968 00d6 3B       		.uleb128 0x3b
 969 00d7 0B       		.uleb128 0xb
 970 00d8 27       		.uleb128 0x27
 971 00d9 19       		.uleb128 0x19
 972 00da 11       		.uleb128 0x11
 973 00db 01       		.uleb128 0x1
 974 00dc 12       		.uleb128 0x12
 975 00dd 06       		.uleb128 0x6
 976 00de 40       		.uleb128 0x40
 977 00df 18       		.uleb128 0x18
 978 00e0 9742     		.uleb128 0x2117
 979 00e2 19       		.uleb128 0x19
 980 00e3 01       		.uleb128 0x1
 981 00e4 13       		.uleb128 0x13
 982 00e5 00       		.byte	0
 983 00e6 00       		.byte	0
 984 00e7 12       		.uleb128 0x12
 985 00e8 0B       		.uleb128 0xb
 986 00e9 01       		.byte	0x1
 987 00ea 11       		.uleb128 0x11
 988 00eb 01       		.uleb128 0x1
 989 00ec 12       		.uleb128 0x12
 990 00ed 06       		.uleb128 0x6
 991 00ee 01       		.uleb128 0x1
ARM GAS  C:\Users\Henry\AppData\Local\Temp\ccKfIU8D.s 			page 24


 992 00ef 13       		.uleb128 0x13
 993 00f0 00       		.byte	0
 994 00f1 00       		.byte	0
 995 00f2 13       		.uleb128 0x13
 996 00f3 13       		.uleb128 0x13
 997 00f4 01       		.byte	0x1
 998 00f5 0B       		.uleb128 0xb
 999 00f6 0B       		.uleb128 0xb
 1000 00f7 3A       		.uleb128 0x3a
 1001 00f8 0B       		.uleb128 0xb
 1002 00f9 3B       		.uleb128 0x3b
 1003 00fa 0B       		.uleb128 0xb
 1004 00fb 01       		.uleb128 0x1
 1005 00fc 13       		.uleb128 0x13
 1006 00fd 00       		.byte	0
 1007 00fe 00       		.byte	0
 1008 00ff 14       		.uleb128 0x14
 1009 0100 0D       		.uleb128 0xd
 1010 0101 00       		.byte	0
 1011 0102 03       		.uleb128 0x3
 1012 0103 0E       		.uleb128 0xe
 1013 0104 3A       		.uleb128 0x3a
 1014 0105 0B       		.uleb128 0xb
 1015 0106 3B       		.uleb128 0x3b
 1016 0107 0B       		.uleb128 0xb
 1017 0108 49       		.uleb128 0x49
 1018 0109 13       		.uleb128 0x13
 1019 010a 38       		.uleb128 0x38
 1020 010b 0B       		.uleb128 0xb
 1021 010c 00       		.byte	0
 1022 010d 00       		.byte	0
 1023 010e 15       		.uleb128 0x15
 1024 010f 01       		.uleb128 0x1
 1025 0110 01       		.byte	0x1
 1026 0111 49       		.uleb128 0x49
 1027 0112 13       		.uleb128 0x13
 1028 0113 01       		.uleb128 0x1
 1029 0114 13       		.uleb128 0x13
 1030 0115 00       		.byte	0
 1031 0116 00       		.byte	0
 1032 0117 16       		.uleb128 0x16
 1033 0118 21       		.uleb128 0x21
 1034 0119 00       		.byte	0
 1035 011a 49       		.uleb128 0x49
 1036 011b 13       		.uleb128 0x13
 1037 011c 2F       		.uleb128 0x2f
 1038 011d 0B       		.uleb128 0xb
 1039 011e 00       		.byte	0
 1040 011f 00       		.byte	0
 1041 0120 17       		.uleb128 0x17
 1042 0121 34       		.uleb128 0x34
 1043 0122 00       		.byte	0
 1044 0123 03       		.uleb128 0x3
 1045 0124 0E       		.uleb128 0xe
 1046 0125 3A       		.uleb128 0x3a
 1047 0126 0B       		.uleb128 0xb
 1048 0127 3B       		.uleb128 0x3b
ARM GAS  C:\Users\Henry\AppData\Local\Temp\ccKfIU8D.s 			page 25


 1049 0128 0B       		.uleb128 0xb
 1050 0129 49       		.uleb128 0x49
 1051 012a 13       		.uleb128 0x13
 1052 012b 02       		.uleb128 0x2
 1053 012c 18       		.uleb128 0x18
 1054 012d 00       		.byte	0
 1055 012e 00       		.byte	0
 1056 012f 18       		.uleb128 0x18
 1057 0130 26       		.uleb128 0x26
 1058 0131 00       		.byte	0
 1059 0132 49       		.uleb128 0x49
 1060 0133 13       		.uleb128 0x13
 1061 0134 00       		.byte	0
 1062 0135 00       		.byte	0
 1063 0136 19       		.uleb128 0x19
 1064 0137 34       		.uleb128 0x34
 1065 0138 00       		.byte	0
 1066 0139 03       		.uleb128 0x3
 1067 013a 08       		.uleb128 0x8
 1068 013b 3A       		.uleb128 0x3a
 1069 013c 0B       		.uleb128 0xb
 1070 013d 3B       		.uleb128 0x3b
 1071 013e 05       		.uleb128 0x5
 1072 013f 49       		.uleb128 0x49
 1073 0140 13       		.uleb128 0x13
 1074 0141 02       		.uleb128 0x2
 1075 0142 17       		.uleb128 0x17
 1076 0143 00       		.byte	0
 1077 0144 00       		.byte	0
 1078 0145 1A       		.uleb128 0x1a
 1079 0146 0B       		.uleb128 0xb
 1080 0147 01       		.byte	0x1
 1081 0148 11       		.uleb128 0x11
 1082 0149 01       		.uleb128 0x1
 1083 014a 12       		.uleb128 0x12
 1084 014b 06       		.uleb128 0x6
 1085 014c 00       		.byte	0
 1086 014d 00       		.byte	0
 1087 014e 1B       		.uleb128 0x1b
 1088 014f 2E       		.uleb128 0x2e
 1089 0150 01       		.byte	0x1
 1090 0151 3F       		.uleb128 0x3f
 1091 0152 19       		.uleb128 0x19
 1092 0153 03       		.uleb128 0x3
 1093 0154 0E       		.uleb128 0xe
 1094 0155 27       		.uleb128 0x27
 1095 0156 19       		.uleb128 0x19
 1096 0157 49       		.uleb128 0x49
 1097 0158 13       		.uleb128 0x13
 1098 0159 34       		.uleb128 0x34
 1099 015a 19       		.uleb128 0x19
 1100 015b 3C       		.uleb128 0x3c
 1101 015c 19       		.uleb128 0x19
 1102 015d 01       		.uleb128 0x1
 1103 015e 13       		.uleb128 0x13
 1104 015f 00       		.byte	0
 1105 0160 00       		.byte	0
ARM GAS  C:\Users\Henry\AppData\Local\Temp\ccKfIU8D.s 			page 26


 1106 0161 1C       		.uleb128 0x1c
 1107 0162 05       		.uleb128 0x5
 1108 0163 00       		.byte	0
 1109 0164 49       		.uleb128 0x49
 1110 0165 13       		.uleb128 0x13
 1111 0166 00       		.byte	0
 1112 0167 00       		.byte	0
 1113 0168 1D       		.uleb128 0x1d
 1114 0169 2E       		.uleb128 0x2e
 1115 016a 00       		.byte	0
 1116 016b 3F       		.uleb128 0x3f
 1117 016c 19       		.uleb128 0x19
 1118 016d 03       		.uleb128 0x3
 1119 016e 0E       		.uleb128 0xe
 1120 016f 3A       		.uleb128 0x3a
 1121 0170 0B       		.uleb128 0xb
 1122 0171 3B       		.uleb128 0x3b
 1123 0172 0B       		.uleb128 0xb
 1124 0173 27       		.uleb128 0x27
 1125 0174 19       		.uleb128 0x19
 1126 0175 3C       		.uleb128 0x3c
 1127 0176 19       		.uleb128 0x19
 1128 0177 00       		.byte	0
 1129 0178 00       		.byte	0
 1130 0179 1E       		.uleb128 0x1e
 1131 017a 2E       		.uleb128 0x2e
 1132 017b 01       		.byte	0x1
 1133 017c 3F       		.uleb128 0x3f
 1134 017d 19       		.uleb128 0x19
 1135 017e 03       		.uleb128 0x3
 1136 017f 0E       		.uleb128 0xe
 1137 0180 3A       		.uleb128 0x3a
 1138 0181 0B       		.uleb128 0xb
 1139 0182 3B       		.uleb128 0x3b
 1140 0183 0B       		.uleb128 0xb
 1141 0184 27       		.uleb128 0x27
 1142 0185 19       		.uleb128 0x19
 1143 0186 3C       		.uleb128 0x3c
 1144 0187 19       		.uleb128 0x19
 1145 0188 01       		.uleb128 0x1
 1146 0189 13       		.uleb128 0x13
 1147 018a 00       		.byte	0
 1148 018b 00       		.byte	0
 1149 018c 1F       		.uleb128 0x1f
 1150 018d 2E       		.uleb128 0x2e
 1151 018e 01       		.byte	0x1
 1152 018f 3F       		.uleb128 0x3f
 1153 0190 19       		.uleb128 0x19
 1154 0191 03       		.uleb128 0x3
 1155 0192 0E       		.uleb128 0xe
 1156 0193 3A       		.uleb128 0x3a
 1157 0194 0B       		.uleb128 0xb
 1158 0195 3B       		.uleb128 0x3b
 1159 0196 0B       		.uleb128 0xb
 1160 0197 27       		.uleb128 0x27
 1161 0198 19       		.uleb128 0x19
 1162 0199 49       		.uleb128 0x49
ARM GAS  C:\Users\Henry\AppData\Local\Temp\ccKfIU8D.s 			page 27


 1163 019a 13       		.uleb128 0x13
 1164 019b 3C       		.uleb128 0x3c
 1165 019c 19       		.uleb128 0x19
 1166 019d 01       		.uleb128 0x1
 1167 019e 13       		.uleb128 0x13
 1168 019f 00       		.byte	0
 1169 01a0 00       		.byte	0
 1170 01a1 20       		.uleb128 0x20
 1171 01a2 2E       		.uleb128 0x2e
 1172 01a3 01       		.byte	0x1
 1173 01a4 3F       		.uleb128 0x3f
 1174 01a5 19       		.uleb128 0x19
 1175 01a6 03       		.uleb128 0x3
 1176 01a7 0E       		.uleb128 0xe
 1177 01a8 3A       		.uleb128 0x3a
 1178 01a9 0B       		.uleb128 0xb
 1179 01aa 3B       		.uleb128 0x3b
 1180 01ab 0B       		.uleb128 0xb
 1181 01ac 27       		.uleb128 0x27
 1182 01ad 19       		.uleb128 0x19
 1183 01ae 3C       		.uleb128 0x3c
 1184 01af 19       		.uleb128 0x19
 1185 01b0 00       		.byte	0
 1186 01b1 00       		.byte	0
 1187 01b2 00       		.byte	0
 1188              		.section	.debug_loc,"",%progbits
 1189              	.Ldebug_loc0:
 1190              	.LLST0:
 1191 0000 00000000 		.4byte	.LVL0
 1192 0004 09000000 		.4byte	.LVL2-1
 1193 0008 0100     		.2byte	0x1
 1194 000a 50       		.byte	0x50
 1195 000b 09000000 		.4byte	.LVL2-1
 1196 000f 0C000000 		.4byte	.LFE2
 1197 0013 0400     		.2byte	0x4
 1198 0015 F3       		.byte	0xf3
 1199 0016 01       		.uleb128 0x1
 1200 0017 50       		.byte	0x50
 1201 0018 9F       		.byte	0x9f
 1202 0019 00000000 		.4byte	0
 1203 001d 00000000 		.4byte	0
 1204              	.LLST1:
 1205 0021 00000000 		.4byte	.LVL0
 1206 0025 06000000 		.4byte	.LVL1
 1207 0029 0100     		.2byte	0x1
 1208 002b 51       		.byte	0x51
 1209 002c 06000000 		.4byte	.LVL1
 1210 0030 09000000 		.4byte	.LVL2-1
 1211 0034 0100     		.2byte	0x1
 1212 0036 52       		.byte	0x52
 1213 0037 09000000 		.4byte	.LVL2-1
 1214 003b 0C000000 		.4byte	.LFE2
 1215 003f 0400     		.2byte	0x4
 1216 0041 F3       		.byte	0xf3
 1217 0042 01       		.uleb128 0x1
 1218 0043 51       		.byte	0x51
 1219 0044 9F       		.byte	0x9f
ARM GAS  C:\Users\Henry\AppData\Local\Temp\ccKfIU8D.s 			page 28


 1220 0045 00000000 		.4byte	0
 1221 0049 00000000 		.4byte	0
 1222              	.LLST2:
 1223 004d DA000000 		.4byte	.LVL11
 1224 0051 DE000000 		.4byte	.LVL12
 1225 0055 0200     		.2byte	0x2
 1226 0057 30       		.byte	0x30
 1227 0058 9F       		.byte	0x9f
 1228 0059 DE000000 		.4byte	.LVL12
 1229 005d FE000000 		.4byte	.LVL14
 1230 0061 0100     		.2byte	0x1
 1231 0063 54       		.byte	0x54
 1232 0064 00010000 		.4byte	.LVL15
 1233 0068 4A010000 		.4byte	.LVL18
 1234 006c 0100     		.2byte	0x1
 1235 006e 54       		.byte	0x54
 1236 006f 00000000 		.4byte	0
 1237 0073 00000000 		.4byte	0
 1238              	.LLST3:
 1239 0077 DE000000 		.4byte	.LVL12
 1240 007b FE000000 		.4byte	.LVL14
 1241 007f 0B00     		.2byte	0xb
 1242 0081 74       		.byte	0x74
 1243 0082 00       		.sleb128 0
 1244 0083 36       		.byte	0x36
 1245 0084 1E       		.byte	0x1e
 1246 0085 03       		.byte	0x3
 1247 0086 00000000 		.4byte	cfg_memset_list.4742
 1248 008a 22       		.byte	0x22
 1249 008b 9F       		.byte	0x9f
 1250 008c FE000000 		.4byte	.LVL14
 1251 0090 00010000 		.4byte	.LVL15
 1252 0094 0B00     		.2byte	0xb
 1253 0096 74       		.byte	0x74
 1254 0097 7F       		.sleb128 -1
 1255 0098 36       		.byte	0x36
 1256 0099 1E       		.byte	0x1e
 1257 009a 03       		.byte	0x3
 1258 009b 00000000 		.4byte	cfg_memset_list.4742
 1259 009f 22       		.byte	0x22
 1260 00a0 9F       		.byte	0x9f
 1261 00a1 00000000 		.4byte	0
 1262 00a5 00000000 		.4byte	0
 1263              		.section	.debug_aranges,"",%progbits
 1264 0000 34000000 		.4byte	0x34
 1265 0004 0200     		.2byte	0x2
 1266 0006 00000000 		.4byte	.Ldebug_info0
 1267 000a 04       		.byte	0x4
 1268 000b 00       		.byte	0
 1269 000c 0000     		.2byte	0
 1270 000e 0000     		.2byte	0
 1271 0010 00000000 		.4byte	.LFB6
 1272 0014 20000000 		.4byte	.LFE6-.LFB6
 1273 0018 00000000 		.4byte	.LFB2
 1274 001c 0C000000 		.4byte	.LFE2-.LFB2
 1275 0020 00000000 		.4byte	.LFB5
 1276 0024 D0000000 		.4byte	.LFE5-.LFB5
ARM GAS  C:\Users\Henry\AppData\Local\Temp\ccKfIU8D.s 			page 29


 1277 0028 D0000000 		.4byte	.LFB7
 1278 002c A8000000 		.4byte	.LFE7-.LFB7
 1279 0030 00000000 		.4byte	0
 1280 0034 00000000 		.4byte	0
 1281              		.section	.debug_ranges,"",%progbits
 1282              	.Ldebug_ranges0:
 1283 0000 00000000 		.4byte	.LFB6
 1284 0004 20000000 		.4byte	.LFE6
 1285 0008 00000000 		.4byte	.LFB2
 1286 000c 0C000000 		.4byte	.LFE2
 1287 0010 00000000 		.4byte	.LFB5
 1288 0014 D0000000 		.4byte	.LFE5
 1289 0018 D0000000 		.4byte	.LFB7
 1290 001c 78010000 		.4byte	.LFE7
 1291 0020 00000000 		.4byte	0
 1292 0024 00000000 		.4byte	0
 1293              		.section	.debug_line,"",%progbits
 1294              	.Ldebug_line0:
 1295 0000 5B010000 		.section	.debug_str,"MS",%progbits,1
 1295      0200E500 
 1295      00000201 
 1295      FB0E0D00 
 1295      01010101 
 1296              	.LASF28:
 1297 0000 43794465 		.ascii	"CyDelayCycles\000"
 1297      6C617943 
 1297      79636C65 
 1297      7300
 1298              	.LASF19:
 1299 000e 72656733 		.ascii	"reg32\000"
 1299      3200
 1300              	.LASF11:
 1301 0014 73697A65 		.ascii	"size_t\000"
 1301      5F7400
 1302              	.LASF37:
 1303 001b 416E616C 		.ascii	"AnalogSetDefault\000"
 1303      6F675365 
 1303      74446566 
 1303      61756C74 
 1303      00
 1304              	.LASF33:
 1305 002c 4379496E 		.ascii	"CyIntSetVector\000"
 1305      74536574 
 1305      56656374 
 1305      6F7200
 1306              	.LASF26:
 1307 003b 6366675F 		.ascii	"cfg_memset_list\000"
 1307      6D656D73 
 1307      65745F6C 
 1307      69737400 
 1308              	.LASF22:
 1309 004b 436C6F63 		.ascii	"ClockSetup\000"
 1309      6B536574 
 1309      757000
 1310              	.LASF4:
 1311 0056 73686F72 		.ascii	"short unsigned int\000"
 1311      7420756E 
ARM GAS  C:\Users\Henry\AppData\Local\Temp\ccKfIU8D.s 			page 30


 1311      7369676E 
 1311      65642069 
 1311      6E7400
 1312              	.LASF36:
 1313 0069 433A5C55 		.ascii	"C:\\Users\\Henry\\Projects\\electronic_derailleur_e"
 1313      73657273 
 1313      5C48656E 
 1313      72795C50 
 1313      726F6A65 
 1314 0098 6E706834 		.ascii	"nph459\\electronic_derailleur.cydsn\000"
 1314      35395C65 
 1314      6C656374 
 1314      726F6E69 
 1314      635F6465 
 1315              	.LASF15:
 1316 00bb 666C6F61 		.ascii	"float\000"
 1316      7400
 1317              	.LASF24:
 1318 00c1 73697A65 		.ascii	"size\000"
 1318      00
 1319              	.LASF30:
 1320 00c6 43795379 		.ascii	"CySysClkWcoSetPowerMode\000"
 1320      73436C6B 
 1320      57636F53 
 1320      6574506F 
 1320      7765724D 
 1321              	.LASF18:
 1322 00de 72656738 		.ascii	"reg8\000"
 1322      00
 1323              	.LASF6:
 1324 00e3 6C6F6E67 		.ascii	"long unsigned int\000"
 1324      20756E73 
 1324      69676E65 
 1324      6420696E 
 1324      7400
 1325              	.LASF12:
 1326 00f5 75696E74 		.ascii	"uint8\000"
 1326      3800
 1327              	.LASF39:
 1328 00fb 43795379 		.ascii	"CySysClkWcoStart\000"
 1328      73436C6B 
 1328      57636F53 
 1328      74617274 
 1328      00
 1329              	.LASF21:
 1330 010c 43594D45 		.ascii	"CYMEMZERO\000"
 1330      4D5A4552 
 1330      4F00
 1331              	.LASF2:
 1332 0116 756E7369 		.ascii	"unsigned char\000"
 1332      676E6564 
 1332      20636861 
 1332      7200
 1333              	.LASF27:
 1334 0124 6D656D73 		.ascii	"memset\000"
 1334      657400
 1335              	.LASF16:
ARM GAS  C:\Users\Henry\AppData\Local\Temp\ccKfIU8D.s 			page 31


 1336 012b 646F7562 		.ascii	"double\000"
 1336      6C6500
 1337              	.LASF40:
 1338 0132 4379496E 		.ascii	"CyIntEnable\000"
 1338      74456E61 
 1338      626C6500 
 1339              	.LASF13:
 1340 013e 75696E74 		.ascii	"uint16\000"
 1340      313600
 1341              	.LASF17:
 1342 0145 63797374 		.ascii	"cystatus\000"
 1342      61747573 
 1342      00
 1343              	.LASF14:
 1344 014e 75696E74 		.ascii	"uint32\000"
 1344      333200
 1345              	.LASF0:
 1346 0155 756E7369 		.ascii	"unsigned int\000"
 1346      676E6564 
 1346      20696E74 
 1346      00
 1347              	.LASF38:
 1348 0162 63796669 		.ascii	"cyfitter_cfg\000"
 1348      74746572 
 1348      5F636667 
 1348      00
 1349              	.LASF23:
 1350 016f 61646472 		.ascii	"address\000"
 1350      65737300 
 1351              	.LASF8:
 1352 0177 6C6F6E67 		.ascii	"long long unsigned int\000"
 1352      206C6F6E 
 1352      6720756E 
 1352      7369676E 
 1352      65642069 
 1353              	.LASF20:
 1354 018e 63796973 		.ascii	"cyisraddress\000"
 1354      72616464 
 1354      72657373 
 1354      00
 1355              	.LASF25:
 1356 019b 6366675F 		.ascii	"cfg_memset_t\000"
 1356      6D656D73 
 1356      65745F74 
 1356      00
 1357              	.LASF35:
 1358 01a8 2E5C4765 		.ascii	".\\Generated_Source\\PSoC4\\cyfitter_cfg.c\000"
 1358      6E657261 
 1358      7465645F 
 1358      536F7572 
 1358      63655C50 
 1359              	.LASF9:
 1360 01d0 73697A65 		.ascii	"sizetype\000"
 1360      74797065 
 1360      00
 1361              	.LASF7:
 1362 01d9 6C6F6E67 		.ascii	"long long int\000"
ARM GAS  C:\Users\Henry\AppData\Local\Temp\ccKfIU8D.s 			page 32


 1362      206C6F6E 
 1362      6720696E 
 1362      7400
 1363              	.LASF32:
 1364 01e7 43794465 		.ascii	"CyDelayUs\000"
 1364      6C617955 
 1364      7300
 1365              	.LASF10:
 1366 01f1 63686172 		.ascii	"char\000"
 1366      00
 1367              	.LASF31:
 1368 01f6 43795379 		.ascii	"CySysClkEcoStart\000"
 1368      73436C6B 
 1368      45636F53 
 1368      74617274 
 1368      00
 1369              	.LASF34:
 1370 0207 474E5520 		.ascii	"GNU C 4.9.3 20150303 (release) [ARM/embedded-4_9-br"
 1370      4320342E 
 1370      392E3320 
 1370      32303135 
 1370      30333033 
 1371 023a 616E6368 		.ascii	"anch revision 221220] -mcpu=cortex-m0 -mthumb -g -O"
 1371      20726576 
 1371      6973696F 
 1371      6E203232 
 1371      31323230 
 1372 026d 67202D66 		.ascii	"g -ffunction-sections -ffat-lto-objects\000"
 1372      66756E63 
 1372      74696F6E 
 1372      2D736563 
 1372      74696F6E 
 1373              	.LASF3:
 1374 0295 73686F72 		.ascii	"short int\000"
 1374      7420696E 
 1374      7400
 1375              	.LASF29:
 1376 029f 43795379 		.ascii	"CySysClkWriteImoFreq\000"
 1376      73436C6B 
 1376      57726974 
 1376      65496D6F 
 1376      46726571 
 1377              	.LASF5:
 1378 02b4 6C6F6E67 		.ascii	"long int\000"
 1378      20696E74 
 1378      00
 1379              	.LASF1:
 1380 02bd 7369676E 		.ascii	"signed char\000"
 1380      65642063 
 1380      68617200 
 1381              		.ident	"GCC: (GNU Tools for ARM Embedded Processors) 4.9.3 20150303 (release) [ARM/embedded-4_9-br
