Archive member included because of file (symbol)

.\CortexM0\ARM_GCC_493\Debug\electronic_derailleur.a(cyfitter_cfg.o)
                              .\CortexM0\ARM_GCC_493\Debug\Cm0Start.o (cyfitter_cfg)
.\CortexM0\ARM_GCC_493\Debug\electronic_derailleur.a(UART.o)
                              .\CortexM0\ARM_GCC_493\Debug\main.o (UART_Start)
.\CortexM0\ARM_GCC_493\Debug\electronic_derailleur.a(UART_UART.o)
                              .\CortexM0\ARM_GCC_493\Debug\electronic_derailleur.a(UART.o) (UART_UartInit)
.\CortexM0\ARM_GCC_493\Debug\electronic_derailleur.a(CyBootAsmGnu.o)
                              .\CortexM0\ARM_GCC_493\Debug\electronic_derailleur.a(cyfitter_cfg.o) (CyDelayCycles)
.\CortexM0\ARM_GCC_493\Debug\electronic_derailleur.a(CyLib.o)
                              .\CortexM0\ARM_GCC_493\Debug\electronic_derailleur.a(cyfitter_cfg.o) (CySysClkWriteImoFreq)
.\CortexM0\ARM_GCC_493\Debug\electronic_derailleur.a(CyLFClk.o)
                              .\CortexM0\ARM_GCC_493\Debug\electronic_derailleur.a(cyfitter_cfg.o) (CySysClkWcoStart)
.\CortexM0\ARM_GCC_493\Debug\electronic_derailleur.a(shifter_switches.o)
                              .\CortexM0\ARM_GCC_493\Debug\main.o (shifter_switches_ClearInterrupt)
.\CortexM0\ARM_GCC_493\Debug\electronic_derailleur.a(shifter_isr.o)
                              .\CortexM0\ARM_GCC_493\Debug\main.o (shifter_isr_StartEx)
.\CortexM0\ARM_GCC_493\Debug\electronic_derailleur.a(PWM.o)
                              .\CortexM0\ARM_GCC_493\Debug\main.o (PWM_WriteCompare1)
.\CortexM0\ARM_GCC_493\Debug\electronic_derailleur.a(front_motor.o)
                              .\CortexM0\ARM_GCC_493\Debug\main.o (front_motor_Write)
.\CortexM0\ARM_GCC_493\Debug\electronic_derailleur.a(QuadDec.o)
                              .\CortexM0\ARM_GCC_493\Debug\main.o (QuadDec_ReadCounter)
.\CortexM0\ARM_GCC_493\Debug\electronic_derailleur.a(ADC_SAR_SEQ.o)
                              .\CortexM0\ARM_GCC_493\Debug\main.o (ADC_SAR_SEQ_Start)
.\CortexM0\ARM_GCC_493\Debug\electronic_derailleur.a(ADC_SAR_SEQ_INT.o)
                              .\CortexM0\ARM_GCC_493\Debug\electronic_derailleur.a(ADC_SAR_SEQ.o) (ADC_SAR_SEQ_ISR)
.\CortexM0\ARM_GCC_493\Debug\electronic_derailleur.a(I2C.o)
                              .\CortexM0\ARM_GCC_493\Debug\main.o (I2C_Start)
.\CortexM0\ARM_GCC_493\Debug\electronic_derailleur.a(I2C_I2C.o)
                              .\CortexM0\ARM_GCC_493\Debug\electronic_derailleur.a(I2C.o) (I2C_I2CInit)
.\CortexM0\ARM_GCC_493\Debug\electronic_derailleur.a(I2C_I2C_MASTER.o)
                              .\CortexM0\ARM_GCC_493\Debug\electronic_derailleur.a(I2C_I2C.o) (I2C_mstrRdBufIndex)
.\CortexM0\ARM_GCC_493\Debug\electronic_derailleur.a(UART_SPI_UART.o)
                              .\CortexM0\ARM_GCC_493\Debug\electronic_derailleur.a(UART_UART.o) (UART_SpiUartReadRxData)
.\CortexM0\ARM_GCC_493\Debug\electronic_derailleur.a(I2C_I2C_INT.o)
                              .\CortexM0\ARM_GCC_493\Debug\electronic_derailleur.a(I2C_I2C.o) (I2C_I2C_ISR)
c:/program files (x86)/cypress/psoc creator/3.3/psoc creator/import/gnu/arm/4.9.3/bin/../lib/gcc/arm-none-eabi/4.9.3/armv6-m\libgcc.a(_udivsi3.o)
                              .\CortexM0\ARM_GCC_493\Debug\electronic_derailleur.a(CyLib.o) (__aeabi_uidiv)
c:/program files (x86)/cypress/psoc creator/3.3/psoc creator/import/gnu/arm/4.9.3/bin/../lib/gcc/arm-none-eabi/4.9.3/armv6-m\libgcc.a(_divsi3.o)
                              .\CortexM0\ARM_GCC_493\Debug\electronic_derailleur.a(ADC_SAR_SEQ.o) (__aeabi_idiv)
c:/program files (x86)/cypress/psoc creator/3.3/psoc creator/import/gnu/arm/4.9.3/bin/../lib/gcc/arm-none-eabi/4.9.3/armv6-m\libgcc.a(_dvmd_tls.o)
                              c:/program files (x86)/cypress/psoc creator/3.3/psoc creator/import/gnu/arm/4.9.3/bin/../lib/gcc/arm-none-eabi/4.9.3/armv6-m\libgcc.a(_udivsi3.o) (__aeabi_idiv0)
c:/program files (x86)/cypress/psoc creator/3.3/psoc creator/import/gnu/arm/4.9.3/bin/../lib/gcc/arm-none-eabi/4.9.3/armv6-m\libgcc.a(_aeabi_ldivmod.o)
                              .\CortexM0\ARM_GCC_493\Debug\electronic_derailleur.a(ADC_SAR_SEQ.o) (__aeabi_ldivmod)
c:/program files (x86)/cypress/psoc creator/3.3/psoc creator/import/gnu/arm/4.9.3/bin/../lib/gcc/arm-none-eabi/4.9.3/armv6-m\libgcc.a(_muldi3.o)
                              .\CortexM0\ARM_GCC_493\Debug\electronic_derailleur.a(ADC_SAR_SEQ.o) (__aeabi_lmul)
c:/program files (x86)/cypress/psoc creator/3.3/psoc creator/import/gnu/arm/4.9.3/bin/../lib/gcc/arm-none-eabi/4.9.3/armv6-m\libgcc.a(bpabi.o)
                              c:/program files (x86)/cypress/psoc creator/3.3/psoc creator/import/gnu/arm/4.9.3/bin/../lib/gcc/arm-none-eabi/4.9.3/armv6-m\libgcc.a(_aeabi_ldivmod.o) (__gnu_ldivmod_helper)
c:/program files (x86)/cypress/psoc creator/3.3/psoc creator/import/gnu/arm/4.9.3/bin/../lib/gcc/arm-none-eabi/4.9.3/armv6-m\libgcc.a(divsf3.o)
[...]
Memory Configuration

Name             Origin             Length             Attributes
rom              0x00000000         0x00020000         xr
ram              0x20000000         0x00004000         xrw
*default*        0x00000000         0xffffffff

Linker script and memory map

LOAD c:/program files (x86)/cypress/psoc creator/3.3/psoc creator/import/gnu/arm/4.9.3/bin/../lib/gcc/arm-none-eabi/4.9.3/armv6-m/crti.o
LOAD c:/program files (x86)/cypress/psoc creator/3.3/psoc creator/import/gnu/arm/4.9.3/bin/../lib/gcc/arm-none-eabi/4.9.3/armv6-m/crtbegin.o
LOAD c:/program files (x86)/cypress/psoc creator/3.3/psoc creator/import/gnu/arm/4.9.3/bin/../lib/gcc/arm-none-eabi/4.9.3/../../../../arm-none-eabi/lib/armv6-m/crt0.o
START GROUP
LOAD .\CortexM0\ARM_GCC_493\Debug\main.o
LOAD .\CortexM0\ARM_GCC_493\Debug\cymetadata.o
LOAD .\CortexM0\ARM_GCC_493\Debug\Cm0Start.o
LOAD .\CortexM0\ARM_GCC_493\Debug\electronic_derailleur.a
LOAD C:\Program Files (x86)\Cypress\PSoC Creator\3.3\PSoC Creator\psoc\content\cycomponentlibrary\CyComponentLibrary.cylib\CortexM0\ARM_GCC_493\Debug\CyComponentLibrary.a
END GROUP
START GROUP
LOAD c:/program files (x86)/cypress/psoc creator/3.3/psoc creator/import/gnu/arm/4.9.3/bin/../lib/gcc/arm-none-eabi/4.9.3/armv6-m\libgcc.a
LOAD c:/program files (x86)/cypress/psoc creator/3.3/psoc creator/import/gnu/arm/4.9.3/bin/../lib/gcc/arm-none-eabi/4.9.3/../../../../arm-none-eabi/lib/armv6-m\libg_nano.a
LOAD c:/program files (x86)/cypress/psoc creator/3.3/psoc creator/import/gnu/arm/4.9.3/bin/../lib/gcc/arm-none-eabi/4.9.3/../../../../arm-none-eabi/lib/armv6-m\libc_nano.a
END GROUP
START GROUP
LOAD c:/program files (x86)/cypress/psoc creator/3.3/psoc creator/import/gnu/arm/4.9.3/bin/../lib/gcc/arm-none-eabi/4.9.3/armv6-m\libgcc.a
LOAD c:/program files (x86)/cypress/psoc creator/3.3/psoc creator/import/gnu/arm/4.9.3/bin/../lib/gcc/arm-none-eabi/4.9.3/../../../../arm-none-eabi/lib/armv6-m\libc_nano.a
END GROUP
LOAD c:/program files (x86)/cypress/psoc creator/3.3/psoc creator/import/gnu/arm/4.9.3/bin/../lib/gcc/arm-none-eabi/4.9.3/armv6-m/crtend.o
LOAD c:/program files (x86)/cypress/psoc creator/3.3/psoc creator/import/gnu/arm/4.9.3/bin/../lib/gcc/arm-none-eabi/4.9.3/armv6-m/crtn.o
START GROUP
LOAD c:/program files (x86)/cypress/psoc creator/3.3/psoc creator/import/gnu/arm/4.9.3/bin/../lib/gcc/arm-none-eabi/4.9.3/armv6-m\libgcc.a
LOAD c:/program files (x86)/cypress/psoc creator/3.3/psoc creator/import/gnu/arm/4.9.3/bin/../lib/gcc/arm-none-eabi/4.9.3/../../../../arm-none-eabi/lib/armv6-m\libc.a
LOAD c:/program files (x86)/cypress/psoc creator/3.3/psoc creator/import/gnu/arm/4.9.3/bin/../lib/gcc/arm-none-eabi/4.9.3/../../../../arm-none-eabi/lib/armv6-m\libnosys.a
END GROUP
                0x00000000                CY_APPL_ORIGIN = 0x0
                0x00000080                CY_FLASH_ROW_SIZE = 0x80
                0x00000001                CY_APPL_NUM = 0x1
                0x00000001                CY_APPL_MAX = 0x1
                0x00000040                CY_METADATA_SIZE = 0x40
                0x00000000                CY_APPL_LOADABLE = 0x0
                0x00000000                CY_CHECKSUM_EXCLUDE_SIZE = ALIGN (0x0, CY_FLASH_ROW_SIZE)
                0x00000000                CY_APP_FOR_STACK_AND_COPIER = 0x0
                0x200001e8                PROVIDE (__cy_heap_start, _end)
                0x00000001                PROVIDE (__cy_region_num, ((__cy_regions_end - __cy_regions) / 0x10))
                0x20004000                PROVIDE (__cy_stack, (ORIGIN (ram) + 0x4000))
                0x20003800                PROVIDE (__cy_heap_end, (__cy_stack - 0x800))

.cybootloader   0x00000000        0x0
 *(.cybootloader)
                0x00000000                appl1_start = CY_APPL_ORIGIN?CY_APPL_ORIGIN:ALIGN (CY_FLASH_ROW_SIZE)
                0x0000ff80                appl2_start = (appl1_start + ALIGN ((((0x20000 - appl1_start) - (0x2 * CY_FLASH_ROW_SIZE)) / 0x2), CY_FLASH_ROW_SIZE))
                0x00000000                appl_start = (CY_APPL_NUM == 0x1)?appl1_start:appl2_start
                0x00000001                cy_project_type_bootloader = (appl_start == 0x0)?0x1:0x0
                0x00000000                cy_project_type_app_for_stack_and_copier = (CY_APP_FOR_STACK_AND_COPIER == 0x1)?0x1:0x0

.text           0x00000000     0x2096
 CREATE_OBJECT_SYMBOLS
                0x00000000                PROVIDE (__cy_interrupt_vector, RomVectors)
 *(.romvectors)
 .romvectors    0x00000000       0x10 .\CortexM0\ARM_GCC_493\Debug\Cm0Start.o
                0x00000000                RomVectors
                0x00000001                ASSERT ((. != __cy_interrupt_vector), No interrupt vector)
                0x00000001                ASSERT (CY_APPL_ORIGIN?(SIZEOF (.cybootloader) <= CY_APPL_ORIGIN):0x1, Wrong image location)
                0x00000010                PROVIDE (__cy_reset, Reset)
 *(.text.Reset)
 .text.Reset    0x00000010        0x8 .\CortexM0\ARM_GCC_493\Debug\Cm0Start.o
                0x00000010                Reset
                0x00000001                ASSERT ((. != __cy_reset), No reset code)
 *(.psocinit)
 .psocinit      0x00000018      0x2e4 .\CortexM0\ARM_GCC_493\Debug\electronic_derailleur.a(cyfitter_cfg.o)
                0x0000015c                cyfitter_cfg
                0x000002fc                . = MAX (., 0x100)
 *(.text .text.* .gnu.linkonce.t.*)
 .text          0x000002fc       0x60 c:/program files (x86)/cypress/psoc creator/3.3/psoc creator/import/gnu/arm/4.9.3/bin/../lib/gcc/arm-none-eabi/4.9.3/armv6-m/crtbegin.o
 .text.Shifter_ISR
                0x0000035c       0x64 .\CortexM0\ARM_GCC_493\Debug\main.o
                0x0000035c                Shifter_ISR
 .text.frontDerailInit
                0x000003c0       0x28 .\CortexM0\ARM_GCC_493\Debug\main.o
                0x000003c0                frontDerailInit
 .text.frontDerailToData
                0x000003e8       0x24 .\CortexM0\ARM_GCC_493\Debug\main.o
                0x000003e8                frontDerailToData
 .text.EEPROM_Write
                0x0000040c       0x3c .\CortexM0\ARM_GCC_493\Debug\main.o
                0x0000040c                EEPROM_Write
 .text.EEPROM_Read
                0x00000448       0x38 .\CortexM0\ARM_GCC_493\Debug\main.o
                0x00000448                EEPROM_Read
 .text.main     0x00000480      0x1a0 .\CortexM0\ARM_GCC_493\Debug\main.o
                0x00000480                main
 .text.IntDefaultHandler
                0x00000620        0x4 .\CortexM0\ARM_GCC_493\Debug\Cm0Start.o
                0x00000620                IntDefaultHandler
 .text._sbrk    0x00000624       0x30 .\CortexM0\ARM_GCC_493\Debug\Cm0Start.o
                0x00000624                _sbrk
 .text.Start_c  0x00000654       0x48 .\CortexM0\ARM_GCC_493\Debug\Cm0Start.o
                0x00000654                Start_c
 .text.initialize_psoc
                0x0000069c       0x54 .\CortexM0\ARM_GCC_493\Debug\Cm0Start.o
                0x0000069c                initialize_psoc
 .text.cfg_write_bytes32
                0x000006f0       0x34 .\CortexM0\ARM_GCC_493\Debug\electronic_derailleur.a(cyfitter_cfg.o)
 .text.CYMEMZERO
                0x00000724        0xc .\CortexM0\ARM_GCC_493\Debug\electronic_derailleur.a(cyfitter_cfg.o)
 .text.SetAnalogRoutingPumps
                0x00000730       0x20 .\CortexM0\ARM_GCC_493\Debug\electronic_derailleur.a(cyfitter_cfg.o)
                0x00000730                SetAnalogRoutingPumps
 .text.AnalogSetDefault
                0x00000750       0x40 .\CortexM0\ARM_GCC_493\Debug\electronic_derailleur.a(cyfitter_cfg.o)
 .text.UART_ScbModePostEnable
                0x00000790        0x8 .\CortexM0\ARM_GCC_493\Debug\electronic_derailleur.a(UART.o)
 .text.UART_Init
                0x00000798        0x8 .\CortexM0\ARM_GCC_493\Debug\electronic_derailleur.a(UART.o)
                0x00000798                UART_Init
 .text.UART_Enable
                0x000007a0       0x18 .\CortexM0\ARM_GCC_493\Debug\electronic_derailleur.a(UART.o)
                0x000007a0                UART_Enable
 .text.UART_Start
                0x000007b8       0x20 .\CortexM0\ARM_GCC_493\Debug\electronic_derailleur.a(UART.o)
                0x000007b8                UART_Start
 .text.UART_UartInit
                0x000007d8       0x98 .\CortexM0\ARM_GCC_493\Debug\electronic_derailleur.a(UART_UART.o)
                0x000007d8                UART_UartInit
 .text.UART_UartPostEnable
                0x00000870       0x1c .\CortexM0\ARM_GCC_493\Debug\electronic_derailleur.a(UART_UART.o)
                0x00000870                UART_UartPostEnable
 .text.UART_UartPutString
                0x0000088c       0x18 .\CortexM0\ARM_GCC_493\Debug\electronic_derailleur.a(UART_UART.o)
                0x0000088c                UART_UartPutString
 *fill*         0x000008a4        0x4 
 .text          0x000008a8       0x20 .\CortexM0\ARM_GCC_493\Debug\electronic_derailleur.a(CyBootAsmGnu.o)
                0x000008a8                CyDelayCycles
                0x000008ba                CyEnterCriticalSection
                0x000008c2                CyExitCriticalSection
 .text.CySysClkWriteImoFreq
                0x000008c8       0x64 .\CortexM0\ARM_GCC_493\Debug\electronic_derailleur.a(CyLib.o)
                0x000008c8                CySysClkWriteImoFreq
 .text.CySysClkEcoReadStatus
                0x0000092c       0x10 .\CortexM0\ARM_GCC_493\Debug\electronic_derailleur.a(CyLib.o)
                0x0000092c                CySysClkEcoReadStatus
 .text.CyIntEnable
                0x0000093c       0x14 .\CortexM0\ARM_GCC_493\Debug\electronic_derailleur.a(CyLib.o)
                0x0000093c                CyIntEnable
 .text.CyIntDisable
                0x00000950       0x14 .\CortexM0\ARM_GCC_493\Debug\electronic_derailleur.a(CyLib.o)
                0x00000950                CyIntDisable
 .text.CyHalt   0x00000964        0x4 .\CortexM0\ARM_GCC_493\Debug\electronic_derailleur.a(CyLib.o)
                0x00000964                CyHalt
 .text.CyIntSetVector
                0x00000968       0x24 .\CortexM0\ARM_GCC_493\Debug\electronic_derailleur.a(CyLib.o)
                0x00000968                CyIntSetVector
 .text.CyIntSetPriority
                0x0000098c       0x4c .\CortexM0\ARM_GCC_493\Debug\electronic_derailleur.a(CyLib.o)
                0x0000098c                CyIntSetPriority
 .text.CyDelayUs
                0x000009d8       0x14 .\CortexM0\ARM_GCC_493\Debug\electronic_derailleur.a(CyLib.o)
                0x000009d8                CyDelayUs
 .text.CySysClkEcoStart
                0x000009ec       0x54 .\CortexM0\ARM_GCC_493\Debug\electronic_derailleur.a(CyLib.o)
                0x000009ec                CySysClkEcoStart
 .text.CySysWdtLocked
                0x00000a40       0x14 .\CortexM0\ARM_GCC_493\Debug\electronic_derailleur.a(CyLFClk.o)
 .text.CySysClkWcoStart
                0x00000a54       0x40 .\CortexM0\ARM_GCC_493\Debug\electronic_derailleur.a(CyLFClk.o)
                0x00000a54                CySysClkWcoStart
 .text.CySysClkWcoSetPowerMode
                0x00000a94       0x80 .\CortexM0\ARM_GCC_493\Debug\electronic_derailleur.a(CyLFClk.o)
                0x00000a94                CySysClkWcoSetPowerMode
 .text.CySysWdtLock
                0x00000b14       0x1c .\CortexM0\ARM_GCC_493\Debug\electronic_derailleur.a(CyLFClk.o)
                0x00000b14                CySysWdtLock
 .text.CySysWdtUnlock
                0x00000b30       0x30 .\CortexM0\ARM_GCC_493\Debug\electronic_derailleur.a(CyLFClk.o)
                0x00000b30                CySysWdtUnlock
 .text.CySysWdtClearInterrupt
                0x00000b60       0x4c .\CortexM0\ARM_GCC_493\Debug\electronic_derailleur.a(CyLFClk.o)
                0x00000b60                CySysWdtClearInterrupt
 .text.CySysWdtIsr
                0x00000bac       0xa4 .\CortexM0\ARM_GCC_493\Debug\electronic_derailleur.a(CyLFClk.o)
                0x00000bac                CySysWdtIsr
 .text.shifter_switches_ClearInterrupt
                0x00000c50       0x10 .\CortexM0\ARM_GCC_493\Debug\electronic_derailleur.a(shifter_switches.o)
                0x00000c50                shifter_switches_ClearInterrupt
 .text.shifter_isr_SetVector
                0x00000c60        0xc .\CortexM0\ARM_GCC_493\Debug\electronic_derailleur.a(shifter_isr.o)
                0x00000c60                shifter_isr_SetVector
 .text.shifter_isr_SetPriority
                0x00000c6c       0x20 .\CortexM0\ARM_GCC_493\Debug\electronic_derailleur.a(shifter_isr.o)
                0x00000c6c                shifter_isr_SetPriority
 .text.shifter_isr_Enable
                0x00000c8c        0xc .\CortexM0\ARM_GCC_493\Debug\electronic_derailleur.a(shifter_isr.o)
                0x00000c8c                shifter_isr_Enable
 .text.shifter_isr_Disable
                0x00000c98        0xc .\CortexM0\ARM_GCC_493\Debug\electronic_derailleur.a(shifter_isr.o)
                0x00000c98                shifter_isr_Disable
 .text.shifter_isr_StartEx
                0x00000ca4       0x1c .\CortexM0\ARM_GCC_493\Debug\electronic_derailleur.a(shifter_isr.o)
                0x00000ca4                shifter_isr_StartEx
 .text.shifter_isr_ClearPending
                0x00000cc0        0xc .\CortexM0\ARM_GCC_493\Debug\electronic_derailleur.a(shifter_isr.o)
                0x00000cc0                shifter_isr_ClearPending
 .text.PWM_Enable
                0x00000ccc       0x10 .\CortexM0\ARM_GCC_493\Debug\electronic_derailleur.a(PWM.o)
                0x00000ccc                PWM_Enable
 .text.PWM_WriteCounter
                0x00000cdc        0xc .\CortexM0\ARM_GCC_493\Debug\electronic_derailleur.a(PWM.o)
                0x00000cdc                PWM_WriteCounter
 .text.PWM_WritePeriod
                0x00000ce8        0xc .\CortexM0\ARM_GCC_493\Debug\electronic_derailleur.a(PWM.o)
                0x00000ce8                PWM_WritePeriod
 .text.PWM_WriteCompare1
                0x00000cf4        0xc .\CortexM0\ARM_GCC_493\Debug\electronic_derailleur.a(PWM.o)
                0x00000cf4                PWM_WriteCompare1
 .text.PWM_WriteCompare2
                0x00000d00        0xc .\CortexM0\ARM_GCC_493\Debug\electronic_derailleur.a(PWM.o)
                0x00000d00                PWM_WriteCompare2
 .text.PWM_SetInterruptMode
                0x00000d0c        0xc .\CortexM0\ARM_GCC_493\Debug\electronic_derailleur.a(PWM.o)
                0x00000d0c                PWM_SetInterruptMode
 .text.PWM_ReadStatusRegister
                0x00000d18        0xc .\CortexM0\ARM_GCC_493\Debug\electronic_derailleur.a(PWM.o)
                0x00000d18                PWM_ReadStatusRegister
 .text.PWM_ReadCapture
                0x00000d24        0xc .\CortexM0\ARM_GCC_493\Debug\electronic_derailleur.a(PWM.o)
                0x00000d24                PWM_ReadCapture
 .text.PWM_ClearFIFO
                0x00000d30       0x14 .\CortexM0\ARM_GCC_493\Debug\electronic_derailleur.a(PWM.o)
                0x00000d30                PWM_ClearFIFO
 .text.PWM_Init
                0x00000d44       0x58 .\CortexM0\ARM_GCC_493\Debug\electronic_derailleur.a(PWM.o)
                0x00000d44                PWM_Init
 .text.PWM_Start
                0x00000d9c       0x20 .\CortexM0\ARM_GCC_493\Debug\electronic_derailleur.a(PWM.o)
                0x00000d9c                PWM_Start
 .text.front_motor_Write
                0x00000dbc        0xc .\CortexM0\ARM_GCC_493\Debug\electronic_derailleur.a(front_motor.o)
                0x00000dbc                front_motor_Write
 .text.QuadDec_Enable
                0x00000dc8       0x1c .\CortexM0\ARM_GCC_493\Debug\electronic_derailleur.a(QuadDec.o)
                0x00000dc8                QuadDec_Enable
 .text.QuadDec_WriteCounter
                0x00000de4       0x10 .\CortexM0\ARM_GCC_493\Debug\electronic_derailleur.a(QuadDec.o)
                0x00000de4                QuadDec_WriteCounter
 .text.QuadDec_ReadCounter
                0x00000df4       0x10 .\CortexM0\ARM_GCC_493\Debug\electronic_derailleur.a(QuadDec.o)
                0x00000df4                QuadDec_ReadCounter
 .text.QuadDec_SetCounterMode
                0x00000e04       0x28 .\CortexM0\ARM_GCC_493\Debug\electronic_derailleur.a(QuadDec.o)
                0x00000e04                QuadDec_SetCounterMode
 .text.QuadDec_WritePeriod
                0x00000e2c       0x10 .\CortexM0\ARM_GCC_493\Debug\electronic_derailleur.a(QuadDec.o)
                0x00000e2c                QuadDec_WritePeriod
 .text.QuadDec_TriggerCommand
                0x00000e3c       0x1c .\CortexM0\ARM_GCC_493\Debug\electronic_derailleur.a(QuadDec.o)
                0x00000e3c                QuadDec_TriggerCommand
 .text.QuadDec_SetInterruptMode
                0x00000e58        0xc .\CortexM0\ARM_GCC_493\Debug\electronic_derailleur.a(QuadDec.o)
                0x00000e58                QuadDec_SetInterruptMode
 .text.QuadDec_Init
                0x00000e64       0x3c .\CortexM0\ARM_GCC_493\Debug\electronic_derailleur.a(QuadDec.o)
                0x00000e64                QuadDec_Init
 .text.QuadDec_Start
                0x00000ea0       0x20 .\CortexM0\ARM_GCC_493\Debug\electronic_derailleur.a(QuadDec.o)
                0x00000ea0                QuadDec_Start
 .text.ADC_SAR_SEQ_Init
                0x00000ec0       0xfc .\CortexM0\ARM_GCC_493\Debug\electronic_derailleur.a(ADC_SAR_SEQ.o)
                0x00000ec0                ADC_SAR_SEQ_Init
 .text.ADC_SAR_SEQ_Enable
                0x00000fbc       0x30 .\CortexM0\ARM_GCC_493\Debug\electronic_derailleur.a(ADC_SAR_SEQ.o)
                0x00000fbc                ADC_SAR_SEQ_Enable
 .text.ADC_SAR_SEQ_Start
                0x00000fec       0x20 .\CortexM0\ARM_GCC_493\Debug\electronic_derailleur.a(ADC_SAR_SEQ.o)
                0x00000fec                ADC_SAR_SEQ_Start
 .text.ADC_SAR_SEQ_StartConvert
                0x0000100c       0x14 .\CortexM0\ARM_GCC_493\Debug\electronic_derailleur.a(ADC_SAR_SEQ.o)
                0x0000100c                ADC_SAR_SEQ_StartConvert
 .text.ADC_SAR_SEQ_ISR
                0x00001020        0xc .\CortexM0\ARM_GCC_493\Debug\electronic_derailleur.a(ADC_SAR_SEQ_INT.o)
                0x00001020                ADC_SAR_SEQ_ISR
 .text.I2C_ScbEnableIntr
                0x0000102c        0xc .\CortexM0\ARM_GCC_493\Debug\electronic_derailleur.a(I2C.o)
 .text.I2C_Init
                0x00001038        0x8 .\CortexM0\ARM_GCC_493\Debug\electronic_derailleur.a(I2C.o)
                0x00001038                I2C_Init
 .text.I2C_Enable
                0x00001040       0x18 .\CortexM0\ARM_GCC_493\Debug\electronic_derailleur.a(I2C.o)
                0x00001040                I2C_Enable
 .text.I2C_Start
                0x00001058       0x20 .\CortexM0\ARM_GCC_493\Debug\electronic_derailleur.a(I2C.o)
                0x00001058                I2C_Start
 .text.I2C_I2CInit
                0x00001078       0xbc .\CortexM0\ARM_GCC_493\Debug\electronic_derailleur.a(I2C_I2C.o)
                0x00001078                I2C_I2CInit
 .text.I2C_I2CMasterStatus
                0x00001134       0x30 .\CortexM0\ARM_GCC_493\Debug\electronic_derailleur.a(I2C_I2C_MASTER.o)
                0x00001134                I2C_I2CMasterStatus
 .text.I2C_I2CReStartGeneration
                0x00001164       0x20 .\CortexM0\ARM_GCC_493\Debug\electronic_derailleur.a(I2C_I2C_MASTER.o)
                0x00001164                I2C_I2CReStartGeneration
 .text.I2C_I2CMasterWriteBuf
                0x00001184       0xec .\CortexM0\ARM_GCC_493\Debug\electronic_derailleur.a(I2C_I2C_MASTER.o)
                0x00001184                I2C_I2CMasterWriteBuf
 .text.I2C_I2CMasterReadBuf
                0x00001270       0xfc .\CortexM0\ARM_GCC_493\Debug\electronic_derailleur.a(I2C_I2C_MASTER.o)
                0x00001270                I2C_I2CMasterReadBuf
 .text.UART_SpiUartWriteTxData
                0x0000136c       0x1c .\CortexM0\ARM_GCC_493\Debug\electronic_derailleur.a(UART_SPI_UART.o)
                0x0000136c                UART_SpiUartWriteTxData
 .text.I2C_I2C_ISR
                0x00001388      0x374 .\CortexM0\ARM_GCC_493\Debug\electronic_derailleur.a(I2C_I2C_INT.o)
                0x00001388                I2C_I2C_ISR
 .text          0x000016fc      0x120 c:/program files (x86)/cypress/psoc creator/3.3/psoc creator/import/gnu/arm/4.9.3/bin/../lib/gcc/arm-none-eabi/4.9.3/armv6-m\libgcc.a(_udivsi3.o)
                0x000016fc                __aeabi_uidiv
                0x000016fc                __udivsi3
                0x00001808                __aeabi_uidivmod
 .text          0x0000181c        0x4 c:/program files (x86)/cypress/psoc creator/3.3/psoc creator/import/gnu/arm/4.9.3/bin/../lib/gcc/arm-none-eabi/4.9.3/armv6-m\libgcc.a(_dvmd_tls.o)
                0x0000181c                __aeabi_idiv0
                0x0000181c                __aeabi_ldiv0
 .text.__errno  0x00001820        0xc c:/program files (x86)/cypress/psoc creator/3.3/psoc creator/import/gnu/arm/4.9.3/bin/../lib/gcc/arm-none-eabi/4.9.3/../../../../arm-none-eabi/lib/armv6-m\libg_nano.a(lib_a-errno.o)
                0x00001820                __errno
 .text.__libc_init_array
                0x0000182c       0x4c c:/program files (x86)/cypress/psoc creator/3.3/psoc creator/import/gnu/arm/4.9.3/bin/../lib/gcc/arm-none-eabi/4.9.3/../../../../arm-none-eabi/lib/armv6-m\libg_nano.a(lib_a-init.o)
                0x0000182c                __libc_init_array
 .text.memset   0x00001878       0x10 c:/program files (x86)/cypress/psoc creator/3.3/psoc creator/import/gnu/arm/4.9.3/bin/../lib/gcc/arm-none-eabi/4.9.3/../../../../arm-none-eabi/lib/armv6-m\libg_nano.a(lib_a-memset.o)
                0x00001878                memset
 .text.sprintf  0x00001888       0x44 c:/program files (x86)/cypress/psoc creator/3.3/psoc creator/import/gnu/arm/4.9.3/bin/../lib/gcc/arm-none-eabi/4.9.3/../../../../arm-none-eabi/lib/armv6-m\libg_nano.a(lib_a-sprintf.o)
                0x00001888                siprintf
                0x00001888                sprintf
 .text.__ssputs_r
                0x000018cc       0xc0 c:/program files (x86)/cypress/psoc creator/3.3/psoc creator/import/gnu/arm/4.9.3/bin/../lib/gcc/arm-none-eabi/4.9.3/../../../../arm-none-eabi/lib/armv6-m\libg_nano.a(lib_a-nano-svfprintf.o)
                0x000018cc                __ssputs_r
 .text._svfprintf_r
                0x0000198c      0x1ec c:/program files (x86)/cypress/psoc creator/3.3/psoc creator/import/gnu/arm/4.9.3/bin/../lib/gcc/arm-none-eabi/4.9.3/../../../../arm-none-eabi/lib/armv6-m\libg_nano.a(lib_a-nano-svfprintf.o)
                0x0000198c                _svfiprintf_r
                0x0000198c                _svfprintf_r
 .text._printf_common
                0x00001b78       0xdc c:/program files (x86)/cypress/psoc creator/3.3/psoc creator/import/gnu/arm/4.9.3/bin/../lib/gcc/arm-none-eabi/4.9.3/../../../../arm-none-eabi/lib/armv6-m\libg_nano.a(lib_a-nano-vfprintf_i.o)
                0x00001b78                _printf_common
 .text._printf_i
                0x00001c54      0x230 c:/program files (x86)/cypress/psoc creator/3.3/psoc creator/import/gnu/arm/4.9.3/bin/../lib/gcc/arm-none-eabi/4.9.3/../../../../arm-none-eabi/lib/armv6-m\libg_nano.a(lib_a-nano-vfprintf_i.o)
                0x00001c54                _printf_i
 .text.memchr   0x00001e84       0x16 c:/program files (x86)/cypress/psoc creator/3.3/psoc creator/import/gnu/arm/4.9.3/bin/../lib/gcc/arm-none-eabi/4.9.3/../../../../arm-none-eabi/lib/armv6-m\libg_nano.a(lib_a-memchr.o)
                0x00001e84                memchr
 .text.memcpy   0x00001e9a       0x12 c:/program files (x86)/cypress/psoc creator/3.3/psoc creator/import/gnu/arm/4.9.3/bin/../lib/gcc/arm-none-eabi/4.9.3/../../../../arm-none-eabi/lib/armv6-m\libg_nano.a(lib_a-memcpy.o)
                0x00001e9a                memcpy
 .text.memmove  0x00001eac       0x28 c:/program files (x86)/cypress/psoc creator/3.3/psoc creator/import/gnu/arm/4.9.3/bin/../lib/gcc/arm-none-eabi/4.9.3/../../../../arm-none-eabi/lib/armv6-m\libg_nano.a(lib_a-memmove.o)
                0x00001eac                memmove
 .text._free_r  0x00001ed4       0x8c c:/program files (x86)/cypress/psoc creator/3.3/psoc creator/import/gnu/arm/4.9.3/bin/../lib/gcc/arm-none-eabi/4.9.3/../../../../arm-none-eabi/lib/armv6-m\libg_nano.a(lib_a-nano-freer.o)
                0x00001ed4                _free_r
 .text._malloc_r
                0x00001f60       0xb0 c:/program files (x86)/cypress/psoc creator/3.3/psoc creator/import/gnu/arm/4.9.3/bin/../lib/gcc/arm-none-eabi/4.9.3/../../../../arm-none-eabi/lib/armv6-m\libg_nano.a(lib_a-nano-mallocr.o)
                0x00001f60                _malloc_r
 .text._realloc_r
                0x00002010       0x4c c:/program files (x86)/cypress/psoc creator/3.3/psoc creator/import/gnu/arm/4.9.3/bin/../lib/gcc/arm-none-eabi/4.9.3/../../../../arm-none-eabi/lib/armv6-m\libg_nano.a(lib_a-nano-reallocr.o)
                0x00002010                _realloc_r
 .text._sbrk_r  0x0000205c       0x24 c:/program files (x86)/cypress/psoc creator/3.3/psoc creator/import/gnu/arm/4.9.3/bin/../lib/gcc/arm-none-eabi/4.9.3/../../../../arm-none-eabi/lib/armv6-m\libg_nano.a(lib_a-sbrkr.o)
                0x0000205c                _sbrk_r
 .text._malloc_usable_size_r
                0x00002080       0x16 c:/program files (x86)/cypress/psoc creator/3.3/psoc creator/import/gnu/arm/4.9.3/bin/../lib/gcc/arm-none-eabi/4.9.3/../../../../arm-none-eabi/lib/armv6-m\libg_nano.a(lib_a-nano-msizer.o)
                0x00002080                _malloc_usable_size_r
 *(.plt)
 *(.gnu.warning)
 *(.glue_7t)
 .glue_7t       0x00000000        0x0 linker stubs
 *(.glue_7)
 .glue_7        0x00000000        0x0 linker stubs
 *(.vfp11_veneer)
 .vfp11_veneer  0x00000000        0x0 linker stubs
 *(.bootloader)
 *(.ARM.extab* .gnu.linkonce.armextab.*)
 *(.gcc_except_table)

.v4_bx          0x00002098        0x0
 .v4_bx         0x00000000        0x0 linker stubs

.iplt           0x00002098        0x0
 .iplt          0x00000000        0x0 c:/program files (x86)/cypress/psoc creator/3.3/psoc creator/import/gnu/arm/4.9.3/bin/../lib/gcc/arm-none-eabi/4.9.3/armv6-m/crtbegin.o

.eh_frame_hdr
 *(.eh_frame_hdr)

.eh_frame       0x00002098        0x4
 *(.eh_frame)
 .eh_frame      0x00002098        0x0 c:/program files (x86)/cypress/psoc creator/3.3/psoc creator/import/gnu/arm/4.9.3/bin/../lib/gcc/arm-none-eabi/4.9.3/armv6-m/crtbegin.o
 .eh_frame      0x00002098        0x4 c:/program files (x86)/cypress/psoc creator/3.3/psoc creator/import/gnu/arm/4.9.3/bin/../lib/gcc/arm-none-eabi/4.9.3/armv6-m/crtend.o
                0x0000209c                PROVIDE (__exidx_start, .)

.ARM.exidx
 *(.ARM.exidx* .gnu.linkonce.armexidx.*)
                0x0000209c                __exidx_end = .

.rodata         0x0000209c      0x23c
 *(.rodata .rodata.* .gnu.linkonce.r.*)
 .rodata.str1.4
                0x0000209c       0x70 .\CortexM0\ARM_GCC_493\Debug\main.o
                                 0x80 (size before relaxing)
 .rodata        0x0000210c      0x130 .\CortexM0\ARM_GCC_493\Debug\electronic_derailleur.a(cyfitter_cfg.o)
 .rodata        0x0000223c       0x30 .\CortexM0\ARM_GCC_493\Debug\electronic_derailleur.a(CyLib.o)
                0x0000223c                cyImoFreqMhz2Reg
 .rodata.str1.1
                0x0000226c        0x2 c:/program files (x86)/cypress/psoc creator/3.3/psoc creator/import/gnu/arm/4.9.3/bin/../lib/gcc/arm-none-eabi/4.9.3/../../../../arm-none-eabi/lib/armv6-m\libg_nano.a(lib_a-impure.o)
 .rodata.str1.1
                0x0000226e       0x11 c:/program files (x86)/cypress/psoc creator/3.3/psoc creator/import/gnu/arm/4.9.3/bin/../lib/gcc/arm-none-eabi/4.9.3/../../../../arm-none-eabi/lib/armv6-m\libg_nano.a(lib_a-nano-svfprintf.o)
 .rodata.str1.1
                0x0000227f       0x22 c:/program files (x86)/cypress/psoc creator/3.3/psoc creator/import/gnu/arm/4.9.3/bin/../lib/gcc/arm-none-eabi/4.9.3/../../../../arm-none-eabi/lib/armv6-m\libg_nano.a(lib_a-nano-vfprintf_i.o)
                0x000022a4                . = ALIGN (0x4)
 *fill*         0x000022a1        0x3 
 *(.init)
 .init          0x000022a4        0x4 c:/program files (x86)/cypress/psoc creator/3.3/psoc creator/import/gnu/arm/4.9.3/bin/../lib/gcc/arm-none-eabi/4.9.3/armv6-m/crti.o
                0x000022a4                _init
 .init          0x000022a8        0x8 c:/program files (x86)/cypress/psoc creator/3.3/psoc creator/import/gnu/arm/4.9.3/bin/../lib/gcc/arm-none-eabi/4.9.3/armv6-m/crtn.o
                0x000022b0                . = ALIGN (0x4)
                0x000022b0                __preinit_array_start = .
 *(.preinit_array)
                0x000022b0                __preinit_array_end = .
                0x000022b0                . = ALIGN (0x4)
                0x000022b0                __init_array_start = .
 *(SORT(.init_array.*))
 *(.init_array)
 .init_array    0x000022b0        0x4 c:/program files (x86)/cypress/psoc creator/3.3/psoc creator/import/gnu/arm/4.9.3/bin/../lib/gcc/arm-none-eabi/4.9.3/armv6-m/crtbegin.o
 .init_array    0x000022b4        0x4 .\CortexM0\ARM_GCC_493\Debug\Cm0Start.o
                0x000022b8                __init_array_end = .
                0x000022b8                . = ALIGN (0x4)
 *(.fini)
 .fini          0x000022b8        0x4 c:/program files (x86)/cypress/psoc creator/3.3/psoc creator/import/gnu/arm/4.9.3/bin/../lib/gcc/arm-none-eabi/4.9.3/armv6-m/crti.o
                0x000022b8                _fini
 .fini          0x000022bc        0x8 c:/program files (x86)/cypress/psoc creator/3.3/psoc creator/import/gnu/arm/4.9.3/bin/../lib/gcc/arm-none-eabi/4.9.3/armv6-m/crtn.o
                0x000022c4                . = ALIGN (0x4)
                0x000022c4                __fini_array_start = .
 *(.fini_array)
 .fini_array    0x000022c4        0x4 c:/program files (x86)/cypress/psoc creator/3.3/psoc creator/import/gnu/arm/4.9.3/bin/../lib/gcc/arm-none-eabi/4.9.3/armv6-m/crtbegin.o
 *(SORT(.fini_array.*))
                0x000022c8                __fini_array_end = .
                0x000022c8                . = ALIGN (0x4)
 *crtbegin.o(.ctors)
 *(EXCLUDE_FILE(*crtend.o) .ctors)
 *(SORT(.ctors.*))
 *crtend.o(.ctors)
                0x000022c8                . = ALIGN (0x4)
 *crtbegin.o(.dtors)
 *(EXCLUDE_FILE(*crtend.o) .dtors)
 *(SORT(.dtors.*))
 *crtend.o(.dtors)
                0x000022c8                . = ALIGN (0x4)
                0x000022c8                __cy_regions = .
                0x000022c8        0x4 LONG 0x22d8 __cy_region_init_ram
                0x000022cc        0x4 LONG 0x200000c8 __cy_region_start_data
                0x000022d0        0x4 LONG 0x80 __cy_region_init_size_ram
                0x000022d4        0x4 LONG 0xa0 __cy_region_zero_size_ram
                0x000022d8                __cy_regions_end = .
                0x000022d8                . = ALIGN (0x8)
                0x000022d8                _etext = .

.cy_checksum_exclude
                0x000022d8        0x0
 *(.cy_checksum_exclude)

.ramvectors     0x20000000       0xc0
                0x20000000                __cy_region_start_ram = .
 *(.ramvectors)
 .ramvectors    0x20000000       0xc0 .\CortexM0\ARM_GCC_493\Debug\Cm0Start.o
                0x20000000                CyRamVectors

.noinit         0x200000c0        0x4
 *(.noinit)
 .noinit        0x200000c0        0x4 .\CortexM0\ARM_GCC_493\Debug\Cm0Start.o

.data           0x200000c8       0x80 load address 0x000022d8
                0x200000c8                __cy_region_start_data = .
 *(.jcr)
 .jcr           0x200000c8        0x0 c:/program files (x86)/cypress/psoc creator/3.3/psoc creator/import/gnu/arm/4.9.3/bin/../lib/gcc/arm-none-eabi/4.9.3/armv6-m/crtbegin.o
 .jcr           0x200000c8        0x4 c:/program files (x86)/cypress/psoc creator/3.3/psoc creator/import/gnu/arm/4.9.3/bin/../lib/gcc/arm-none-eabi/4.9.3/armv6-m/crtend.o
 *(.got.plt)
 *(.got)
 *(.shdata)
 *(.data .data.* .gnu.linkonce.d.*)
 .data          0x200000cc        0x4 .\CortexM0\ARM_GCC_493\Debug\Cm0Start.o
 .data          0x200000d0       0x10 .\CortexM0\ARM_GCC_493\Debug\electronic_derailleur.a(CyLib.o)
                0x200000d0                cydelay32kMs
                0x200000d4                cydelayFreqKhz
                0x200000d8                cydelayFreqMhz
                0x200000dc                cydelayFreqHz
 .data          0x200000e0        0x4 .\CortexM0\ARM_GCC_493\Debug\electronic_derailleur.a(CyLFClk.o)
 .data.impure_data
                0x200000e4       0x60 c:/program files (x86)/cypress/psoc creator/3.3/psoc creator/import/gnu/arm/4.9.3/bin/../lib/gcc/arm-none-eabi/4.9.3/../../../../arm-none-eabi/lib/armv6-m\libg_nano.a(lib_a-impure.o)
 .data._impure_ptr
                0x20000144        0x4 c:/program files (x86)/cypress/psoc creator/3.3/psoc creator/import/gnu/arm/4.9.3/bin/../lib/gcc/arm-none-eabi/4.9.3/../../../../arm-none-eabi/lib/armv6-m\libg_nano.a(lib_a-impure.o)
                0x20000144                _impure_ptr
                0x20000148                . = ALIGN (0x8)
 *(.ram)
                0x20000148                _edata = .

.igot.plt       0x20000148        0x0 load address 0x00002358
 .igot.plt      0x00000000        0x0 c:/program files (x86)/cypress/psoc creator/3.3/psoc creator/import/gnu/arm/4.9.3/bin/../lib/gcc/arm-none-eabi/4.9.3/armv6-m/crtbegin.o

.bss            0x20000148       0xa0 load address 0x00002358
                0x20000148                PROVIDE (__bss_start__, .)
 *(.shbss)
 *(.bss .bss.* .gnu.linkonce.b.*)
 .bss           0x20000148       0x1c c:/program files (x86)/cypress/psoc creator/3.3/psoc creator/import/gnu/arm/4.9.3/bin/../lib/gcc/arm-none-eabi/4.9.3/armv6-m/crtbegin.o
 .bss           0x20000164       0x18 .\CortexM0\ARM_GCC_493\Debug\main.o
                0x20000164                shift_isr_status
                0x20000168                bufferUART
 .bss           0x2000017c        0x1 .\CortexM0\ARM_GCC_493\Debug\electronic_derailleur.a(UART.o)
                0x2000017c                UART_initVar
 *fill*         0x2000017d        0x3 
 .bss           0x20000180       0x1c .\CortexM0\ARM_GCC_493\Debug\electronic_derailleur.a(CyLFClk.o)
 .bss           0x2000019c        0x1 .\CortexM0\ARM_GCC_493\Debug\electronic_derailleur.a(PWM.o)
                0x2000019c                PWM_initVar
 .bss           0x2000019d        0x1 .\CortexM0\ARM_GCC_493\Debug\electronic_derailleur.a(QuadDec.o)
                0x2000019d                QuadDec_initVar
 .bss           0x2000019e        0x1 .\CortexM0\ARM_GCC_493\Debug\electronic_derailleur.a(ADC_SAR_SEQ.o)
                0x2000019e                ADC_SAR_SEQ_initVar
 *fill*         0x2000019f        0x1 
 .bss           0x200001a0        0x8 .\CortexM0\ARM_GCC_493\Debug\electronic_derailleur.a(I2C.o)
                0x200001a0                I2C_initVar
                0x200001a4                I2C_customIntrHandler
 .bss.__malloc_sbrk_start
                0x200001a8        0x4 c:/program files (x86)/cypress/psoc creator/3.3/psoc creator/import/gnu/arm/4.9.3/bin/../lib/gcc/arm-none-eabi/4.9.3/../../../../arm-none-eabi/lib/armv6-m\libg_nano.a(lib_a-nano-mallocr.o)
                0x200001a8                __malloc_sbrk_start
 .bss.__malloc_free_list
                0x200001ac        0x4 c:/program files (x86)/cypress/psoc creator/3.3/psoc creator/import/gnu/arm/4.9.3/bin/../lib/gcc/arm-none-eabi/4.9.3/../../../../arm-none-eabi/lib/armv6-m\libg_nano.a(lib_a-nano-mallocr.o)
                0x200001ac                __malloc_free_list
 *(COMMON)
 COMMON         0x200001b0        0x8 .\CortexM0\ARM_GCC_493\Debug\electronic_derailleur.a(ADC_SAR_SEQ.o)
                0x200001b0                ADC_SAR_SEQ_offset
                0x200001b4                ADC_SAR_SEQ_countsPer10Volt
 COMMON         0x200001b8        0x1 .\CortexM0\ARM_GCC_493\Debug\electronic_derailleur.a(I2C_I2C.o)
                0x200001b8                I2C_state
 *fill*         0x200001b9        0x3 
 COMMON         0x200001bc       0x24 .\CortexM0\ARM_GCC_493\Debug\electronic_derailleur.a(I2C_I2C_MASTER.o)
                0x200001bc                I2C_mstrWrBufIndexTmp
                0x200001c0                I2C_mstrWrBufIndex
                0x200001c4                I2C_mstrWrBufSize
                0x200001c8                I2C_mstrStatus
                0x200001cc                I2C_mstrRdBufPtr
                0x200001d0                I2C_mstrControl
                0x200001d4                I2C_mstrRdBufSize
                0x200001d8                I2C_mstrRdBufIndex
                0x200001dc                I2C_mstrWrBufPtr
 COMMON         0x200001e0        0x4 c:/program files (x86)/cypress/psoc creator/3.3/psoc creator/import/gnu/arm/4.9.3/bin/../lib/gcc/arm-none-eabi/4.9.3/../../../../arm-none-eabi/lib/armv6-m\libg_nano.a(lib_a-reent.o)
                0x200001e0                errno
                0x200001e8                . = ALIGN (0x8)
 *fill*         0x200001e4        0x4 
 *(.ram.b)
                0x200001e8                _end = .
                0x200001e8                __end = .
                0x200001e8                PROVIDE (end, .)
                0x200001e8                PROVIDE (__bss_end__, .)
                0x000022d8                __cy_region_init_ram = LOADADDR (.data)
                0x00000080                __cy_region_init_size_ram = (_edata - ADDR (.data))
                0x000000a0                __cy_region_zero_size_ram = (_end - _edata)

.heap           0x200001e8       0x80 load address 0x00002358
                0x200001e8                . = _end
                0x20000268                . = (. + 0x80)
 *fill*         0x200001e8       0x80 
                0x20000268                __cy_heap_limit = .

.stack          0x20003800      0x800
                0x20003800                __cy_stack_limit = .
                0x20004000                . = (. + 0x800)
 *fill*         0x20003800      0x800 
                0x00000001                ASSERT ((__cy_stack_limit >= __cy_heap_limit), region RAM overflowed with stack)
                0x00000000                cy_checksum_exclude_size = (CY_APPL_LOADABLE == 0x1)?SIZEOF (.cy_checksum_exclude):0x0
                0x00000001                ASSERT ((cy_checksum_exclude_size <= CY_CHECKSUM_EXCLUDE_SIZE), CY_BOOT: Section .cy_checksum_exclude size exceedes specified limit.)
                0x0001ffc0                cyloadermeta_start = (cy_project_type_bootloader || cy_project_type_app_for_stack_and_copier)?(0x20000 - CY_METADATA_SIZE):0xf0000000

.cyloadermeta
 *(.cyloadermeta)
                0x0001ffc0                cyloadablemeta_start = cy_project_type_app_for_stack_and_copier?((0x20000 - CY_FLASH_ROW_SIZE) - CY_METADATA_SIZE):((0x20000 - (CY_FLASH_ROW_SIZE * (CY_APPL_NUM - 0x1))) - CY_METADATA_SIZE)

.cyloadablemeta
 *(.cyloadablemeta)

.cyflashprotect
                0x90400000       0x80
 *(.cyflashprotect)
 .cyflashprotect
                0x90400000       0x80 .\CortexM0\ARM_GCC_493\Debug\cymetadata.o
                0x90400000                cy_meta_flashprotect

.cymeta         0x90500000        0xc
 *(.cymeta)
 .cymeta        0x90500000        0xc .\CortexM0\ARM_GCC_493\Debug\cymetadata.o
                0x90500000                cy_metadata

.cychipprotect  0x90600000        0x4
 *(.cychipprotect)
 .cychipprotect
                0x90600000        0x4 .\CortexM0\ARM_GCC_493\Debug\cymetadata.o
                0x90600000                cy_meta_chipprotect

.rel.dyn        0x00002358        0x0 load address 0x90600004
 .rel.iplt      0x00000000        0x0 c:/program files (x86)/cypress/psoc creator/3.3/psoc creator/import/gnu/arm/4.9.3/bin/../lib/gcc/arm-none-eabi/4.9.3/armv6-m/crtbegin.o

.stab
 *(.stab)

.stabstr
 *(.stabstr)

.debug
 *(.debug)

.line
 *(.line)

.debug_srcinfo
 *(.debug_srcinfo)

.debug_sfnames
 *(.debug_sfnames)

.debug_aranges  0x00000000      0xa18
 *(.debug_aranges)
 .debug_aranges
                0x00000000       0x48 .\CortexM0\ARM_GCC_493\Debug\main.o
 .debug_aranges
                0x00000048       0x18 .\CortexM0\ARM_GCC_493\Debug\cymetadata.o
 .debug_aranges
                0x00000060       0x48 .\CortexM0\ARM_GCC_493\Debug\Cm0Start.o
 .debug_aranges
                0x000000a8       0x48 .\CortexM0\ARM_GCC_493\Debug\electronic_derailleur.a(cyfitter_cfg.o)
 .debug_aranges
                0x000000f0       0x58 .\CortexM0\ARM_GCC_493\Debug\electronic_derailleur.a(UART.o)
 .debug_aranges
                0x00000148       0x88 .\CortexM0\ARM_GCC_493\Debug\electronic_derailleur.a(UART_UART.o)
 .debug_aranges
                0x000001d0       0x20 .\CortexM0\ARM_GCC_493\Debug\electronic_derailleur.a(CyBootAsmGnu.o)
 .debug_aranges
                0x000001f0      0x198 .\CortexM0\ARM_GCC_493\Debug\electronic_derailleur.a(CyLib.o)
 .debug_aranges
                0x00000388      0x150 .\CortexM0\ARM_GCC_493\Debug\electronic_derailleur.a(CyLFClk.o)
 .debug_aranges
                0x000004d8       0x40 .\CortexM0\ARM_GCC_493\Debug\electronic_derailleur.a(shifter_switches.o)
 .debug_aranges
                0x00000518       0x80 .\CortexM0\ARM_GCC_493\Debug\electronic_derailleur.a(shifter_isr.o)
 .debug_aranges
                0x00000598       0xa8 .\CortexM0\ARM_GCC_493\Debug\electronic_derailleur.a(PWM.o)
 .debug_aranges
                0x00000640       0x28 .\CortexM0\ARM_GCC_493\Debug\electronic_derailleur.a(front_motor.o)
 .debug_aranges
                0x00000668      0x158 .\CortexM0\ARM_GCC_493\Debug\electronic_derailleur.a(QuadDec.o)
 .debug_aranges
                0x000007c0       0xa8 .\CortexM0\ARM_GCC_493\Debug\electronic_derailleur.a(ADC_SAR_SEQ.o)
 .debug_aranges
                0x00000868       0x20 .\CortexM0\ARM_GCC_493\Debug\electronic_derailleur.a(ADC_SAR_SEQ_INT.o)
 .debug_aranges
                0x00000888       0x60 .\CortexM0\ARM_GCC_493\Debug\electronic_derailleur.a(I2C.o)
 .debug_aranges
                0x000008e8       0x28 .\CortexM0\ARM_GCC_493\Debug\electronic_derailleur.a(I2C_I2C.o)
 .debug_aranges
                0x00000910       0x88 .\CortexM0\ARM_GCC_493\Debug\electronic_derailleur.a(I2C_I2C_MASTER.o)
 .debug_aranges
                0x00000998       0x60 .\CortexM0\ARM_GCC_493\Debug\electronic_derailleur.a(UART_SPI_UART.o)
 .debug_aranges
                0x000009f8       0x20 .\CortexM0\ARM_GCC_493\Debug\electronic_derailleur.a(I2C_I2C_INT.o)

.debug_pubnames
 *(.debug_pubnames)

.debug_info     0x00000000     0x557e
 *(.debug_info .gnu.linkonce.wi.*)
 .debug_info    0x00000000      0x7df .\CortexM0\ARM_GCC_493\Debug\main.o
 .debug_info    0x000007df       0xfd .\CortexM0\ARM_GCC_493\Debug\cymetadata.o
 .debug_info    0x000008dc      0x38a .\CortexM0\ARM_GCC_493\Debug\Cm0Start.o
 .debug_info    0x00000c66      0x4ec .\CortexM0\ARM_GCC_493\Debug\electronic_derailleur.a(cyfitter_cfg.o)
 .debug_info    0x00001152      0x208 .\CortexM0\ARM_GCC_493\Debug\electronic_derailleur.a(UART.o)
 .debug_info    0x0000135a      0x350 .\CortexM0\ARM_GCC_493\Debug\electronic_derailleur.a(UART_UART.o)
 .debug_info    0x000016aa       0xa2 .\CortexM0\ARM_GCC_493\Debug\electronic_derailleur.a(CyBootAsmGnu.o)
 .debug_info    0x0000174c      0xb1c .\CortexM0\ARM_GCC_493\Debug\electronic_derailleur.a(CyLib.o)
 .debug_info    0x00002268      0xdba .\CortexM0\ARM_GCC_493\Debug\electronic_derailleur.a(CyLFClk.o)
 .debug_info    0x00003022      0x14e .\CortexM0\ARM_GCC_493\Debug\electronic_derailleur.a(shifter_switches.o)
 .debug_info    0x00003170      0x2fe .\CortexM0\ARM_GCC_493\Debug\electronic_derailleur.a(shifter_isr.o)
 .debug_info    0x0000346e      0x37d .\CortexM0\ARM_GCC_493\Debug\electronic_derailleur.a(PWM.o)
 .debug_info    0x000037eb       0xd5 .\CortexM0\ARM_GCC_493\Debug\electronic_derailleur.a(front_motor.o)
 .debug_info    0x000038c0      0x8ee .\CortexM0\ARM_GCC_493\Debug\electronic_derailleur.a(QuadDec.o)
 .debug_info    0x000041ae      0x591 .\CortexM0\ARM_GCC_493\Debug\electronic_derailleur.a(ADC_SAR_SEQ.o)
 .debug_info    0x0000473f       0xc3 .\CortexM0\ARM_GCC_493\Debug\electronic_derailleur.a(ADC_SAR_SEQ_INT.o)
 .debug_info    0x00004802      0x295 .\CortexM0\ARM_GCC_493\Debug\electronic_derailleur.a(I2C.o)
 .debug_info    0x00004a97      0x1a8 .\CortexM0\ARM_GCC_493\Debug\electronic_derailleur.a(I2C_I2C.o)
 .debug_info    0x00004c3f      0x5a0 .\CortexM0\ARM_GCC_493\Debug\electronic_derailleur.a(I2C_I2C_MASTER.o)
 .debug_info    0x000051df      0x215 .\CortexM0\ARM_GCC_493\Debug\electronic_derailleur.a(UART_SPI_UART.o)
 .debug_info    0x000053f4      0x18a .\CortexM0\ARM_GCC_493\Debug\electronic_derailleur.a(I2C_I2C_INT.o)

.debug_abbrev   0x00000000     0x1b6c
 *(.debug_abbrev)
 .debug_abbrev  0x00000000      0x25b .\CortexM0\ARM_GCC_493\Debug\main.o
 .debug_abbrev  0x0000025b       0x5d .\CortexM0\ARM_GCC_493\Debug\cymetadata.o
 .debug_abbrev  0x000002b8      0x1fe .\CortexM0\ARM_GCC_493\Debug\Cm0Start.o
 .debug_abbrev  0x000004b6      0x21c .\CortexM0\ARM_GCC_493\Debug\electronic_derailleur.a(cyfitter_cfg.o)
 .debug_abbrev  0x000006d2       0xe2 .\CortexM0\ARM_GCC_493\Debug\electronic_derailleur.a(UART.o)
 .debug_abbrev  0x000007b4      0x148 .\CortexM0\ARM_GCC_493\Debug\electronic_derailleur.a(UART_UART.o)
 .debug_abbrev  0x000008fc       0x14 .\CortexM0\ARM_GCC_493\Debug\electronic_derailleur.a(CyBootAsmGnu.o)
 .debug_abbrev  0x00000910      0x20d .\CortexM0\ARM_GCC_493\Debug\electronic_derailleur.a(CyLib.o)
 .debug_abbrev  0x00000b1d      0x26d .\CortexM0\ARM_GCC_493\Debug\electronic_derailleur.a(CyLFClk.o)
 .debug_abbrev  0x00000d8a       0xc6 .\CortexM0\ARM_GCC_493\Debug\electronic_derailleur.a(shifter_switches.o)
 .debug_abbrev  0x00000e50      0x1c1 .\CortexM0\ARM_GCC_493\Debug\electronic_derailleur.a(shifter_isr.o)
 .debug_abbrev  0x00001011      0x15a .\CortexM0\ARM_GCC_493\Debug\electronic_derailleur.a(PWM.o)
 .debug_abbrev  0x0000116b       0x8e .\CortexM0\ARM_GCC_493\Debug\electronic_derailleur.a(front_motor.o)
 .debug_abbrev  0x000011f9      0x140 .\CortexM0\ARM_GCC_493\Debug\electronic_derailleur.a(QuadDec.o)
 .debug_abbrev  0x00001339      0x1d0 .\CortexM0\ARM_GCC_493\Debug\electronic_derailleur.a(ADC_SAR_SEQ.o)
 .debug_abbrev  0x00001509       0x72 .\CortexM0\ARM_GCC_493\Debug\electronic_derailleur.a(ADC_SAR_SEQ_INT.o)
 .debug_abbrev  0x0000157b      0x150 .\CortexM0\ARM_GCC_493\Debug\electronic_derailleur.a(I2C.o)
 .debug_abbrev  0x000016cb      0x100 .\CortexM0\ARM_GCC_493\Debug\electronic_derailleur.a(I2C_I2C.o)
 .debug_abbrev  0x000017cb      0x196 .\CortexM0\ARM_GCC_493\Debug\electronic_derailleur.a(I2C_I2C_MASTER.o)
 .debug_abbrev  0x00001961      0x176 .\CortexM0\ARM_GCC_493\Debug\electronic_derailleur.a(UART_SPI_UART.o)
 .debug_abbrev  0x00001ad7       0x95 .\CortexM0\ARM_GCC_493\Debug\electronic_derailleur.a(I2C_I2C_INT.o)

.debug_line     0x00000000     0x250e
 *(.debug_line)
 .debug_line    0x00000000      0x21d .\CortexM0\ARM_GCC_493\Debug\main.o
 .debug_line    0x0000021d       0x53 .\CortexM0\ARM_GCC_493\Debug\cymetadata.o
 .debug_line    0x00000270      0x249 .\CortexM0\ARM_GCC_493\Debug\Cm0Start.o
 .debug_line    0x000004b9      0x1c5 .\CortexM0\ARM_GCC_493\Debug\electronic_derailleur.a(cyfitter_cfg.o)
 .debug_line    0x0000067e      0x121 .\CortexM0\ARM_GCC_493\Debug\electronic_derailleur.a(UART.o)
 .debug_line    0x0000079f      0x1b6 .\CortexM0\ARM_GCC_493\Debug\electronic_derailleur.a(UART_UART.o)
 .debug_line    0x00000955       0x68 .\CortexM0\ARM_GCC_493\Debug\electronic_derailleur.a(CyBootAsmGnu.o)
 .debug_line    0x000009bd      0x483 .\CortexM0\ARM_GCC_493\Debug\electronic_derailleur.a(CyLib.o)
 .debug_line    0x00000e40      0x4cf .\CortexM0\ARM_GCC_493\Debug\electronic_derailleur.a(CyLFClk.o)
 .debug_line    0x0000130f       0xb8 .\CortexM0\ARM_GCC_493\Debug\electronic_derailleur.a(shifter_switches.o)
 .debug_line    0x000013c7      0x16c .\CortexM0\ARM_GCC_493\Debug\electronic_derailleur.a(shifter_isr.o)
 .debug_line    0x00001533      0x1b3 .\CortexM0\ARM_GCC_493\Debug\electronic_derailleur.a(PWM.o)
 .debug_line    0x000016e6       0x76 .\CortexM0\ARM_GCC_493\Debug\electronic_derailleur.a(front_motor.o)
 .debug_line    0x0000175c      0x377 .\CortexM0\ARM_GCC_493\Debug\electronic_derailleur.a(QuadDec.o)
 .debug_line    0x00001ad3      0x27a .\CortexM0\ARM_GCC_493\Debug\electronic_derailleur.a(ADC_SAR_SEQ.o)
 .debug_line    0x00001d4d       0x6c .\CortexM0\ARM_GCC_493\Debug\electronic_derailleur.a(ADC_SAR_SEQ_INT.o)
 .debug_line    0x00001db9      0x13d .\CortexM0\ARM_GCC_493\Debug\electronic_derailleur.a(I2C.o)
 .debug_line    0x00001ef6       0xbe .\CortexM0\ARM_GCC_493\Debug\electronic_derailleur.a(I2C_I2C.o)
 .debug_line    0x00001fb4      0x2ae .\CortexM0\ARM_GCC_493\Debug\electronic_derailleur.a(I2C_I2C_MASTER.o)
 .debug_line    0x00002262      0x133 .\CortexM0\ARM_GCC_493\Debug\electronic_derailleur.a(UART_SPI_UART.o)
 .debug_line    0x00002395      0x179 .\CortexM0\ARM_GCC_493\Debug\electronic_derailleur.a(I2C_I2C_INT.o)

.debug_frame    0x00000000     0x1d04
 *(.debug_frame)
 .debug_frame   0x00000000       0xb4 .\CortexM0\ARM_GCC_493\Debug\main.o
 .debug_frame   0x000000b4       0xb0 .\CortexM0\ARM_GCC_493\Debug\Cm0Start.o
 .debug_frame   0x00000164       0xb8 .\CortexM0\ARM_GCC_493\Debug\electronic_derailleur.a(cyfitter_cfg.o)
 .debug_frame   0x0000021c       0xd8 .\CortexM0\ARM_GCC_493\Debug\electronic_derailleur.a(UART.o)
 .debug_frame   0x000002f4      0x130 .\CortexM0\ARM_GCC_493\Debug\electronic_derailleur.a(UART_UART.o)
 .debug_frame   0x00000424      0x408 .\CortexM0\ARM_GCC_493\Debug\electronic_derailleur.a(CyLib.o)
 .debug_frame   0x0000082c      0x400 .\CortexM0\ARM_GCC_493\Debug\electronic_derailleur.a(CyLFClk.o)
 .debug_frame   0x00000c2c       0x60 .\CortexM0\ARM_GCC_493\Debug\electronic_derailleur.a(shifter_switches.o)
 .debug_frame   0x00000c8c      0x110 .\CortexM0\ARM_GCC_493\Debug\electronic_derailleur.a(shifter_isr.o)
 .debug_frame   0x00000d9c      0x154 .\CortexM0\ARM_GCC_493\Debug\electronic_derailleur.a(PWM.o)
 .debug_frame   0x00000ef0       0x30 .\CortexM0\ARM_GCC_493\Debug\electronic_derailleur.a(front_motor.o)
 .debug_frame   0x00000f20      0x390 .\CortexM0\ARM_GCC_493\Debug\electronic_derailleur.a(QuadDec.o)
 .debug_frame   0x000012b0      0x1b0 .\CortexM0\ARM_GCC_493\Debug\electronic_derailleur.a(ADC_SAR_SEQ.o)
 .debug_frame   0x00001460       0x20 .\CortexM0\ARM_GCC_493\Debug\electronic_derailleur.a(ADC_SAR_SEQ_INT.o)
 .debug_frame   0x00001480       0xe8 .\CortexM0\ARM_GCC_493\Debug\electronic_derailleur.a(I2C.o)
 .debug_frame   0x00001568       0x3c .\CortexM0\ARM_GCC_493\Debug\electronic_derailleur.a(I2C_I2C.o)
 .debug_frame   0x000015a4      0x16c .\CortexM0\ARM_GCC_493\Debug\electronic_derailleur.a(I2C_I2C_MASTER.o)
 .debug_frame   0x00001710       0xb0 .\CortexM0\ARM_GCC_493\Debug\electronic_derailleur.a(UART_SPI_UART.o)
 .debug_frame   0x000017c0       0x2c .\CortexM0\ARM_GCC_493\Debug\electronic_derailleur.a(I2C_I2C_INT.o)
 .debug_frame   0x000017ec       0x20 c:/program files (x86)/cypress/psoc creator/3.3/psoc creator/import/gnu/arm/4.9.3/bin/../lib/gcc/arm-none-eabi/4.9.3/armv6-m\libgcc.a(_udivsi3.o)
 .debug_frame   0x0000180c       0x20 c:/program files (x86)/cypress/psoc creator/3.3/psoc creator/import/gnu/arm/4.9.3/bin/../lib/gcc/arm-none-eabi/4.9.3/armv6-m\libgcc.a(_divsi3.o)
 .debug_frame   0x0000182c       0x34 c:/program files (x86)/cypress/psoc creator/3.3/psoc creator/import/gnu/arm/4.9.3/bin/../lib/gcc/arm-none-eabi/4.9.3/armv6-m\libgcc.a(_muldi3.o)
 .debug_frame   0x00001860       0x50 c:/program files (x86)/cypress/psoc creator/3.3/psoc creator/import/gnu/arm/4.9.3/bin/../lib/gcc/arm-none-eabi/4.9.3/armv6-m\libgcc.a(bpabi.o)
 .debug_frame   0x000018b0       0x3c c:/program files (x86)/cypress/psoc creator/3.3/psoc creator/import/gnu/arm/4.9.3/bin/../lib/gcc/arm-none-eabi/4.9.3/armv6-m\libgcc.a(divsf3.o)
 .debug_frame   0x000018ec       0x3c c:/program files (x86)/cypress/psoc creator/3.3/psoc creator/import/gnu/arm/4.9.3/bin/../lib/gcc/arm-none-eabi/4.9.3/armv6-m\libgcc.a(mulsf3.o)
 .debug_frame   0x00001928       0x2c c:/program files (x86)/cypress/psoc creator/3.3/psoc creator/import/gnu/arm/4.9.3/bin/../lib/gcc/arm-none-eabi/4.9.3/armv6-m\libgcc.a(floatsisf.o)
 .debug_frame   0x00001954       0x3c c:/program files (x86)/cypress/psoc creator/3.3/psoc creator/import/gnu/arm/4.9.3/bin/../lib/gcc/arm-none-eabi/4.9.3/armv6-m\libgcc.a(_divdi3.o)
 .debug_frame   0x00001990       0x3c c:/program files (x86)/cypress/psoc creator/3.3/psoc creator/import/gnu/arm/4.9.3/bin/../lib/gcc/arm-none-eabi/4.9.3/armv6-m\libgcc.a(_udivdi3.o)
 .debug_frame   0x000019cc       0x20 c:/program files (x86)/cypress/psoc creator/3.3/psoc creator/import/gnu/arm/4.9.3/bin/../lib/gcc/arm-none-eabi/4.9.3/../../../../arm-none-eabi/lib/armv6-m\libg_nano.a(lib_a-errno.o)
 .debug_frame   0x000019ec       0x28 c:/program files (x86)/cypress/psoc creator/3.3/psoc creator/import/gnu/arm/4.9.3/bin/../lib/gcc/arm-none-eabi/4.9.3/../../../../arm-none-eabi/lib/armv6-m\libg_nano.a(lib_a-exit.o)
 .debug_frame   0x00001a14       0x2c c:/program files (x86)/cypress/psoc creator/3.3/psoc creator/import/gnu/arm/4.9.3/bin/../lib/gcc/arm-none-eabi/4.9.3/../../../../arm-none-eabi/lib/armv6-m\libg_nano.a(lib_a-init.o)
 .debug_frame   0x00001a40       0x20 c:/program files (x86)/cypress/psoc creator/3.3/psoc creator/import/gnu/arm/4.9.3/bin/../lib/gcc/arm-none-eabi/4.9.3/../../../../arm-none-eabi/lib/armv6-m\libg_nano.a(lib_a-memset.o)
 .debug_frame   0x00001a60       0x50 c:/program files (x86)/cypress/psoc creator/3.3/psoc creator/import/gnu/arm/4.9.3/bin/../lib/gcc/arm-none-eabi/4.9.3/../../../../arm-none-eabi/lib/armv6-m\libg_nano.a(lib_a-sprintf.o)
 .debug_frame   0x00001ab0       0x74 c:/program files (x86)/cypress/psoc creator/3.3/psoc creator/import/gnu/arm/4.9.3/bin/../lib/gcc/arm-none-eabi/4.9.3/../../../../arm-none-eabi/lib/armv6-m\libg_nano.a(lib_a-nano-svfprintf.o)
 .debug_frame   0x00001b24       0x54 c:/program files (x86)/cypress/psoc creator/3.3/psoc creator/import/gnu/arm/4.9.3/bin/../lib/gcc/arm-none-eabi/4.9.3/../../../../arm-none-eabi/lib/armv6-m\libg_nano.a(lib_a-nano-vfprintf_i.o)
 .debug_frame   0x00001b78       0x20 c:/program files (x86)/cypress/psoc creator/3.3/psoc creator/import/gnu/arm/4.9.3/bin/../lib/gcc/arm-none-eabi/4.9.3/../../../../arm-none-eabi/lib/armv6-m\libg_nano.a(lib_a-memchr.o)
 .debug_frame   0x00001b98       0x28 c:/program files (x86)/cypress/psoc creator/3.3/psoc creator/import/gnu/arm/4.9.3/bin/../lib/gcc/arm-none-eabi/4.9.3/../../../../arm-none-eabi/lib/armv6-m\libg_nano.a(lib_a-memcpy.o)
 .debug_frame   0x00001bc0       0x28 c:/program files (x86)/cypress/psoc creator/3.3/psoc creator/import/gnu/arm/4.9.3/bin/../lib/gcc/arm-none-eabi/4.9.3/../../../../arm-none-eabi/lib/armv6-m\libg_nano.a(lib_a-memmove.o)
 .debug_frame   0x00001be8       0x2c c:/program files (x86)/cypress/psoc creator/3.3/psoc creator/import/gnu/arm/4.9.3/bin/../lib/gcc/arm-none-eabi/4.9.3/../../../../arm-none-eabi/lib/armv6-m\libg_nano.a(lib_a-nano-freer.o)
 .debug_frame   0x00001c14       0x2c c:/program files (x86)/cypress/psoc creator/3.3/psoc creator/import/gnu/arm/4.9.3/bin/../lib/gcc/arm-none-eabi/4.9.3/../../../../arm-none-eabi/lib/armv6-m\libg_nano.a(lib_a-nano-mallocr.o)
 .debug_frame   0x00001c40       0x30 c:/program files (x86)/cypress/psoc creator/3.3/psoc creator/import/gnu/arm/4.9.3/bin/../lib/gcc/arm-none-eabi/4.9.3/../../../../arm-none-eabi/lib/armv6-m\libg_nano.a(lib_a-nano-reallocr.o)
 .debug_frame   0x00001c70       0x2c c:/program files (x86)/cypress/psoc creator/3.3/psoc creator/import/gnu/arm/4.9.3/bin/../lib/gcc/arm-none-eabi/4.9.3/../../../../arm-none-eabi/lib/armv6-m\libg_nano.a(lib_a-sbrkr.o)
 .debug_frame   0x00001c9c       0x20 c:/program files (x86)/cypress/psoc creator/3.3/psoc creator/import/gnu/arm/4.9.3/bin/../lib/gcc/arm-none-eabi/4.9.3/../../../../arm-none-eabi/lib/armv6-m\libg_nano.a(lib_a-nano-msizer.o)
 .debug_frame   0x00001cbc       0x48 c:/program files (x86)/cypress/psoc creator/3.3/psoc creator/import/gnu/arm/4.9.3/bin/../lib/gcc/arm-none-eabi/4.9.3/../../../../arm-none-eabi/lib/armv6-m\libg_nano.a(lib_a-reent.o)

.debug_str      0x00000000     0x2160
 *(.debug_str)
 .debug_str     0x00000000      0x3d1 .\CortexM0\ARM_GCC_493\Debug\main.o
                                0x418 (size before relaxing)
 .debug_str     0x000003d1       0x5b .\CortexM0\ARM_GCC_493\Debug\cymetadata.o
                                0x1e0 (size before relaxing)
 .debug_str     0x0000042c      0x143 .\CortexM0\ARM_GCC_493\Debug\Cm0Start.o
                                0x307 (size before relaxing)
 .debug_str     0x0000056f      0x187 .\CortexM0\ARM_GCC_493\Debug\electronic_derailleur.a(cyfitter_cfg.o)
                                0x371 (size before relaxing)
 .debug_str     0x000006f6       0xe9 .\CortexM0\ARM_GCC_493\Debug\electronic_derailleur.a(UART.o)
                                0x286 (size before relaxing)
 .debug_str     0x000007df      0x19a .\CortexM0\ARM_GCC_493\Debug\electronic_derailleur.a(UART_UART.o)
                                0x37d (size before relaxing)
 .debug_str     0x00000979      0x484 .\CortexM0\ARM_GCC_493\Debug\electronic_derailleur.a(CyLib.o)
                                0x6bc (size before relaxing)
 .debug_str     0x00000dfd      0x503 .\CortexM0\ARM_GCC_493\Debug\electronic_derailleur.a(CyLFClk.o)
                                0x730 (size before relaxing)
 .debug_str     0x00001300       0xa7 .\CortexM0\ARM_GCC_493\Debug\electronic_derailleur.a(shifter_switches.o)
                                0x25b (size before relaxing)
 .debug_str     0x000013a7      0x11e .\CortexM0\ARM_GCC_493\Debug\electronic_derailleur.a(shifter_isr.o)
                                0x344 (size before relaxing)
 .debug_str     0x000014c5      0x171 .\CortexM0\ARM_GCC_493\Debug\electronic_derailleur.a(PWM.o)
                                0x356 (size before relaxing)
 .debug_str     0x00001636       0x38 .\CortexM0\ARM_GCC_493\Debug\electronic_derailleur.a(front_motor.o)
                                0x1d3 (size before relaxing)
 .debug_str     0x0000166e      0x3f4 .\CortexM0\ARM_GCC_493\Debug\electronic_derailleur.a(QuadDec.o)
                                0x60b (size before relaxing)
 .debug_str     0x00001a62      0x259 .\CortexM0\ARM_GCC_493\Debug\electronic_derailleur.a(ADC_SAR_SEQ.o)
                                0x48f (size before relaxing)
 .debug_str     0x00001cbb       0x47 .\CortexM0\ARM_GCC_493\Debug\electronic_derailleur.a(ADC_SAR_SEQ_INT.o)
                                0x1d3 (size before relaxing)
 .debug_str     0x00001d02       0xe1 .\CortexM0\ARM_GCC_493\Debug\electronic_derailleur.a(I2C.o)
                                0x2c4 (size before relaxing)
 .debug_str     0x00001de3       0x62 .\CortexM0\ARM_GCC_493\Debug\electronic_derailleur.a(I2C_I2C.o)
                                0x24d (size before relaxing)
 .debug_str     0x00001e45      0x1ed .\CortexM0\ARM_GCC_493\Debug\electronic_derailleur.a(I2C_I2C_MASTER.o)
                                0x429 (size before relaxing)
 .debug_str     0x00002032       0xe5 .\CortexM0\ARM_GCC_493\Debug\electronic_derailleur.a(UART_SPI_UART.o)
                                0x2d4 (size before relaxing)
 .debug_str     0x00002117       0x49 .\CortexM0\ARM_GCC_493\Debug\electronic_derailleur.a(I2C_I2C_INT.o)
                                0x2b0 (size before relaxing)

.debug_loc      0x00000000     0x27ad
 *(.debug_loc)
 .debug_loc     0x00000000       0xba .\CortexM0\ARM_GCC_493\Debug\main.o
 .debug_loc     0x000000ba      0x14f .\CortexM0\ARM_GCC_493\Debug\Cm0Start.o
 .debug_loc     0x00000209      0x136 .\CortexM0\ARM_GCC_493\Debug\electronic_derailleur.a(cyfitter_cfg.o)
 .debug_loc     0x0000033f       0x7e .\CortexM0\ARM_GCC_493\Debug\electronic_derailleur.a(UART.o)
 .debug_loc     0x000003bd      0x1b2 .\CortexM0\ARM_GCC_493\Debug\electronic_derailleur.a(UART_UART.o)
 .debug_loc     0x0000056f      0x4ef .\CortexM0\ARM_GCC_493\Debug\electronic_derailleur.a(CyLib.o)
 .debug_loc     0x00000a5e      0x8a2 .\CortexM0\ARM_GCC_493\Debug\electronic_derailleur.a(CyLFClk.o)
 .debug_loc     0x00001300       0x60 .\CortexM0\ARM_GCC_493\Debug\electronic_derailleur.a(shifter_switches.o)
 .debug_loc     0x00001360       0x82 .\CortexM0\ARM_GCC_493\Debug\electronic_derailleur.a(shifter_isr.o)
 .debug_loc     0x000013e2       0x26 .\CortexM0\ARM_GCC_493\Debug\electronic_derailleur.a(PWM.o)
 .debug_loc     0x00001408      0x547 .\CortexM0\ARM_GCC_493\Debug\electronic_derailleur.a(QuadDec.o)
 .debug_loc     0x0000194f      0x3b0 .\CortexM0\ARM_GCC_493\Debug\electronic_derailleur.a(ADC_SAR_SEQ.o)
 .debug_loc     0x00001cff       0x7e .\CortexM0\ARM_GCC_493\Debug\electronic_derailleur.a(I2C.o)
 .debug_loc     0x00001d7d      0x88e .\CortexM0\ARM_GCC_493\Debug\electronic_derailleur.a(I2C_I2C_MASTER.o)
 .debug_loc     0x0000260b       0x96 .\CortexM0\ARM_GCC_493\Debug\electronic_derailleur.a(UART_SPI_UART.o)
 .debug_loc     0x000026a1      0x10c .\CortexM0\ARM_GCC_493\Debug\electronic_derailleur.a(I2C_I2C_INT.o)

.debug_macinfo
 *(.debug_macinfo)

.debug_ranges   0x00000000      0x8b0
 *(.debug_ranges)
 .debug_ranges  0x00000000       0x38 .\CortexM0\ARM_GCC_493\Debug\main.o
 .debug_ranges  0x00000038       0x38 .\CortexM0\ARM_GCC_493\Debug\Cm0Start.o
 .debug_ranges  0x00000070       0x38 .\CortexM0\ARM_GCC_493\Debug\electronic_derailleur.a(cyfitter_cfg.o)
 .debug_ranges  0x000000a8       0x48 .\CortexM0\ARM_GCC_493\Debug\electronic_derailleur.a(UART.o)
 .debug_ranges  0x000000f0       0x78 .\CortexM0\ARM_GCC_493\Debug\electronic_derailleur.a(UART_UART.o)
 .debug_ranges  0x00000168      0x188 .\CortexM0\ARM_GCC_493\Debug\electronic_derailleur.a(CyLib.o)
 .debug_ranges  0x000002f0      0x140 .\CortexM0\ARM_GCC_493\Debug\electronic_derailleur.a(CyLFClk.o)
 .debug_ranges  0x00000430       0x30 .\CortexM0\ARM_GCC_493\Debug\electronic_derailleur.a(shifter_switches.o)
 .debug_ranges  0x00000460       0x70 .\CortexM0\ARM_GCC_493\Debug\electronic_derailleur.a(shifter_isr.o)
 .debug_ranges  0x000004d0       0x98 .\CortexM0\ARM_GCC_493\Debug\electronic_derailleur.a(PWM.o)
 .debug_ranges  0x00000568       0x18 .\CortexM0\ARM_GCC_493\Debug\electronic_derailleur.a(front_motor.o)
 .debug_ranges  0x00000580      0x148 .\CortexM0\ARM_GCC_493\Debug\electronic_derailleur.a(QuadDec.o)
 .debug_ranges  0x000006c8       0x98 .\CortexM0\ARM_GCC_493\Debug\electronic_derailleur.a(ADC_SAR_SEQ.o)
 .debug_ranges  0x00000760       0x10 .\CortexM0\ARM_GCC_493\Debug\electronic_derailleur.a(ADC_SAR_SEQ_INT.o)
 .debug_ranges  0x00000770       0x50 .\CortexM0\ARM_GCC_493\Debug\electronic_derailleur.a(I2C.o)
 .debug_ranges  0x000007c0       0x18 .\CortexM0\ARM_GCC_493\Debug\electronic_derailleur.a(I2C_I2C.o)
 .debug_ranges  0x000007d8       0x78 .\CortexM0\ARM_GCC_493\Debug\electronic_derailleur.a(I2C_I2C_MASTER.o)
 .debug_ranges  0x00000850       0x50 .\CortexM0\ARM_GCC_493\Debug\electronic_derailleur.a(UART_SPI_UART.o)
 .debug_ranges  0x000008a0       0x10 .\CortexM0\ARM_GCC_493\Debug\electronic_derailleur.a(I2C_I2C_INT.o)

.comment        0x00000000       0x70
 .comment       0x00000000       0x70 .\CortexM0\ARM_GCC_493\Debug\main.o
                                 0x71 (size before relaxing)
 .comment       0x00000000       0x71 .\CortexM0\ARM_GCC_493\Debug\cymetadata.o
 .comment       0x00000000       0x71 .\CortexM0\ARM_GCC_493\Debug\Cm0Start.o
 .comment       0x00000000       0x71 .\CortexM0\ARM_GCC_493\Debug\electronic_derailleur.a(cyfitter_cfg.o)
 .comment       0x00000000       0x71 .\CortexM0\ARM_GCC_493\Debug\electronic_derailleur.a(UART.o)
 .comment       0x00000000       0x71 .\CortexM0\ARM_GCC_493\Debug\electronic_derailleur.a(UART_UART.o)
 .comment       0x00000000       0x71 .\CortexM0\ARM_GCC_493\Debug\electronic_derailleur.a(CyLib.o)
 .comment       0x00000000       0x71 .\CortexM0\ARM_GCC_493\Debug\electronic_derailleur.a(CyLFClk.o)
 .comment       0x00000000       0x71 .\CortexM0\ARM_GCC_493\Debug\electronic_derailleur.a(shifter_switches.o)
 .comment       0x00000000       0x71 .\CortexM0\ARM_GCC_493\Debug\electronic_derailleur.a(shifter_isr.o)
 .comment       0x00000000       0x71 .\CortexM0\ARM_GCC_493\Debug\electronic_derailleur.a(PWM.o)
 .comment       0x00000000       0x71 .\CortexM0\ARM_GCC_493\Debug\electronic_derailleur.a(front_motor.o)
 .comment       0x00000000       0x71 .\CortexM0\ARM_GCC_493\Debug\electronic_derailleur.a(QuadDec.o)
 .comment       0x00000000       0x71 .\CortexM0\ARM_GCC_493\Debug\electronic_derailleur.a(ADC_SAR_SEQ.o)
 .comment       0x00000000       0x71 .\CortexM0\ARM_GCC_493\Debug\electronic_derailleur.a(ADC_SAR_SEQ_INT.o)
 .comment       0x00000000       0x71 .\CortexM0\ARM_GCC_493\Debug\electronic_derailleur.a(I2C.o)
 .comment       0x00000000       0x71 .\CortexM0\ARM_GCC_493\Debug\electronic_derailleur.a(I2C_I2C.o)
 .comment       0x00000000       0x71 .\CortexM0\ARM_GCC_493\Debug\electronic_derailleur.a(I2C_I2C_MASTER.o)
 .comment       0x00000000       0x71 .\CortexM0\ARM_GCC_493\Debug\electronic_derailleur.a(UART_SPI_UART.o)
 .comment       0x00000000       0x71 .\CortexM0\ARM_GCC_493\Debug\electronic_derailleur.a(I2C_I2C_INT.o)

.debug_weaknames
 *(.debug_weaknames)

.debug_funcnames
 *(.debug_funcnames)

.debug_typenames
 *(.debug_typenames)

.debug_varnames
 *(.debug_varnames)

.note.gnu.arm.ident
 *(.note.gnu.arm.ident)

.ARM.attributes
                0x00000000       0x28
 *(.ARM.attributes)
 .ARM.attributes
                0x00000000       0x1e c:/program files (x86)/cypress/psoc creator/3.3/psoc creator/import/gnu/arm/4.9.3/bin/../lib/gcc/arm-none-eabi/4.9.3/armv6-m/crti.o
 .ARM.attributes
                0x0000001e       0x2c c:/program files (x86)/cypress/psoc creator/3.3/psoc creator/import/gnu/arm/4.9.3/bin/../lib/gcc/arm-none-eabi/4.9.3/armv6-m/crtbegin.o
 .ARM.attributes
                0x0000004a       0x1b c:/program files (x86)/cypress/psoc creator/3.3/psoc creator/import/gnu/arm/4.9.3/bin/../lib/gcc/arm-none-eabi/4.9.3/../../../../arm-none-eabi/lib/armv6-m/crt0.o
 .ARM.attributes
                0x00000065       0x31 .\CortexM0\ARM_GCC_493\Debug\main.o
 .ARM.attributes
                0x00000096       0x31 .\CortexM0\ARM_GCC_493\Debug\cymetadata.o
 .ARM.attributes
                0x000000c7       0x31 .\CortexM0\ARM_GCC_493\Debug\Cm0Start.o
 .ARM.attributes
                0x000000f8       0x31 .\CortexM0\ARM_GCC_493\Debug\electronic_derailleur.a(cyfitter_cfg.o)
 .ARM.attributes
                0x00000129       0x31 .\CortexM0\ARM_GCC_493\Debug\electronic_derailleur.a(UART.o)
 .ARM.attributes
                0x0000015a       0x31 .\CortexM0\ARM_GCC_493\Debug\electronic_derailleur.a(UART_UART.o)
 .ARM.attributes
                0x0000018b       0x21 .\CortexM0\ARM_GCC_493\Debug\electronic_derailleur.a(CyBootAsmGnu.o)
 .ARM.attributes
                0x000001ac       0x31 .\CortexM0\ARM_GCC_493\Debug\electronic_derailleur.a(CyLib.o)
 .ARM.attributes
                0x000001dd       0x31 .\CortexM0\ARM_GCC_493\Debug\electronic_derailleur.a(CyLFClk.o)
 .ARM.attributes
                0x0000020e       0x31 .\CortexM0\ARM_GCC_493\Debug\electronic_derailleur.a(shifter_switches.o)
 .ARM.attributes
                0x0000023f       0x31 .\CortexM0\ARM_GCC_493\Debug\electronic_derailleur.a(shifter_isr.o)
 .ARM.attributes
                0x00000270       0x31 .\CortexM0\ARM_GCC_493\Debug\electronic_derailleur.a(PWM.o)
 .ARM.attributes
                0x000002a1       0x31 .\CortexM0\ARM_GCC_493\Debug\electronic_derailleur.a(front_motor.o)
 .ARM.attributes
                0x000002d2       0x31 .\CortexM0\ARM_GCC_493\Debug\electronic_derailleur.a(QuadDec.o)
 .ARM.attributes
                0x00000303       0x31 .\CortexM0\ARM_GCC_493\Debug\electronic_derailleur.a(ADC_SAR_SEQ.o)
 .ARM.attributes
                0x00000334       0x31 .\CortexM0\ARM_GCC_493\Debug\electronic_derailleur.a(ADC_SAR_SEQ_INT.o)
 .ARM.attributes
                0x00000365       0x31 .\CortexM0\ARM_GCC_493\Debug\electronic_derailleur.a(I2C.o)
 .ARM.attributes
                0x00000396       0x31 .\CortexM0\ARM_GCC_493\Debug\electronic_derailleur.a(I2C_I2C.o)
 .ARM.attributes
                0x000003c7       0x31 .\CortexM0\ARM_GCC_493\Debug\electronic_derailleur.a(I2C_I2C_MASTER.o)
 .ARM.attributes
                0x000003f8       0x31 .\CortexM0\ARM_GCC_493\Debug\electronic_derailleur.a(UART_SPI_UART.o)
 .ARM.attributes
                0x00000429       0x31 .\CortexM0\ARM_GCC_493\Debug\electronic_derailleur.a(I2C_I2C_INT.o)
 .ARM.attributes
                0x0000045a       0x1e c:/program files (x86)/cypress/psoc creator/3.3/psoc creator/import/gnu/arm/4.9.3/bin/../lib/gcc/arm-none-eabi/4.9.3/armv6-m\libgcc.a(_udivsi3.o)
 .ARM.attributes
                0x00000478       0x1e c:/program files (x86)/cypress/psoc creator/3.3/psoc creator/import/gnu/arm/4.9.3/bin/../lib/gcc/arm-none-eabi/4.9.3/armv6-m\libgcc.a(_divsi3.o)
 .ARM.attributes
                0x00000496       0x1e c:/program files (x86)/cypress/psoc creator/3.3/psoc creator/import/gnu/arm/4.9.3/bin/../lib/gcc/arm-none-eabi/4.9.3/armv6-m\libgcc.a(_dvmd_tls.o)
 .ARM.attributes
                0x000004b4       0x1e c:/program files (x86)/cypress/psoc creator/3.3/psoc creator/import/gnu/arm/4.9.3/bin/../lib/gcc/arm-none-eabi/4.9.3/armv6-m\libgcc.a(_aeabi_ldivmod.o)
 .ARM.attributes
                0x000004d2       0x2c c:/program files (x86)/cypress/psoc creator/3.3/psoc creator/import/gnu/arm/4.9.3/bin/../lib/gcc/arm-none-eabi/4.9.3/armv6-m\libgcc.a(_muldi3.o)
 .ARM.attributes
                0x000004fe       0x2c c:/program files (x86)/cypress/psoc creator/3.3/psoc creator/import/gnu/arm/4.9.3/bin/../lib/gcc/arm-none-eabi/4.9.3/armv6-m\libgcc.a(bpabi.o)
 .ARM.attributes
                0x0000052a       0x2c c:/program files (x86)/cypress/psoc creator/3.3/psoc creator/import/gnu/arm/4.9.3/bin/../lib/gcc/arm-none-eabi/4.9.3/armv6-m\libgcc.a(divsf3.o)
 .ARM.attributes
                0x00000556       0x2c c:/program files (x86)/cypress/psoc creator/3.3/psoc creator/import/gnu/arm/4.9.3/bin/../lib/gcc/arm-none-eabi/4.9.3/armv6-m\libgcc.a(mulsf3.o)
 .ARM.attributes
                0x00000582       0x2c c:/program files (x86)/cypress/psoc creator/3.3/psoc creator/import/gnu/arm/4.9.3/bin/../lib/gcc/arm-none-eabi/4.9.3/armv6-m\libgcc.a(floatsisf.o)
 .ARM.attributes
                0x000005ae       0x1e c:/program files (x86)/cypress/psoc creator/3.3/psoc creator/import/gnu/arm/4.9.3/bin/../lib/gcc/arm-none-eabi/4.9.3/armv6-m\libgcc.a(_clzsi2.o)
 .ARM.attributes
                0x000005cc       0x2c c:/program files (x86)/cypress/psoc creator/3.3/psoc creator/import/gnu/arm/4.9.3/bin/../lib/gcc/arm-none-eabi/4.9.3/armv6-m\libgcc.a(_divdi3.o)
 .ARM.attributes
                0x000005f8       0x2c c:/program files (x86)/cypress/psoc creator/3.3/psoc creator/import/gnu/arm/4.9.3/bin/../lib/gcc/arm-none-eabi/4.9.3/armv6-m\libgcc.a(_udivdi3.o)
 .ARM.attributes
                0x00000624       0x1e c:/program files (x86)/cypress/psoc creator/3.3/psoc creator/import/gnu/arm/4.9.3/bin/../lib/gcc/arm-none-eabi/4.9.3/armv6-m\libgcc.a(_clzdi2.o)
 .ARM.attributes
                0x00000642       0x2c c:/program files (x86)/cypress/psoc creator/3.3/psoc creator/import/gnu/arm/4.9.3/bin/../lib/gcc/arm-none-eabi/4.9.3/../../../../arm-none-eabi/lib/armv6-m\libg_nano.a(lib_a-errno.o)
 .ARM.attributes
                0x0000066e       0x2c c:/program files (x86)/cypress/psoc creator/3.3/psoc creator/import/gnu/arm/4.9.3/bin/../lib/gcc/arm-none-eabi/4.9.3/../../../../arm-none-eabi/lib/armv6-m\libg_nano.a(lib_a-exit.o)
 .ARM.attributes
                0x0000069a       0x2c c:/program files (x86)/cypress/psoc creator/3.3/psoc creator/import/gnu/arm/4.9.3/bin/../lib/gcc/arm-none-eabi/4.9.3/../../../../arm-none-eabi/lib/armv6-m\libg_nano.a(lib_a-impure.o)
 .ARM.attributes
                0x000006c6       0x2c c:/program files (x86)/cypress/psoc creator/3.3/psoc creator/import/gnu/arm/4.9.3/bin/../lib/gcc/arm-none-eabi/4.9.3/../../../../arm-none-eabi/lib/armv6-m\libg_nano.a(lib_a-init.o)
 .ARM.attributes
                0x000006f2       0x2c c:/program files (x86)/cypress/psoc creator/3.3/psoc creator/import/gnu/arm/4.9.3/bin/../lib/gcc/arm-none-eabi/4.9.3/../../../../arm-none-eabi/lib/armv6-m\libg_nano.a(lib_a-memset.o)
 .ARM.attributes
                0x0000071e       0x2c c:/program files (x86)/cypress/psoc creator/3.3/psoc creator/import/gnu/arm/4.9.3/bin/../lib/gcc/arm-none-eabi/4.9.3/../../../../arm-none-eabi/lib/armv6-m\libg_nano.a(lib_a-sprintf.o)
 .ARM.attributes
                0x0000074a       0x2c c:/program files (x86)/cypress/psoc creator/3.3/psoc creator/import/gnu/arm/4.9.3/bin/../lib/gcc/arm-none-eabi/4.9.3/../../../../arm-none-eabi/lib/armv6-m\libg_nano.a(lib_a-nano-svfprintf.o)
 .ARM.attributes
                0x00000776       0x2c c:/program files (x86)/cypress/psoc creator/3.3/psoc creator/import/gnu/arm/4.9.3/bin/../lib/gcc/arm-none-eabi/4.9.3/../../../../arm-none-eabi/lib/armv6-m\libg_nano.a(lib_a-nano-vfprintf_i.o)
 .ARM.attributes
                0x000007a2       0x2c c:/program files (x86)/cypress/psoc creator/3.3/psoc creator/import/gnu/arm/4.9.3/bin/../lib/gcc/arm-none-eabi/4.9.3/../../../../arm-none-eabi/lib/armv6-m\libg_nano.a(lib_a-memchr.o)
 .ARM.attributes
                0x000007ce       0x2c c:/program files (x86)/cypress/psoc creator/3.3/psoc creator/import/gnu/arm/4.9.3/bin/../lib/gcc/arm-none-eabi/4.9.3/../../../../arm-none-eabi/lib/armv6-m\libg_nano.a(lib_a-memcpy.o)
 .ARM.attributes
                0x000007fa       0x2c c:/program files (x86)/cypress/psoc creator/3.3/psoc creator/import/gnu/arm/4.9.3/bin/../lib/gcc/arm-none-eabi/4.9.3/../../../../arm-none-eabi/lib/armv6-m\libg_nano.a(lib_a-memmove.o)
 .ARM.attributes
                0x00000826       0x2c c:/program files (x86)/cypress/psoc creator/3.3/psoc creator/import/gnu/arm/4.9.3/bin/../lib/gcc/arm-none-eabi/4.9.3/../../../../arm-none-eabi/lib/armv6-m\libg_nano.a(lib_a-nano-freer.o)
 .ARM.attributes
                0x00000852       0x2c c:/program files (x86)/cypress/psoc creator/3.3/psoc creator/import/gnu/arm/4.9.3/bin/../lib/gcc/arm-none-eabi/4.9.3/../../../../arm-none-eabi/lib/armv6-m\libg_nano.a(lib_a-nano-mallocr.o)
 .ARM.attributes
                0x0000087e       0x2c c:/program files (x86)/cypress/psoc creator/3.3/psoc creator/import/gnu/arm/4.9.3/bin/../lib/gcc/arm-none-eabi/4.9.3/../../../../arm-none-eabi/lib/armv6-m\libg_nano.a(lib_a-nano-reallocr.o)
 .ARM.attributes
                0x000008aa       0x2c c:/program files (x86)/cypress/psoc creator/3.3/psoc creator/import/gnu/arm/4.9.3/bin/../lib/gcc/arm-none-eabi/4.9.3/../../../../arm-none-eabi/lib/armv6-m\libg_nano.a(lib_a-sbrkr.o)
 .ARM.attributes
                0x000008d6       0x2c c:/program files (x86)/cypress/psoc creator/3.3/psoc creator/import/gnu/arm/4.9.3/bin/../lib/gcc/arm-none-eabi/4.9.3/../../../../arm-none-eabi/lib/armv6-m\libg_nano.a(lib_a-nano-msizer.o)
 .ARM.attributes
                0x00000902       0x2c c:/program files (x86)/cypress/psoc creator/3.3/psoc creator/import/gnu/arm/4.9.3/bin/../lib/gcc/arm-none-eabi/4.9.3/../../../../arm-none-eabi/lib/armv6-m\libg_nano.a(lib_a-reent.o)
 .ARM.attributes
                0x0000092e       0x2c c:/program files (x86)/cypress/psoc creator/3.3/psoc creator/import/gnu/arm/4.9.3/bin/../lib/gcc/arm-none-eabi/4.9.3/armv6-m/crtend.o
 .ARM.attributes
                0x0000095a       0x1e c:/program files (x86)/cypress/psoc creator/3.3/psoc creator/import/gnu/arm/4.9.3/bin/../lib/gcc/arm-none-eabi/4.9.3/armv6-m/crtn.o

/DISCARD/
 *(.note.GNU-stack)
OUTPUT(.\CortexM0\ARM_GCC_493\Debug\electronic_derailleur.elf elf32-littlearm)
