Archive member included because of file (symbol)

.\CortexM0\ARM_GCC_493\Debug\electronic_derailleur.a(cyfitter_cfg.o)
                              .\CortexM0\ARM_GCC_493\Debug\Cm0Start.o (cyfitter_cfg)
.\CortexM0\ARM_GCC_493\Debug\electronic_derailleur.a(UART.o)
                              .\CortexM0\ARM_GCC_493\Debug\main.o (UART_Start)
.\CortexM0\ARM_GCC_493\Debug\electronic_derailleur.a(UART_UART.o)
                              .\CortexM0\ARM_GCC_493\Debug\electronic_derailleur.a(UART.o) (UART_UartInit)
.\CortexM0\ARM_GCC_493\Debug\electronic_derailleur.a(CyBootAsmGnu.o)
                              .\CortexM0\ARM_GCC_493\Debug\electronic_derailleur.a(cyfitter_cfg.o) (CyDelayCycles)
.\CortexM0\ARM_GCC_493\Debug\electronic_derailleur.a(CyLib.o)
                              .\CortexM0\ARM_GCC_493\Debug\electronic_derailleur.a(cyfitter_cfg.o) (CySysClkWriteImoFreq)
.\CortexM0\ARM_GCC_493\Debug\electronic_derailleur.a(CyLFClk.o)
                              .\CortexM0\ARM_GCC_493\Debug\electronic_derailleur.a(cyfitter_cfg.o) (CySysClkWcoStart)
.\CortexM0\ARM_GCC_493\Debug\electronic_derailleur.a(shifter_switches.o)
                              .\CortexM0\ARM_GCC_493\Debug\main.o (shifter_switches_ClearInterrupt)
.\CortexM0\ARM_GCC_493\Debug\electronic_derailleur.a(shifter_isr.o)
                              .\CortexM0\ARM_GCC_493\Debug\main.o (shifter_isr_StartEx)
.\CortexM0\ARM_GCC_493\Debug\electronic_derailleur.a(PWM.o)
                              .\CortexM0\ARM_GCC_493\Debug\main.o (PWM_WriteCompare1)
.\CortexM0\ARM_GCC_493\Debug\electronic_derailleur.a(front_motor.o)
                              .\CortexM0\ARM_GCC_493\Debug\main.o (front_motor_Write)
.\CortexM0\ARM_GCC_493\Debug\electronic_derailleur.a(UART_SPI_UART.o)
                              .\CortexM0\ARM_GCC_493\Debug\electronic_derailleur.a(UART_UART.o) (UART_SpiUartReadRxData)
c:/program files (x86)/cypress/psoc creator/3.3/psoc creator/import/gnu/arm/4.9.3/bin/../lib/gcc/arm-none-eabi/4.9.3/armv6-m\libgcc.a(_udivsi3.o)
                              .\CortexM0\ARM_GCC_493\Debug\electronic_derailleur.a(CyLib.o) (__aeabi_uidiv)
c:/program files (x86)/cypress/psoc creator/3.3/psoc creator/import/gnu/arm/4.9.3/bin/../lib/gcc/arm-none-eabi/4.9.3/armv6-m\libgcc.a(_dvmd_tls.o)
                              c:/program files (x86)/cypress/psoc creator/3.3/psoc creator/import/gnu/arm/4.9.3/bin/../lib/gcc/arm-none-eabi/4.9.3/armv6-m\libgcc.a(_udivsi3.o) (__aeabi_idiv0)
c:/program files (x86)/cypress/psoc creator/3.3/psoc creator/import/gnu/arm/4.9.3/bin/../lib/gcc/arm-none-eabi/4.9.3/../../../../arm-none-eabi/lib/armv6-m\libg_nano.a(lib_a-errno.o)
                              .\CortexM0\ARM_GCC_493\Debug\Cm0Start.o (__errno)
c:/program files (x86)/cypress/psoc creator/3.3/psoc creator/import/gnu/arm/4.9.3/bin/../lib/gcc/arm-none-eabi/4.9.3/../../../../arm-none-eabi/lib/armv6-m\libg_nano.a(lib_a-exit.o)
                              c:/program files (x86)/cypress/psoc creator/3.3/psoc creator/import/gnu/arm/4.9.3/bin/../lib/gcc/arm-none-eabi/4.9.3/../../../../arm-none-eabi/lib/armv6-m/crt0.o (exit)
c:/program files (x86)/cypress/psoc creator/3.3/psoc creator/import/gnu/arm/4.9.3/bin/../lib/gcc/arm-none-eabi/4.9.3/../../../../arm-none-eabi/lib/armv6-m\libg_nano.a(lib_a-impure.o)
                              c:/program files (x86)/cypress/psoc creator/3.3/psoc creator/import/gnu/arm/4.9.3/bin/../lib/gcc/arm-none-eabi/4.9.3/../../../../arm-none-eabi/lib/armv6-m\libg_nano.a(lib_a-exit.o) (_global_impure_ptr)
c:/program files (x86)/cypress/psoc creator/3.3/psoc creator/import/gnu/arm/4.9.3/bin/../lib/gcc/arm-none-eabi/4.9.3/../../../../arm-none-eabi/lib/armv6-m\libg_nano.a(lib_a-init.o)
                              c:/program files (x86)/cypress/psoc creator/3.3/psoc creator/import/gnu/arm/4.9.3/bin/../lib/gcc/arm-none-eabi/4.9.3/../../../../arm-none-eabi/lib/armv6-m/crt0.o (__libc_init_array)
c:/program files (x86)/cypress/psoc creator/3.3/psoc creator/import/gnu/arm/4.9.3/bin/../lib/gcc/arm-none-eabi/4.9.3/../../../../arm-none-eabi/lib/armv6-m\libg_nano.a(lib_a-memset.o)
                              c:/program files (x86)/cypress/psoc creator/3.3/psoc creator/import/gnu/arm/4.9.3/bin/../lib/gcc/arm-none-eabi/4.9.3/../../../../arm-none-eabi/lib/armv6-m/crt0.o (memset)

Discarded input sections

 .text          0x00000000        0x0 c:/program files (x86)/cypress/psoc creator/3.3/psoc creator/import/gnu/arm/4.9.3/bin/../lib/gcc/arm-none-eabi/4.9.3/armv6-m/crti.o
 .data          0x00000000        0x0 c:/program files (x86)/cypress/psoc creator/3.3/psoc creator/import/gnu/arm/4.9.3/bin/../lib/gcc/arm-none-eabi/4.9.3/armv6-m/crti.o
 .bss           0x00000000        0x0 c:/program files (x86)/cypress/psoc creator/3.3/psoc creator/import/gnu/arm/4.9.3/bin/../lib/gcc/arm-none-eabi/4.9.3/armv6-m/crti.o
 .data          0x00000000        0x4 c:/program files (x86)/cypress/psoc creator/3.3/psoc creator/import/gnu/arm/4.9.3/bin/../lib/gcc/arm-none-eabi/4.9.3/armv6-m/crtbegin.o
 .text          0x00000000       0x78 c:/program files (x86)/cypress/psoc creator/3.3/psoc creator/import/gnu/arm/4.9.3/bin/../lib/gcc/arm-none-eabi/4.9.3/../../../../arm-none-eabi/lib/armv6-m/crt0.o
 .data          0x00000000        0x0 c:/program files (x86)/cypress/psoc creator/3.3/psoc creator/import/gnu/arm/4.9.3/bin/../lib/gcc/arm-none-eabi/4.9.3/../../../../arm-none-eabi/lib/armv6-m/crt0.o
 .bss           0x00000000        0x0 c:/program files (x86)/cypress/psoc creator/3.3/psoc creator/import/gnu/arm/4.9.3/bin/../lib/gcc/arm-none-eabi/4.9.3/../../../../arm-none-eabi/lib/armv6-m/crt0.o
 .ARM.extab     0x00000000        0x0 c:/program files (x86)/cypress/psoc creator/3.3/psoc creator/import/gnu/arm/4.9.3/bin/../lib/gcc/arm-none-eabi/4.9.3/../../../../arm-none-eabi/lib/armv6-m/crt0.o
 .ARM.exidx     0x00000000        0x8 c:/program files (x86)/cypress/psoc creator/3.3/psoc creator/import/gnu/arm/4.9.3/bin/../lib/gcc/arm-none-eabi/4.9.3/../../../../arm-none-eabi/lib/armv6-m/crt0.o
 .text          0x00000000        0x0 .\CortexM0\ARM_GCC_493\Debug\main.o
 .data          0x00000000        0x0 .\CortexM0\ARM_GCC_493\Debug\main.o
 .text          0x00000000        0x0 .\CortexM0\ARM_GCC_493\Debug\cymetadata.o
 .data          0x00000000        0x0 .\CortexM0\ARM_GCC_493\Debug\cymetadata.o
 .bss           0x00000000        0x0 .\CortexM0\ARM_GCC_493\Debug\cymetadata.o
 .text          0x00000000        0x0 .\CortexM0\ARM_GCC_493\Debug\Cm0Start.o
 .data          0x00000000        0x4 .\CortexM0\ARM_GCC_493\Debug\Cm0Start.o
 .bss           0x00000000        0x0 .\CortexM0\ARM_GCC_493\Debug\Cm0Start.o
 .text._exit    0x00000000        0xc .\CortexM0\ARM_GCC_493\Debug\Cm0Start.o
 .text._sbrk    0x00000000       0x30 .\CortexM0\ARM_GCC_493\Debug\Cm0Start.o
 .text          0x00000000        0x0 .\CortexM0\ARM_GCC_493\Debug\electronic_derailleur.a(cyfitter_cfg.o)
 .data          0x00000000        0x0 .\CortexM0\ARM_GCC_493\Debug\electronic_derailleur.a(cyfitter_cfg.o)
 .bss           0x00000000        0x0 .\CortexM0\ARM_GCC_493\Debug\electronic_derailleur.a(cyfitter_cfg.o)
 .text          0x00000000        0x0 .\CortexM0\ARM_GCC_493\Debug\electronic_derailleur.a(UART.o)
 .data          0x00000000        0x0 .\CortexM0\ARM_GCC_493\Debug\electronic_derailleur.a(UART.o)
 .text.UART_ScbModeStop
                0x00000000        0x8 .\CortexM0\ARM_GCC_493\Debug\electronic_derailleur.a(UART.o)
 .text.UART_Stop
                0x00000000       0x20 .\CortexM0\ARM_GCC_493\Debug\electronic_derailleur.a(UART.o)
 .text.UART_SetRxFifoLevel
                0x00000000       0x14 .\CortexM0\ARM_GCC_493\Debug\electronic_derailleur.a(UART.o)
 .text.UART_SetTxFifoLevel
                0x00000000       0x14 .\CortexM0\ARM_GCC_493\Debug\electronic_derailleur.a(UART.o)
 .text          0x00000000        0x0 .\CortexM0\ARM_GCC_493\Debug\electronic_derailleur.a(UART_UART.o)
 .data          0x00000000        0x0 .\CortexM0\ARM_GCC_493\Debug\electronic_derailleur.a(UART_UART.o)
 .bss           0x00000000        0x0 .\CortexM0\ARM_GCC_493\Debug\electronic_derailleur.a(UART_UART.o)
 .text.UART_UartStop
                0x00000000       0x14 .\CortexM0\ARM_GCC_493\Debug\electronic_derailleur.a(UART_UART.o)
 .text.UART_UartSetRxAddress
                0x00000000       0x14 .\CortexM0\ARM_GCC_493\Debug\electronic_derailleur.a(UART_UART.o)
 .text.UART_UartSetRxAddressMask
                0x00000000       0x18 .\CortexM0\ARM_GCC_493\Debug\electronic_derailleur.a(UART_UART.o)
 .text.UART_UartGetChar
                0x00000000       0x2c .\CortexM0\ARM_GCC_493\Debug\electronic_derailleur.a(UART_UART.o)
 .text.UART_UartGetByte
                0x00000000       0x30 .\CortexM0\ARM_GCC_493\Debug\electronic_derailleur.a(UART_UART.o)
 .text.UART_UartSetRtsPolarity
                0x00000000       0x28 .\CortexM0\ARM_GCC_493\Debug\electronic_derailleur.a(UART_UART.o)
 .text.UART_UartSetRtsFifoLevel
                0x00000000       0x14 .\CortexM0\ARM_GCC_493\Debug\electronic_derailleur.a(UART_UART.o)
 .text.UART_UartPutCRLF
                0x00000000       0x14 .\CortexM0\ARM_GCC_493\Debug\electronic_derailleur.a(UART_UART.o)
 .text.UART_UartEnableCts
                0x00000000       0x14 .\CortexM0\ARM_GCC_493\Debug\electronic_derailleur.a(UART_UART.o)
 .text.UART_UartDisableCts
                0x00000000       0x14 .\CortexM0\ARM_GCC_493\Debug\electronic_derailleur.a(UART_UART.o)
 .text.UART_UartSetCtsPolarity
                0x00000000       0x28 .\CortexM0\ARM_GCC_493\Debug\electronic_derailleur.a(UART_UART.o)
 .data          0x00000000        0x0 .\CortexM0\ARM_GCC_493\Debug\electronic_derailleur.a(CyBootAsmGnu.o)
 .bss           0x00000000        0x0 .\CortexM0\ARM_GCC_493\Debug\electronic_derailleur.a(CyBootAsmGnu.o)
 .text          0x00000000        0x0 .\CortexM0\ARM_GCC_493\Debug\electronic_derailleur.a(CyLib.o)
 .bss           0x00000000       0x18 .\CortexM0\ARM_GCC_493\Debug\electronic_derailleur.a(CyLib.o)
 .text.CySysClkImoStart
                0x00000000       0x14 .\CortexM0\ARM_GCC_493\Debug\electronic_derailleur.a(CyLib.o)
 .text.CySysClkImoStop
                0x00000000       0x10 .\CortexM0\ARM_GCC_493\Debug\electronic_derailleur.a(CyLib.o)
 .text.CySysClkWriteHfclkDirect
                0x00000000       0x24 .\CortexM0\ARM_GCC_493\Debug\electronic_derailleur.a(CyLib.o)
 .text.CySysClkWriteSysclkDiv
                0x00000000       0x28 .\CortexM0\ARM_GCC_493\Debug\electronic_derailleur.a(CyLib.o)
 .text.CySysClkEcoStop
                0x00000000       0x24 .\CortexM0\ARM_GCC_493\Debug\electronic_derailleur.a(CyLib.o)
 .text.CySysLvdDisable
                0x00000000       0x20 .\CortexM0\ARM_GCC_493\Debug\electronic_derailleur.a(CyLib.o)
 .text.CySysLvdGetInterruptSource
                0x00000000       0x10 .\CortexM0\ARM_GCC_493\Debug\electronic_derailleur.a(CyLib.o)
 .text.CySysLvdClearInterrupt
                0x00000000        0xc .\CortexM0\ARM_GCC_493\Debug\electronic_derailleur.a(CyLib.o)
 .text.CySysGetResetReason
                0x00000000       0x14 .\CortexM0\ARM_GCC_493\Debug\electronic_derailleur.a(CyLib.o)
 .text.CyDisableInts
                0x00000000       0x10 .\CortexM0\ARM_GCC_493\Debug\electronic_derailleur.a(CyLib.o)
 .text.CyEnableInts
                0x00000000        0xc .\CortexM0\ARM_GCC_493\Debug\electronic_derailleur.a(CyLib.o)
 .text.CyIntGetState
                0x00000000       0x18 .\CortexM0\ARM_GCC_493\Debug\electronic_derailleur.a(CyLib.o)
 .text.CyIntDisable
                0x00000000       0x14 .\CortexM0\ARM_GCC_493\Debug\electronic_derailleur.a(CyLib.o)
 .text.CyIntSetPending
                0x00000000       0x14 .\CortexM0\ARM_GCC_493\Debug\electronic_derailleur.a(CyLib.o)
 .text.CyIntClearPending
                0x00000000       0x14 .\CortexM0\ARM_GCC_493\Debug\electronic_derailleur.a(CyLib.o)
 .text.CySysClkWriteEcoDiv
                0x00000000       0x38 .\CortexM0\ARM_GCC_493\Debug\electronic_derailleur.a(CyLib.o)
 .text.CyIntSetSysVector
                0x00000000       0x20 .\CortexM0\ARM_GCC_493\Debug\electronic_derailleur.a(CyLib.o)
 .text.CyIntGetSysVector
                0x00000000       0x1c .\CortexM0\ARM_GCC_493\Debug\electronic_derailleur.a(CyLib.o)
 .text.CyIntGetVector
                0x00000000       0x20 .\CortexM0\ARM_GCC_493\Debug\electronic_derailleur.a(CyLib.o)
 .text.CyIntSetPriority
                0x00000000       0x4c .\CortexM0\ARM_GCC_493\Debug\electronic_derailleur.a(CyLib.o)
 .text.CyIntGetPriority
                0x00000000       0x2c .\CortexM0\ARM_GCC_493\Debug\electronic_derailleur.a(CyLib.o)
 .text.CySoftwareReset
                0x00000000       0x18 .\CortexM0\ARM_GCC_493\Debug\electronic_derailleur.a(CyLib.o)
 .text.CySysLvdEnable
                0x00000000       0x44 .\CortexM0\ARM_GCC_493\Debug\electronic_derailleur.a(CyLib.o)
 .text.CyDelayFreq
                0x00000000       0x4c .\CortexM0\ARM_GCC_493\Debug\electronic_derailleur.a(CyLib.o)
 .text.CySysTickStop
                0x00000000       0x10 .\CortexM0\ARM_GCC_493\Debug\electronic_derailleur.a(CyLib.o)
 .text.CySysTickEnableInterrupt
                0x00000000       0x10 .\CortexM0\ARM_GCC_493\Debug\electronic_derailleur.a(CyLib.o)
 .text.CySysTickEnable
                0x00000000       0x18 .\CortexM0\ARM_GCC_493\Debug\electronic_derailleur.a(CyLib.o)
 .text.CySysTickDisableInterrupt
                0x00000000       0x10 .\CortexM0\ARM_GCC_493\Debug\electronic_derailleur.a(CyLib.o)
 .text.CySysTickSetReload
                0x00000000       0x10 .\CortexM0\ARM_GCC_493\Debug\electronic_derailleur.a(CyLib.o)
 .text.CySysTickGetReload
                0x00000000       0x10 .\CortexM0\ARM_GCC_493\Debug\electronic_derailleur.a(CyLib.o)
 .text.CySysTickGetValue
                0x00000000       0x10 .\CortexM0\ARM_GCC_493\Debug\electronic_derailleur.a(CyLib.o)
 .text.CySysTickSetClockSource
                0x00000000       0x20 .\CortexM0\ARM_GCC_493\Debug\electronic_derailleur.a(CyLib.o)
 .text.CySysTickGetCountFlag
                0x00000000       0x10 .\CortexM0\ARM_GCC_493\Debug\electronic_derailleur.a(CyLib.o)
 .text.CySysTickServiceCallbacks
                0x00000000       0x28 .\CortexM0\ARM_GCC_493\Debug\electronic_derailleur.a(CyLib.o)
 .text.CySysTickClear
                0x00000000        0xc .\CortexM0\ARM_GCC_493\Debug\electronic_derailleur.a(CyLib.o)
 .text.CySysTickInit
                0x00000000       0x4c .\CortexM0\ARM_GCC_493\Debug\electronic_derailleur.a(CyLib.o)
 .text.CySysTickStart
                0x00000000       0x20 .\CortexM0\ARM_GCC_493\Debug\electronic_derailleur.a(CyLib.o)
 .text.CySysTickSetCallback
                0x00000000       0x10 .\CortexM0\ARM_GCC_493\Debug\electronic_derailleur.a(CyLib.o)
 .text.CySysTickGetCallback
                0x00000000        0xc .\CortexM0\ARM_GCC_493\Debug\electronic_derailleur.a(CyLib.o)
 .text.CyGetUniqueId
                0x00000000       0x70 .\CortexM0\ARM_GCC_493\Debug\electronic_derailleur.a(CyLib.o)
 .text          0x00000000        0x0 .\CortexM0\ARM_GCC_493\Debug\electronic_derailleur.a(CyLFClk.o)
 .text.CySysClkIloEnabled
                0x00000000       0x14 .\CortexM0\ARM_GCC_493\Debug\electronic_derailleur.a(CyLFClk.o)
 .text.CySysClkGetLfclkSource
                0x00000000       0x10 .\CortexM0\ARM_GCC_493\Debug\electronic_derailleur.a(CyLFClk.o)
 .text.CySysClkIloStart
                0x00000000       0x14 .\CortexM0\ARM_GCC_493\Debug\electronic_derailleur.a(CyLFClk.o)
 .text.CySysClkWcoEnabled
                0x00000000       0x14 .\CortexM0\ARM_GCC_493\Debug\electronic_derailleur.a(CyLFClk.o)
 .text.CySysWdtGetEnabledStatus
                0x00000000       0x24 .\CortexM0\ARM_GCC_493\Debug\electronic_derailleur.a(CyLFClk.o)
 .text.CySysWdtSetMode
                0x00000000       0x38 .\CortexM0\ARM_GCC_493\Debug\electronic_derailleur.a(CyLFClk.o)
 .text.CySysClkLfclkPosedgeRestore
                0x00000000       0x2c .\CortexM0\ARM_GCC_493\Debug\electronic_derailleur.a(CyLFClk.o)
 .text.CySysWdtGetMode
                0x00000000       0x14 .\CortexM0\ARM_GCC_493\Debug\electronic_derailleur.a(CyLFClk.o)
 .text.CySysWdtSetClearOnMatch
                0x00000000       0x38 .\CortexM0\ARM_GCC_493\Debug\electronic_derailleur.a(CyLFClk.o)
 .text.CySysWdtGetClearOnMatch
                0x00000000       0x24 .\CortexM0\ARM_GCC_493\Debug\electronic_derailleur.a(CyLFClk.o)
 .text.CySysWdtEnable
                0x00000000       0x3c .\CortexM0\ARM_GCC_493\Debug\electronic_derailleur.a(CyLFClk.o)
 .text.CySysWdtDisable
                0x00000000       0x44 .\CortexM0\ARM_GCC_493\Debug\electronic_derailleur.a(CyLFClk.o)
 .text.CySysWdtSetCascade
                0x00000000       0x34 .\CortexM0\ARM_GCC_493\Debug\electronic_derailleur.a(CyLFClk.o)
 .text.CySysWdtGetCascade
                0x00000000       0x14 .\CortexM0\ARM_GCC_493\Debug\electronic_derailleur.a(CyLFClk.o)
 .text.CySysWdtSetMatch
                0x00000000       0x58 .\CortexM0\ARM_GCC_493\Debug\electronic_derailleur.a(CyLFClk.o)
 .text.CySysWdtSetToggleBit
                0x00000000       0x2c .\CortexM0\ARM_GCC_493\Debug\electronic_derailleur.a(CyLFClk.o)
 .text.CySysWdtGetToggleBit
                0x00000000       0x10 .\CortexM0\ARM_GCC_493\Debug\electronic_derailleur.a(CyLFClk.o)
 .text.CySysWdtGetMatch
                0x00000000       0x20 .\CortexM0\ARM_GCC_493\Debug\electronic_derailleur.a(CyLFClk.o)
 .text.CySysWdtGetCount
                0x00000000       0x3c .\CortexM0\ARM_GCC_493\Debug\electronic_derailleur.a(CyLFClk.o)
 .text.CySysClkLfclkPosedgeCatch
                0x00000000       0x74 .\CortexM0\ARM_GCC_493\Debug\electronic_derailleur.a(CyLFClk.o)
 .text.CySysClkIloStop
                0x00000000       0x4c .\CortexM0\ARM_GCC_493\Debug\electronic_derailleur.a(CyLFClk.o)
 .text.CySysClkSetLfclkSource
                0x00000000       0x38 .\CortexM0\ARM_GCC_493\Debug\electronic_derailleur.a(CyLFClk.o)
 .text.CySysClkWcoStop
                0x00000000       0x48 .\CortexM0\ARM_GCC_493\Debug\electronic_derailleur.a(CyLFClk.o)
 .text.CySysWdtGetInterruptSource
                0x00000000       0x14 .\CortexM0\ARM_GCC_493\Debug\electronic_derailleur.a(CyLFClk.o)
 .text.CySysWdtResetCounters
                0x00000000       0x20 .\CortexM0\ARM_GCC_493\Debug\electronic_derailleur.a(CyLFClk.o)
 .text.CySysWdtSetInterruptCallback
                0x00000000       0x20 .\CortexM0\ARM_GCC_493\Debug\electronic_derailleur.a(CyLFClk.o)
 .text.CySysWdtGetInterruptCallback
                0x00000000       0x20 .\CortexM0\ARM_GCC_493\Debug\electronic_derailleur.a(CyLFClk.o)
 .text.CySysWdtEnableCounterIsr
                0x00000000       0x34 .\CortexM0\ARM_GCC_493\Debug\electronic_derailleur.a(CyLFClk.o)
 .text.CySysWdtDisableCounterIsr
                0x00000000       0x28 .\CortexM0\ARM_GCC_493\Debug\electronic_derailleur.a(CyLFClk.o)
 .text.CySysTimerDelayUntilMatch
                0x00000000       0x6c .\CortexM0\ARM_GCC_493\Debug\electronic_derailleur.a(CyLFClk.o)
 .text.CySysTimerDelay
                0x00000000       0x3c .\CortexM0\ARM_GCC_493\Debug\electronic_derailleur.a(CyLFClk.o)
 .text.CySysWatchdogFeed
                0x00000000       0x60 .\CortexM0\ARM_GCC_493\Debug\electronic_derailleur.a(CyLFClk.o)
 .rodata        0x00000000        0xc .\CortexM0\ARM_GCC_493\Debug\electronic_derailleur.a(CyLFClk.o)
 .text          0x00000000        0x0 .\CortexM0\ARM_GCC_493\Debug\electronic_derailleur.a(shifter_switches.o)
 .data          0x00000000        0x0 .\CortexM0\ARM_GCC_493\Debug\electronic_derailleur.a(shifter_switches.o)
 .bss           0x00000000        0x0 .\CortexM0\ARM_GCC_493\Debug\electronic_derailleur.a(shifter_switches.o)
 .text.shifter_switches_Write
                0x00000000       0x18 .\CortexM0\ARM_GCC_493\Debug\electronic_derailleur.a(shifter_switches.o)
 .text.shifter_switches_SetDriveMode
                0x00000000       0x20 .\CortexM0\ARM_GCC_493\Debug\electronic_derailleur.a(shifter_switches.o)
 .text.shifter_switches_Read
                0x00000000       0x10 .\CortexM0\ARM_GCC_493\Debug\electronic_derailleur.a(shifter_switches.o)
 .text.shifter_switches_ReadDataReg
                0x00000000       0x10 .\CortexM0\ARM_GCC_493\Debug\electronic_derailleur.a(shifter_switches.o)
 .text          0x00000000        0x0 .\CortexM0\ARM_GCC_493\Debug\electronic_derailleur.a(shifter_isr.o)
 .data          0x00000000        0x0 .\CortexM0\ARM_GCC_493\Debug\electronic_derailleur.a(shifter_isr.o)
 .bss           0x00000000        0x0 .\CortexM0\ARM_GCC_493\Debug\electronic_derailleur.a(shifter_isr.o)
 .text.shifter_isr_Interrupt
                0x00000000        0x4 .\CortexM0\ARM_GCC_493\Debug\electronic_derailleur.a(shifter_isr.o)
 .text.shifter_isr_GetVector
                0x00000000        0xc .\CortexM0\ARM_GCC_493\Debug\electronic_derailleur.a(shifter_isr.o)
 .text.shifter_isr_GetPriority
                0x00000000       0x10 .\CortexM0\ARM_GCC_493\Debug\electronic_derailleur.a(shifter_isr.o)
 .text.shifter_isr_GetState
                0x00000000       0x14 .\CortexM0\ARM_GCC_493\Debug\electronic_derailleur.a(shifter_isr.o)
 .text.shifter_isr_Start
                0x00000000       0x1c .\CortexM0\ARM_GCC_493\Debug\electronic_derailleur.a(shifter_isr.o)
 .text.shifter_isr_Stop
                0x00000000       0x14 .\CortexM0\ARM_GCC_493\Debug\electronic_derailleur.a(shifter_isr.o)
 .text.shifter_isr_SetPending
                0x00000000        0xc .\CortexM0\ARM_GCC_493\Debug\electronic_derailleur.a(shifter_isr.o)
 .text          0x00000000        0x0 .\CortexM0\ARM_GCC_493\Debug\electronic_derailleur.a(PWM.o)
 .data          0x00000000        0x0 .\CortexM0\ARM_GCC_493\Debug\electronic_derailleur.a(PWM.o)
 .text.PWM_Stop
                0x00000000       0x10 .\CortexM0\ARM_GCC_493\Debug\electronic_derailleur.a(PWM.o)
 .text.PWM_ReadCounter
                0x00000000       0x14 .\CortexM0\ARM_GCC_493\Debug\electronic_derailleur.a(PWM.o)
 .text.PWM_ReadControlRegister
                0x00000000        0xc .\CortexM0\ARM_GCC_493\Debug\electronic_derailleur.a(PWM.o)
 .text.PWM_WriteControlRegister
                0x00000000        0xc .\CortexM0\ARM_GCC_493\Debug\electronic_derailleur.a(PWM.o)
 .text.PWM_ReadCompare1
                0x00000000        0xc .\CortexM0\ARM_GCC_493\Debug\electronic_derailleur.a(PWM.o)
 .text.PWM_ReadCompare2
                0x00000000        0xc .\CortexM0\ARM_GCC_493\Debug\electronic_derailleur.a(PWM.o)
 .text.PWM_ReadPeriod
                0x00000000        0xc .\CortexM0\ARM_GCC_493\Debug\electronic_derailleur.a(PWM.o)
 .text          0x00000000        0x0 .\CortexM0\ARM_GCC_493\Debug\electronic_derailleur.a(front_motor.o)
 .data          0x00000000        0x0 .\CortexM0\ARM_GCC_493\Debug\electronic_derailleur.a(front_motor.o)
 .bss           0x00000000        0x0 .\CortexM0\ARM_GCC_493\Debug\electronic_derailleur.a(front_motor.o)
 .text.front_motor_Read
                0x00000000        0xc .\CortexM0\ARM_GCC_493\Debug\electronic_derailleur.a(front_motor.o)
 .text          0x00000000        0x0 .\CortexM0\ARM_GCC_493\Debug\electronic_derailleur.a(UART_SPI_UART.o)
 .data          0x00000000        0x0 .\CortexM0\ARM_GCC_493\Debug\electronic_derailleur.a(UART_SPI_UART.o)
 .bss           0x00000000        0x0 .\CortexM0\ARM_GCC_493\Debug\electronic_derailleur.a(UART_SPI_UART.o)
 .text.UART_SpiUartReadRxData
                0x00000000        0xc .\CortexM0\ARM_GCC_493\Debug\electronic_derailleur.a(UART_SPI_UART.o)
 .text.UART_SpiUartGetRxBufferSize
                0x00000000       0x10 .\CortexM0\ARM_GCC_493\Debug\electronic_derailleur.a(UART_SPI_UART.o)
 .text.UART_SpiUartClearRxBuffer
                0x00000000       0x20 .\CortexM0\ARM_GCC_493\Debug\electronic_derailleur.a(UART_SPI_UART.o)
 .text.UART_SpiUartPutArray
                0x00000000       0x18 .\CortexM0\ARM_GCC_493\Debug\electronic_derailleur.a(UART_SPI_UART.o)
 .text.UART_SpiUartGetTxBufferSize
                0x00000000       0x10 .\CortexM0\ARM_GCC_493\Debug\electronic_derailleur.a(UART_SPI_UART.o)
 .text.UART_SpiUartClearTxBuffer
                0x00000000       0x20 .\CortexM0\ARM_GCC_493\Debug\electronic_derailleur.a(UART_SPI_UART.o)
 .text.UART_SpiUartDisableIntRx
                0x00000000       0x10 .\CortexM0\ARM_GCC_493\Debug\electronic_derailleur.a(UART_SPI_UART.o)
 .text.UART_SpiUartDisableIntTx
                0x00000000       0x10 .\CortexM0\ARM_GCC_493\Debug\electronic_derailleur.a(UART_SPI_UART.o)
 .text          0x00000000      0x120 c:/program files (x86)/cypress/psoc creator/3.3/psoc creator/import/gnu/arm/4.9.3/bin/../lib/gcc/arm-none-eabi/4.9.3/armv6-m\libgcc.a(_udivsi3.o)
 .data          0x00000000        0x0 c:/program files (x86)/cypress/psoc creator/3.3/psoc creator/import/gnu/arm/4.9.3/bin/../lib/gcc/arm-none-eabi/4.9.3/armv6-m\libgcc.a(_udivsi3.o)
 .bss           0x00000000        0x0 c:/program files (x86)/cypress/psoc creator/3.3/psoc creator/import/gnu/arm/4.9.3/bin/../lib/gcc/arm-none-eabi/4.9.3/armv6-m\libgcc.a(_udivsi3.o)
 .text          0x00000000        0x4 c:/program files (x86)/cypress/psoc creator/3.3/psoc creator/import/gnu/arm/4.9.3/bin/../lib/gcc/arm-none-eabi/4.9.3/armv6-m\libgcc.a(_dvmd_tls.o)
 .data          0x00000000        0x0 c:/program files (x86)/cypress/psoc creator/3.3/psoc creator/import/gnu/arm/4.9.3/bin/../lib/gcc/arm-none-eabi/4.9.3/armv6-m\libgcc.a(_dvmd_tls.o)
 .bss           0x00000000        0x0 c:/program files (x86)/cypress/psoc creator/3.3/psoc creator/import/gnu/arm/4.9.3/bin/../lib/gcc/arm-none-eabi/4.9.3/armv6-m\libgcc.a(_dvmd_tls.o)
 .text          0x00000000        0x0 c:/program files (x86)/cypress/psoc creator/3.3/psoc creator/import/gnu/arm/4.9.3/bin/../lib/gcc/arm-none-eabi/4.9.3/../../../../arm-none-eabi/lib/armv6-m\libg_nano.a(lib_a-errno.o)
 .data          0x00000000        0x0 c:/program files (x86)/cypress/psoc creator/3.3/psoc creator/import/gnu/arm/4.9.3/bin/../lib/gcc/arm-none-eabi/4.9.3/../../../../arm-none-eabi/lib/armv6-m\libg_nano.a(lib_a-errno.o)
 .bss           0x00000000        0x0 c:/program files (x86)/cypress/psoc creator/3.3/psoc creator/import/gnu/arm/4.9.3/bin/../lib/gcc/arm-none-eabi/4.9.3/../../../../arm-none-eabi/lib/armv6-m\libg_nano.a(lib_a-errno.o)
 .text.__errno  0x00000000        0xc c:/program files (x86)/cypress/psoc creator/3.3/psoc creator/import/gnu/arm/4.9.3/bin/../lib/gcc/arm-none-eabi/4.9.3/../../../../arm-none-eabi/lib/armv6-m\libg_nano.a(lib_a-errno.o)
 .text          0x00000000        0x0 c:/program files (x86)/cypress/psoc creator/3.3/psoc creator/import/gnu/arm/4.9.3/bin/../lib/gcc/arm-none-eabi/4.9.3/../../../../arm-none-eabi/lib/armv6-m\libg_nano.a(lib_a-exit.o)
 .data          0x00000000        0x0 c:/program files (x86)/cypress/psoc creator/3.3/psoc creator/import/gnu/arm/4.9.3/bin/../lib/gcc/arm-none-eabi/4.9.3/../../../../arm-none-eabi/lib/armv6-m\libg_nano.a(lib_a-exit.o)
 .bss           0x00000000        0x0 c:/program files (x86)/cypress/psoc creator/3.3/psoc creator/import/gnu/arm/4.9.3/bin/../lib/gcc/arm-none-eabi/4.9.3/../../../../arm-none-eabi/lib/armv6-m\libg_nano.a(lib_a-exit.o)
 .text.exit     0x00000000       0x2c c:/program files (x86)/cypress/psoc creator/3.3/psoc creator/import/gnu/arm/4.9.3/bin/../lib/gcc/arm-none-eabi/4.9.3/../../../../arm-none-eabi/lib/armv6-m\libg_nano.a(lib_a-exit.o)
 .text          0x00000000        0x0 c:/program files (x86)/cypress/psoc creator/3.3/psoc creator/import/gnu/arm/4.9.3/bin/../lib/gcc/arm-none-eabi/4.9.3/../../../../arm-none-eabi/lib/armv6-m\libg_nano.a(lib_a-impure.o)
 .data          0x00000000        0x0 c:/program files (x86)/cypress/psoc creator/3.3/psoc creator/import/gnu/arm/4.9.3/bin/../lib/gcc/arm-none-eabi/4.9.3/../../../../arm-none-eabi/lib/armv6-m\libg_nano.a(lib_a-impure.o)
 .bss           0x00000000        0x0 c:/program files (x86)/cypress/psoc creator/3.3/psoc creator/import/gnu/arm/4.9.3/bin/../lib/gcc/arm-none-eabi/4.9.3/../../../../arm-none-eabi/lib/armv6-m\libg_nano.a(lib_a-impure.o)
 .data.impure_data
                0x00000000       0x60 c:/program files (x86)/cypress/psoc creator/3.3/psoc creator/import/gnu/arm/4.9.3/bin/../lib/gcc/arm-none-eabi/4.9.3/../../../../arm-none-eabi/lib/armv6-m\libg_nano.a(lib_a-impure.o)
 .data._impure_ptr
                0x00000000        0x4 c:/program files (x86)/cypress/psoc creator/3.3/psoc creator/import/gnu/arm/4.9.3/bin/../lib/gcc/arm-none-eabi/4.9.3/../../../../arm-none-eabi/lib/armv6-m\libg_nano.a(lib_a-impure.o)
 .rodata.str1.1
                0x00000000        0x2 c:/program files (x86)/cypress/psoc creator/3.3/psoc creator/import/gnu/arm/4.9.3/bin/../lib/gcc/arm-none-eabi/4.9.3/../../../../arm-none-eabi/lib/armv6-m\libg_nano.a(lib_a-impure.o)
 .rodata._global_impure_ptr
                0x00000000        0x4 c:/program files (x86)/cypress/psoc creator/3.3/psoc creator/import/gnu/arm/4.9.3/bin/../lib/gcc/arm-none-eabi/4.9.3/../../../../arm-none-eabi/lib/armv6-m\libg_nano.a(lib_a-impure.o)
 .text          0x00000000        0x0 c:/program files (x86)/cypress/psoc creator/3.3/psoc creator/import/gnu/arm/4.9.3/bin/../lib/gcc/arm-none-eabi/4.9.3/../../../../arm-none-eabi/lib/armv6-m\libg_nano.a(lib_a-init.o)
 .data          0x00000000        0x0 c:/program files (x86)/cypress/psoc creator/3.3/psoc creator/import/gnu/arm/4.9.3/bin/../lib/gcc/arm-none-eabi/4.9.3/../../../../arm-none-eabi/lib/armv6-m\libg_nano.a(lib_a-init.o)
 .bss           0x00000000        0x0 c:/program files (x86)/cypress/psoc creator/3.3/psoc creator/import/gnu/arm/4.9.3/bin/../lib/gcc/arm-none-eabi/4.9.3/../../../../arm-none-eabi/lib/armv6-m\libg_nano.a(lib_a-init.o)
 .text          0x00000000        0x0 c:/program files (x86)/cypress/psoc creator/3.3/psoc creator/import/gnu/arm/4.9.3/bin/../lib/gcc/arm-none-eabi/4.9.3/../../../../arm-none-eabi/lib/armv6-m\libg_nano.a(lib_a-memset.o)
 .data          0x00000000        0x0 c:/program files (x86)/cypress/psoc creator/3.3/psoc creator/import/gnu/arm/4.9.3/bin/../lib/gcc/arm-none-eabi/4.9.3/../../../../arm-none-eabi/lib/armv6-m\libg_nano.a(lib_a-memset.o)
 .bss           0x00000000        0x0 c:/program files (x86)/cypress/psoc creator/3.3/psoc creator/import/gnu/arm/4.9.3/bin/../lib/gcc/arm-none-eabi/4.9.3/../../../../arm-none-eabi/lib/armv6-m\libg_nano.a(lib_a-memset.o)
 .text          0x00000000        0x0 c:/program files (x86)/cypress/psoc creator/3.3/psoc creator/import/gnu/arm/4.9.3/bin/../lib/gcc/arm-none-eabi/4.9.3/armv6-m/crtend.o
 .data          0x00000000        0x0 c:/program files (x86)/cypress/psoc creator/3.3/psoc creator/import/gnu/arm/4.9.3/bin/../lib/gcc/arm-none-eabi/4.9.3/armv6-m/crtend.o
 .bss           0x00000000        0x0 c:/program files (x86)/cypress/psoc creator/3.3/psoc creator/import/gnu/arm/4.9.3/bin/../lib/gcc/arm-none-eabi/4.9.3/armv6-m/crtend.o
 .text          0x00000000        0x0 c:/program files (x86)/cypress/psoc creator/3.3/psoc creator/import/gnu/arm/4.9.3/bin/../lib/gcc/arm-none-eabi/4.9.3/armv6-m/crtn.o
 .data          0x00000000        0x0 c:/program files (x86)/cypress/psoc creator/3.3/psoc creator/import/gnu/arm/4.9.3/bin/../lib/gcc/arm-none-eabi/4.9.3/armv6-m/crtn.o
 .bss           0x00000000        0x0 c:/program files (x86)/cypress/psoc creator/3.3/psoc creator/import/gnu/arm/4.9.3/bin/../lib/gcc/arm-none-eabi/4.9.3/armv6-m/crtn.o

Memory Configuration

Name             Origin             Length             Attributes
rom              0x00000000         0x00020000         xr
ram              0x20000000         0x00004000         xrw
*default*        0x00000000         0xffffffff

Linker script and memory map

LOAD c:/program files (x86)/cypress/psoc creator/3.3/psoc creator/import/gnu/arm/4.9.3/bin/../lib/gcc/arm-none-eabi/4.9.3/armv6-m/crti.o
LOAD c:/program files (x86)/cypress/psoc creator/3.3/psoc creator/import/gnu/arm/4.9.3/bin/../lib/gcc/arm-none-eabi/4.9.3/armv6-m/crtbegin.o
LOAD c:/program files (x86)/cypress/psoc creator/3.3/psoc creator/import/gnu/arm/4.9.3/bin/../lib/gcc/arm-none-eabi/4.9.3/../../../../arm-none-eabi/lib/armv6-m/crt0.o
START GROUP
LOAD .\CortexM0\ARM_GCC_493\Debug\main.o
LOAD .\CortexM0\ARM_GCC_493\Debug\cymetadata.o
LOAD .\CortexM0\ARM_GCC_493\Debug\Cm0Start.o
LOAD .\CortexM0\ARM_GCC_493\Debug\electronic_derailleur.a
LOAD C:\Program Files (x86)\Cypress\PSoC Creator\3.3\PSoC Creator\psoc\content\cycomponentlibrary\CyComponentLibrary.cylib\CortexM0\ARM_GCC_493\Debug\CyComponentLibrary.a
END GROUP
START GROUP
LOAD c:/program files (x86)/cypress/psoc creator/3.3/psoc creator/import/gnu/arm/4.9.3/bin/../lib/gcc/arm-none-eabi/4.9.3/armv6-m\libgcc.a
LOAD c:/program files (x86)/cypress/psoc creator/3.3/psoc creator/import/gnu/arm/4.9.3/bin/../lib/gcc/arm-none-eabi/4.9.3/../../../../arm-none-eabi/lib/armv6-m\libg_nano.a
LOAD c:/program files (x86)/cypress/psoc creator/3.3/psoc creator/import/gnu/arm/4.9.3/bin/../lib/gcc/arm-none-eabi/4.9.3/../../../../arm-none-eabi/lib/armv6-m\libc_nano.a
END GROUP
START GROUP
LOAD c:/program files (x86)/cypress/psoc creator/3.3/psoc creator/import/gnu/arm/4.9.3/bin/../lib/gcc/arm-none-eabi/4.9.3/armv6-m\libgcc.a
LOAD c:/program files (x86)/cypress/psoc creator/3.3/psoc creator/import/gnu/arm/4.9.3/bin/../lib/gcc/arm-none-eabi/4.9.3/../../../../arm-none-eabi/lib/armv6-m\libc_nano.a
END GROUP
LOAD c:/program files (x86)/cypress/psoc creator/3.3/psoc creator/import/gnu/arm/4.9.3/bin/../lib/gcc/arm-none-eabi/4.9.3/armv6-m/crtend.o
LOAD c:/program files (x86)/cypress/psoc creator/3.3/psoc creator/import/gnu/arm/4.9.3/bin/../lib/gcc/arm-none-eabi/4.9.3/armv6-m/crtn.o
START GROUP
LOAD c:/program files (x86)/cypress/psoc creator/3.3/psoc creator/import/gnu/arm/4.9.3/bin/../lib/gcc/arm-none-eabi/4.9.3/armv6-m\libgcc.a
LOAD c:/program files (x86)/cypress/psoc creator/3.3/psoc creator/import/gnu/arm/4.9.3/bin/../lib/gcc/arm-none-eabi/4.9.3/../../../../arm-none-eabi/lib/armv6-m\libc.a
LOAD c:/program files (x86)/cypress/psoc creator/3.3/psoc creator/import/gnu/arm/4.9.3/bin/../lib/gcc/arm-none-eabi/4.9.3/../../../../arm-none-eabi/lib/armv6-m\libnosys.a
END GROUP
                0x00000000                CY_APPL_ORIGIN = 0x0
                0x00000080                CY_FLASH_ROW_SIZE = 0x80
                0x00000001                CY_APPL_NUM = 0x1
                0x00000001                CY_APPL_MAX = 0x1
                0x00000040                CY_METADATA_SIZE = 0x40
                0x00000000                CY_APPL_LOADABLE = 0x0
                0x00000000                CY_CHECKSUM_EXCLUDE_SIZE = ALIGN (0x0, CY_FLASH_ROW_SIZE)
                0x00000000                CY_APP_FOR_STACK_AND_COPIER = 0x0
                0x20000128                PROVIDE (__cy_heap_start, _end)
                0x00000001                PROVIDE (__cy_region_num, ((__cy_regions_end - __cy_regions) / 0x10))
                0x20004000                PROVIDE (__cy_stack, (ORIGIN (ram) + 0x4000))
                0x20003800                PROVIDE (__cy_heap_end, (__cy_stack - 0x800))

.cybootloader   0x00000000        0x0
 *(.cybootloader)
                0x00000000                appl1_start = CY_APPL_ORIGIN?CY_APPL_ORIGIN:ALIGN (CY_FLASH_ROW_SIZE)
                0x0000ff80                appl2_start = (appl1_start + ALIGN ((((0x20000 - appl1_start) - (0x2 * CY_FLASH_ROW_SIZE)) / 0x2), CY_FLASH_ROW_SIZE))
                0x00000000                appl_start = (CY_APPL_NUM == 0x1)?appl1_start:appl2_start
                0x00000001                cy_project_type_bootloader = (appl_start == 0x0)?0x1:0x0
                0x00000000                cy_project_type_app_for_stack_and_copier = (CY_APP_FOR_STACK_AND_COPIER == 0x1)?0x1:0x0

.text           0x00000000      0xaec
 CREATE_OBJECT_SYMBOLS
                0x00000000                PROVIDE (__cy_interrupt_vector, RomVectors)
 *(.romvectors)
 .romvectors    0x00000000       0x10 .\CortexM0\ARM_GCC_493\Debug\Cm0Start.o
                0x00000000                RomVectors
                0x00000001                ASSERT ((. != __cy_interrupt_vector), No interrupt vector)
                0x00000001                ASSERT (CY_APPL_ORIGIN?(SIZEOF (.cybootloader) <= CY_APPL_ORIGIN):0x1, Wrong image location)
                0x00000010                PROVIDE (__cy_reset, Reset)
 *(.text.Reset)
 .text.Reset    0x00000010        0x8 .\CortexM0\ARM_GCC_493\Debug\Cm0Start.o
                0x00000010                Reset
                0x00000001                ASSERT ((. != __cy_reset), No reset code)
 *(.psocinit)
 .psocinit      0x00000018      0x228 .\CortexM0\ARM_GCC_493\Debug\electronic_derailleur.a(cyfitter_cfg.o)
                0x00000104                cyfitter_cfg
                0x00000240                . = MAX (., 0x100)
 *(.text .text.* .gnu.linkonce.t.*)
 .text          0x00000240       0x60 c:/program files (x86)/cypress/psoc creator/3.3/psoc creator/import/gnu/arm/4.9.3/bin/../lib/gcc/arm-none-eabi/4.9.3/armv6-m/crtbegin.o
 .text.Shifter_ISR
                0x000002a0       0x44 .\CortexM0\ARM_GCC_493\Debug\main.o
                0x000002a0                Shifter_ISR
 .text.main     0x000002e4       0x84 .\CortexM0\ARM_GCC_493\Debug\main.o
                0x000002e4                main
 .text.IntDefaultHandler
                0x00000368        0x4 .\CortexM0\ARM_GCC_493\Debug\Cm0Start.o
                0x00000368                IntDefaultHandler
 .text.Start_c  0x0000036c       0x48 .\CortexM0\ARM_GCC_493\Debug\Cm0Start.o
                0x0000036c                Start_c
 .text.initialize_psoc
                0x000003b4       0x54 .\CortexM0\ARM_GCC_493\Debug\Cm0Start.o
                0x000003b4                initialize_psoc
 .text.cfg_write_bytes32
                0x00000408       0x34 .\CortexM0\ARM_GCC_493\Debug\electronic_derailleur.a(cyfitter_cfg.o)
 .text.AnalogSetDefault
                0x0000043c       0x20 .\CortexM0\ARM_GCC_493\Debug\electronic_derailleur.a(cyfitter_cfg.o)
 .text.CYMEMZERO
                0x0000045c        0xc .\CortexM0\ARM_GCC_493\Debug\electronic_derailleur.a(cyfitter_cfg.o)
 .text.UART_ScbModePostEnable
                0x00000468        0x8 .\CortexM0\ARM_GCC_493\Debug\electronic_derailleur.a(UART.o)
 .text.UART_Init
                0x00000470        0x8 .\CortexM0\ARM_GCC_493\Debug\electronic_derailleur.a(UART.o)
                0x00000470                UART_Init
 .text.UART_Enable
                0x00000478       0x18 .\CortexM0\ARM_GCC_493\Debug\electronic_derailleur.a(UART.o)
                0x00000478                UART_Enable
 .text.UART_Start
                0x00000490       0x20 .\CortexM0\ARM_GCC_493\Debug\electronic_derailleur.a(UART.o)
                0x00000490                UART_Start
 .text.UART_UartInit
                0x000004b0       0x98 .\CortexM0\ARM_GCC_493\Debug\electronic_derailleur.a(UART_UART.o)
                0x000004b0                UART_UartInit
 .text.UART_UartPostEnable
                0x00000548       0x1c .\CortexM0\ARM_GCC_493\Debug\electronic_derailleur.a(UART_UART.o)
                0x00000548                UART_UartPostEnable
 .text.UART_UartPutString
                0x00000564       0x18 .\CortexM0\ARM_GCC_493\Debug\electronic_derailleur.a(UART_UART.o)
                0x00000564                UART_UartPutString
 *fill*         0x0000057c        0x4 
 .text          0x00000580       0x20 .\CortexM0\ARM_GCC_493\Debug\electronic_derailleur.a(CyBootAsmGnu.o)
                0x00000580                CyDelayCycles
                0x00000592                CyEnterCriticalSection
                0x0000059a                CyExitCriticalSection
 .text.CySysClkWriteImoFreq
                0x000005a0       0x64 .\CortexM0\ARM_GCC_493\Debug\electronic_derailleur.a(CyLib.o)
                0x000005a0                CySysClkWriteImoFreq
 .text.CySysClkEcoReadStatus
                0x00000604       0x10 .\CortexM0\ARM_GCC_493\Debug\electronic_derailleur.a(CyLib.o)
                0x00000604                CySysClkEcoReadStatus
 .text.CyIntEnable
                0x00000614       0x14 .\CortexM0\ARM_GCC_493\Debug\electronic_derailleur.a(CyLib.o)
                0x00000614                CyIntEnable
 .text.CyHalt   0x00000628        0x4 .\CortexM0\ARM_GCC_493\Debug\electronic_derailleur.a(CyLib.o)
                0x00000628                CyHalt
 .text.CyIntSetVector
                0x0000062c       0x24 .\CortexM0\ARM_GCC_493\Debug\electronic_derailleur.a(CyLib.o)
                0x0000062c                CyIntSetVector
 .text.CyDelay  0x00000650       0x30 .\CortexM0\ARM_GCC_493\Debug\electronic_derailleur.a(CyLib.o)
                0x00000650                CyDelay
 .text.CyDelayUs
                0x00000680       0x14 .\CortexM0\ARM_GCC_493\Debug\electronic_derailleur.a(CyLib.o)
                0x00000680                CyDelayUs
 .text.CySysClkEcoStart
                0x00000694       0x54 .\CortexM0\ARM_GCC_493\Debug\electronic_derailleur.a(CyLib.o)
                0x00000694                CySysClkEcoStart
 .text.CySysWdtLocked
                0x000006e8       0x14 .\CortexM0\ARM_GCC_493\Debug\electronic_derailleur.a(CyLFClk.o)
 .text.CySysClkWcoStart
                0x000006fc       0x40 .\CortexM0\ARM_GCC_493\Debug\electronic_derailleur.a(CyLFClk.o)
                0x000006fc                CySysClkWcoStart
 .text.CySysClkWcoSetPowerMode
                0x0000073c       0x80 .\CortexM0\ARM_GCC_493\Debug\electronic_derailleur.a(CyLFClk.o)
                0x0000073c                CySysClkWcoSetPowerMode
 .text.CySysWdtLock
                0x000007bc       0x1c .\CortexM0\ARM_GCC_493\Debug\electronic_derailleur.a(CyLFClk.o)
                0x000007bc                CySysWdtLock
 .text.CySysWdtUnlock
                0x000007d8       0x30 .\CortexM0\ARM_GCC_493\Debug\electronic_derailleur.a(CyLFClk.o)
                0x000007d8                CySysWdtUnlock
 .text.CySysWdtClearInterrupt
                0x00000808       0x4c .\CortexM0\ARM_GCC_493\Debug\electronic_derailleur.a(CyLFClk.o)
                0x00000808                CySysWdtClearInterrupt
 .text.CySysWdtIsr
                0x00000854       0xa4 .\CortexM0\ARM_GCC_493\Debug\electronic_derailleur.a(CyLFClk.o)
                0x00000854                CySysWdtIsr
 .text.shifter_switches_ClearInterrupt
                0x000008f8       0x10 .\CortexM0\ARM_GCC_493\Debug\electronic_derailleur.a(shifter_switches.o)
                0x000008f8                shifter_switches_ClearInterrupt
 .text.shifter_isr_SetVector
                0x00000908        0xc .\CortexM0\ARM_GCC_493\Debug\electronic_derailleur.a(shifter_isr.o)
                0x00000908                shifter_isr_SetVector
 .text.shifter_isr_SetPriority
                0x00000914       0x24 .\CortexM0\ARM_GCC_493\Debug\electronic_derailleur.a(shifter_isr.o)
                0x00000914                shifter_isr_SetPriority
 .text.shifter_isr_Enable
                0x00000938        0xc .\CortexM0\ARM_GCC_493\Debug\electronic_derailleur.a(shifter_isr.o)
                0x00000938                shifter_isr_Enable
 .text.shifter_isr_Disable
                0x00000944        0xc .\CortexM0\ARM_GCC_493\Debug\electronic_derailleur.a(shifter_isr.o)
                0x00000944                shifter_isr_Disable
 .text.shifter_isr_StartEx
                0x00000950       0x1c .\CortexM0\ARM_GCC_493\Debug\electronic_derailleur.a(shifter_isr.o)
                0x00000950                shifter_isr_StartEx
 .text.shifter_isr_ClearPending
                0x0000096c        0xc .\CortexM0\ARM_GCC_493\Debug\electronic_derailleur.a(shifter_isr.o)
                0x0000096c                shifter_isr_ClearPending
 .text.PWM_Enable
                0x00000978       0x10 .\CortexM0\ARM_GCC_493\Debug\electronic_derailleur.a(PWM.o)
                0x00000978                PWM_Enable
 .text.PWM_WriteCounter
                0x00000988        0xc .\CortexM0\ARM_GCC_493\Debug\electronic_derailleur.a(PWM.o)
                0x00000988                PWM_WriteCounter
 .text.PWM_WritePeriod
                0x00000994        0xc .\CortexM0\ARM_GCC_493\Debug\electronic_derailleur.a(PWM.o)
                0x00000994                PWM_WritePeriod
 .text.PWM_WriteCompare1
                0x000009a0        0xc .\CortexM0\ARM_GCC_493\Debug\electronic_derailleur.a(PWM.o)
                0x000009a0                PWM_WriteCompare1
 .text.PWM_WriteCompare2
                0x000009ac        0xc .\CortexM0\ARM_GCC_493\Debug\electronic_derailleur.a(PWM.o)
                0x000009ac                PWM_WriteCompare2
 .text.PWM_SetInterruptMode
                0x000009b8        0xc .\CortexM0\ARM_GCC_493\Debug\electronic_derailleur.a(PWM.o)
                0x000009b8                PWM_SetInterruptMode
 .text.PWM_ReadStatusRegister
                0x000009c4        0xc .\CortexM0\ARM_GCC_493\Debug\electronic_derailleur.a(PWM.o)
                0x000009c4                PWM_ReadStatusRegister
 .text.PWM_ReadCapture
                0x000009d0        0xc .\CortexM0\ARM_GCC_493\Debug\electronic_derailleur.a(PWM.o)
                0x000009d0                PWM_ReadCapture
 .text.PWM_ClearFIFO
                0x000009dc       0x14 .\CortexM0\ARM_GCC_493\Debug\electronic_derailleur.a(PWM.o)
                0x000009dc                PWM_ClearFIFO
 .text.PWM_Init
                0x000009f0       0x58 .\CortexM0\ARM_GCC_493\Debug\electronic_derailleur.a(PWM.o)
                0x000009f0                PWM_Init
 .text.PWM_Start
                0x00000a48       0x20 .\CortexM0\ARM_GCC_493\Debug\electronic_derailleur.a(PWM.o)
                0x00000a48                PWM_Start
 .text.front_motor_Write
                0x00000a68        0xc .\CortexM0\ARM_GCC_493\Debug\electronic_derailleur.a(front_motor.o)
                0x00000a68                front_motor_Write
 .text.UART_SpiUartWriteTxData
                0x00000a74       0x1c .\CortexM0\ARM_GCC_493\Debug\electronic_derailleur.a(UART_SPI_UART.o)
                0x00000a74                UART_SpiUartWriteTxData
 .text.__libc_init_array
                0x00000a90       0x4c c:/program files (x86)/cypress/psoc creator/3.3/psoc creator/import/gnu/arm/4.9.3/bin/../lib/gcc/arm-none-eabi/4.9.3/../../../../arm-none-eabi/lib/armv6-m\libg_nano.a(lib_a-init.o)
                0x00000a90                __libc_init_array
 .text.memset   0x00000adc       0x10 c:/program files (x86)/cypress/psoc creator/3.3/psoc creator/import/gnu/arm/4.9.3/bin/../lib/gcc/arm-none-eabi/4.9.3/../../../../arm-none-eabi/lib/armv6-m\libg_nano.a(lib_a-memset.o)
                0x00000adc                memset
 *(.plt)
 *(.gnu.warning)
 *(.glue_7t)
 .glue_7t       0x00000000        0x0 linker stubs
 *(.glue_7)
 .glue_7        0x00000000        0x0 linker stubs
 *(.vfp11_veneer)
 .vfp11_veneer  0x00000000        0x0 linker stubs
 *(.bootloader)
 *(.ARM.extab* .gnu.linkonce.armextab.*)
 *(.gcc_except_table)

.v4_bx          0x00000aec        0x0
 .v4_bx         0x00000000        0x0 linker stubs

.iplt           0x00000aec        0x0
 .iplt          0x00000000        0x0 c:/program files (x86)/cypress/psoc creator/3.3/psoc creator/import/gnu/arm/4.9.3/bin/../lib/gcc/arm-none-eabi/4.9.3/armv6-m/crtbegin.o

.eh_frame_hdr
 *(.eh_frame_hdr)

.eh_frame       0x00000aec        0x4
 *(.eh_frame)
 .eh_frame      0x00000aec        0x0 c:/program files (x86)/cypress/psoc creator/3.3/psoc creator/import/gnu/arm/4.9.3/bin/../lib/gcc/arm-none-eabi/4.9.3/armv6-m/crtbegin.o
 .eh_frame      0x00000aec        0x4 c:/program files (x86)/cypress/psoc creator/3.3/psoc creator/import/gnu/arm/4.9.3/bin/../lib/gcc/arm-none-eabi/4.9.3/armv6-m/crtend.o
                0x00000af0                PROVIDE (__exidx_start, .)

.ARM.exidx
 *(.ARM.exidx* .gnu.linkonce.armexidx.*)
                0x00000af0                __exidx_end = .

.rodata         0x00000af0      0x1c0
 *(.rodata .rodata.* .gnu.linkonce.r.*)
 .rodata.str1.4
                0x00000af0       0x4c .\CortexM0\ARM_GCC_493\Debug\main.o
 .rodata        0x00000b3c      0x110 .\CortexM0\ARM_GCC_493\Debug\electronic_derailleur.a(cyfitter_cfg.o)
 .rodata        0x00000c4c       0x30 .\CortexM0\ARM_GCC_493\Debug\electronic_derailleur.a(CyLib.o)
                0x00000c4c                cyImoFreqMhz2Reg
                0x00000c7c                . = ALIGN (0x4)
 *(.init)
 .init          0x00000c7c        0x4 c:/program files (x86)/cypress/psoc creator/3.3/psoc creator/import/gnu/arm/4.9.3/bin/../lib/gcc/arm-none-eabi/4.9.3/armv6-m/crti.o
                0x00000c7c                _init
 .init          0x00000c80        0x8 c:/program files (x86)/cypress/psoc creator/3.3/psoc creator/import/gnu/arm/4.9.3/bin/../lib/gcc/arm-none-eabi/4.9.3/armv6-m/crtn.o
                0x00000c88                . = ALIGN (0x4)
                0x00000c88                __preinit_array_start = .
 *(.preinit_array)
                0x00000c88                __preinit_array_end = .
                0x00000c88                . = ALIGN (0x4)
                0x00000c88                __init_array_start = .
 *(SORT(.init_array.*))
 *(.init_array)
 .init_array    0x00000c88        0x4 c:/program files (x86)/cypress/psoc creator/3.3/psoc creator/import/gnu/arm/4.9.3/bin/../lib/gcc/arm-none-eabi/4.9.3/armv6-m/crtbegin.o
 .init_array    0x00000c8c        0x4 .\CortexM0\ARM_GCC_493\Debug\Cm0Start.o
                0x00000c90                __init_array_end = .
                0x00000c90                . = ALIGN (0x4)
 *(.fini)
 .fini          0x00000c90        0x4 c:/program files (x86)/cypress/psoc creator/3.3/psoc creator/import/gnu/arm/4.9.3/bin/../lib/gcc/arm-none-eabi/4.9.3/armv6-m/crti.o
                0x00000c90                _fini
 .fini          0x00000c94        0x8 c:/program files (x86)/cypress/psoc creator/3.3/psoc creator/import/gnu/arm/4.9.3/bin/../lib/gcc/arm-none-eabi/4.9.3/armv6-m/crtn.o
                0x00000c9c                . = ALIGN (0x4)
                0x00000c9c                __fini_array_start = .
 *(.fini_array)
 .fini_array    0x00000c9c        0x4 c:/program files (x86)/cypress/psoc creator/3.3/psoc creator/import/gnu/arm/4.9.3/bin/../lib/gcc/arm-none-eabi/4.9.3/armv6-m/crtbegin.o
 *(SORT(.fini_array.*))
                0x00000ca0                __fini_array_end = .
                0x00000ca0                . = ALIGN (0x4)
 *crtbegin.o(.ctors)
 *(EXCLUDE_FILE(*crtend.o) .ctors)
 *(SORT(.ctors.*))
 *crtend.o(.ctors)
                0x00000ca0                . = ALIGN (0x4)
 *crtbegin.o(.dtors)
 *(EXCLUDE_FILE(*crtend.o) .dtors)
 *(SORT(.dtors.*))
 *crtend.o(.dtors)
                0x00000ca0                . = ALIGN (0x4)
                0x00000ca0                __cy_regions = .
                0x00000ca0        0x4 LONG 0xcb0 __cy_region_init_ram
                0x00000ca4        0x4 LONG 0x200000c8 __cy_region_start_data
                0x00000ca8        0x4 LONG 0x18 __cy_region_init_size_ram
                0x00000cac        0x4 LONG 0x48 __cy_region_zero_size_ram
                0x00000cb0                __cy_regions_end = .
                0x00000cb0                . = ALIGN (0x8)
                0x00000cb0                _etext = .

.cy_checksum_exclude
                0x00000cb0        0x0
 *(.cy_checksum_exclude)

.ramvectors     0x20000000       0xc0
                0x20000000                __cy_region_start_ram = .
 *(.ramvectors)
 .ramvectors    0x20000000       0xc0 .\CortexM0\ARM_GCC_493\Debug\Cm0Start.o
                0x20000000                CyRamVectors

.noinit         0x200000c0        0x4
 *(.noinit)
 .noinit        0x200000c0        0x4 .\CortexM0\ARM_GCC_493\Debug\Cm0Start.o

.data           0x200000c8       0x18 load address 0x00000cb0
                0x200000c8                __cy_region_start_data = .
 *(.jcr)
 .jcr           0x200000c8        0x0 c:/program files (x86)/cypress/psoc creator/3.3/psoc creator/import/gnu/arm/4.9.3/bin/../lib/gcc/arm-none-eabi/4.9.3/armv6-m/crtbegin.o
 .jcr           0x200000c8        0x4 c:/program files (x86)/cypress/psoc creator/3.3/psoc creator/import/gnu/arm/4.9.3/bin/../lib/gcc/arm-none-eabi/4.9.3/armv6-m/crtend.o
 *(.got.plt)
 *(.got)
 *(.shdata)
 *(.data .data.* .gnu.linkonce.d.*)
 .data          0x200000cc       0x10 .\CortexM0\ARM_GCC_493\Debug\electronic_derailleur.a(CyLib.o)
                0x200000cc                cydelay32kMs
                0x200000d0                cydelayFreqKhz
                0x200000d4                cydelayFreqMhz
                0x200000d8                cydelayFreqHz
 .data          0x200000dc        0x4 .\CortexM0\ARM_GCC_493\Debug\electronic_derailleur.a(CyLFClk.o)
                0x200000e0                . = ALIGN (0x8)
 *(.ram)
                0x200000e0                _edata = .

.igot.plt       0x200000e0        0x0 load address 0x00000cc8
 .igot.plt      0x00000000        0x0 c:/program files (x86)/cypress/psoc creator/3.3/psoc creator/import/gnu/arm/4.9.3/bin/../lib/gcc/arm-none-eabi/4.9.3/armv6-m/crtbegin.o

.bss            0x200000e0       0x48 load address 0x00000cc8
                0x200000e0                PROVIDE (__bss_start__, .)
 *(.shbss)
 *(.bss .bss.* .gnu.linkonce.b.*)
 .bss           0x200000e0       0x1c c:/program files (x86)/cypress/psoc creator/3.3/psoc creator/import/gnu/arm/4.9.3/bin/../lib/gcc/arm-none-eabi/4.9.3/armv6-m/crtbegin.o
 .bss           0x200000fc        0x4 .\CortexM0\ARM_GCC_493\Debug\main.o
                0x200000fc                shift_isr_status
 .bss           0x20000100        0x1 .\CortexM0\ARM_GCC_493\Debug\electronic_derailleur.a(UART.o)
                0x20000100                UART_initVar
 *fill*         0x20000101        0x3 
 .bss           0x20000104       0x1c .\CortexM0\ARM_GCC_493\Debug\electronic_derailleur.a(CyLFClk.o)
 .bss           0x20000120        0x1 .\CortexM0\ARM_GCC_493\Debug\electronic_derailleur.a(PWM.o)
                0x20000120                PWM_initVar
 *(COMMON)
                0x20000128                . = ALIGN (0x8)
 *fill*         0x20000121        0x7 
 *(.ram.b)
                0x20000128                _end = .
                0x20000128                __end = .
                0x20000128                PROVIDE (end, .)
                0x20000128                PROVIDE (__bss_end__, .)
                0x00000cb0                __cy_region_init_ram = LOADADDR (.data)
                0x00000018                __cy_region_init_size_ram = (_edata - ADDR (.data))
                0x00000048                __cy_region_zero_size_ram = (_end - _edata)

.heap           0x20000128       0x80 load address 0x00000cc8
                0x20000128                . = _end
                0x200001a8                . = (. + 0x80)
 *fill*         0x20000128       0x80 
                0x200001a8                __cy_heap_limit = .

.stack          0x20003800      0x800
                0x20003800                __cy_stack_limit = .
                0x20004000                . = (. + 0x800)
 *fill*         0x20003800      0x800 
                0x00000001                ASSERT ((__cy_stack_limit >= __cy_heap_limit), region RAM overflowed with stack)
                0x00000000                cy_checksum_exclude_size = (CY_APPL_LOADABLE == 0x1)?SIZEOF (.cy_checksum_exclude):0x0
                0x00000001                ASSERT ((cy_checksum_exclude_size <= CY_CHECKSUM_EXCLUDE_SIZE), CY_BOOT: Section .cy_checksum_exclude size exceedes specified limit.)
                0x0001ffc0                cyloadermeta_start = (cy_project_type_bootloader || cy_project_type_app_for_stack_and_copier)?(0x20000 - CY_METADATA_SIZE):0xf0000000

.cyloadermeta
 *(.cyloadermeta)
                0x0001ffc0                cyloadablemeta_start = cy_project_type_app_for_stack_and_copier?((0x20000 - CY_FLASH_ROW_SIZE) - CY_METADATA_SIZE):((0x20000 - (CY_FLASH_ROW_SIZE * (CY_APPL_NUM - 0x1))) - CY_METADATA_SIZE)

.cyloadablemeta
 *(.cyloadablemeta)

.cyflashprotect
                0x90400000       0x80
 *(.cyflashprotect)
 .cyflashprotect
                0x90400000       0x80 .\CortexM0\ARM_GCC_493\Debug\cymetadata.o
                0x90400000                cy_meta_flashprotect

.cymeta         0x90500000        0xc
 *(.cymeta)
 .cymeta        0x90500000        0xc .\CortexM0\ARM_GCC_493\Debug\cymetadata.o
                0x90500000                cy_metadata

.cychipprotect  0x90600000        0x4
 *(.cychipprotect)
 .cychipprotect
                0x90600000        0x4 .\CortexM0\ARM_GCC_493\Debug\cymetadata.o
                0x90600000                cy_meta_chipprotect

.rel.dyn        0x00000cc8        0x0 load address 0x90600004
 .rel.iplt      0x00000000        0x0 c:/program files (x86)/cypress/psoc creator/3.3/psoc creator/import/gnu/arm/4.9.3/bin/../lib/gcc/arm-none-eabi/4.9.3/armv6-m/crtbegin.o

.stab
 *(.stab)

.stabstr
 *(.stabstr)

.debug
 *(.debug)

.line
 *(.line)

.debug_srcinfo
 *(.debug_srcinfo)

.debug_sfnames
 *(.debug_sfnames)

.debug_aranges  0x00000000      0x6a0
 *(.debug_aranges)
 .debug_aranges
                0x00000000       0x28 .\CortexM0\ARM_GCC_493\Debug\main.o
 .debug_aranges
                0x00000028       0x18 .\CortexM0\ARM_GCC_493\Debug\cymetadata.o
 .debug_aranges
                0x00000040       0x48 .\CortexM0\ARM_GCC_493\Debug\Cm0Start.o
 .debug_aranges
                0x00000088       0x40 .\CortexM0\ARM_GCC_493\Debug\electronic_derailleur.a(cyfitter_cfg.o)
 .debug_aranges
                0x000000c8       0x58 .\CortexM0\ARM_GCC_493\Debug\electronic_derailleur.a(UART.o)
 .debug_aranges
                0x00000120       0x88 .\CortexM0\ARM_GCC_493\Debug\electronic_derailleur.a(UART_UART.o)
 .debug_aranges
                0x000001a8       0x20 .\CortexM0\ARM_GCC_493\Debug\electronic_derailleur.a(CyBootAsmGnu.o)
 .debug_aranges
                0x000001c8      0x198 .\CortexM0\ARM_GCC_493\Debug\electronic_derailleur.a(CyLib.o)
 .debug_aranges
                0x00000360      0x150 .\CortexM0\ARM_GCC_493\Debug\electronic_derailleur.a(CyLFClk.o)
 .debug_aranges
                0x000004b0       0x40 .\CortexM0\ARM_GCC_493\Debug\electronic_derailleur.a(shifter_switches.o)
 .debug_aranges
                0x000004f0       0x80 .\CortexM0\ARM_GCC_493\Debug\electronic_derailleur.a(shifter_isr.o)
 .debug_aranges
                0x00000570       0xa8 .\CortexM0\ARM_GCC_493\Debug\electronic_derailleur.a(PWM.o)
 .debug_aranges
                0x00000618       0x28 .\CortexM0\ARM_GCC_493\Debug\electronic_derailleur.a(front_motor.o)
 .debug_aranges
                0x00000640       0x60 .\CortexM0\ARM_GCC_493\Debug\electronic_derailleur.a(UART_SPI_UART.o)

.debug_pubnames
 *(.debug_pubnames)

.debug_info     0x00000000     0x357b
 *(.debug_info .gnu.linkonce.wi.*)
 .debug_info    0x00000000      0x2ce .\CortexM0\ARM_GCC_493\Debug\main.o
 .debug_info    0x000002ce       0xfd .\CortexM0\ARM_GCC_493\Debug\cymetadata.o
 .debug_info    0x000003cb      0x38a .\CortexM0\ARM_GCC_493\Debug\Cm0Start.o
 .debug_info    0x00000755      0x4a3 .\CortexM0\ARM_GCC_493\Debug\electronic_derailleur.a(cyfitter_cfg.o)
 .debug_info    0x00000bf8      0x208 .\CortexM0\ARM_GCC_493\Debug\electronic_derailleur.a(UART.o)
 .debug_info    0x00000e00      0x350 .\CortexM0\ARM_GCC_493\Debug\electronic_derailleur.a(UART_UART.o)
 .debug_info    0x00001150       0xa2 .\CortexM0\ARM_GCC_493\Debug\electronic_derailleur.a(CyBootAsmGnu.o)
 .debug_info    0x000011f2      0xb1c .\CortexM0\ARM_GCC_493\Debug\electronic_derailleur.a(CyLib.o)
 .debug_info    0x00001d0e      0xdba .\CortexM0\ARM_GCC_493\Debug\electronic_derailleur.a(CyLFClk.o)
 .debug_info    0x00002ac8      0x14e .\CortexM0\ARM_GCC_493\Debug\electronic_derailleur.a(shifter_switches.o)
 .debug_info    0x00002c16      0x2fe .\CortexM0\ARM_GCC_493\Debug\electronic_derailleur.a(shifter_isr.o)
 .debug_info    0x00002f14      0x37d .\CortexM0\ARM_GCC_493\Debug\electronic_derailleur.a(PWM.o)
 .debug_info    0x00003291       0xd5 .\CortexM0\ARM_GCC_493\Debug\electronic_derailleur.a(front_motor.o)
 .debug_info    0x00003366      0x215 .\CortexM0\ARM_GCC_493\Debug\electronic_derailleur.a(UART_SPI_UART.o)

.debug_abbrev   0x00000000     0x122c
 *(.debug_abbrev)
 .debug_abbrev  0x00000000      0x138 .\CortexM0\ARM_GCC_493\Debug\main.o
 .debug_abbrev  0x00000138       0x5d .\CortexM0\ARM_GCC_493\Debug\cymetadata.o
 .debug_abbrev  0x00000195      0x1fe .\CortexM0\ARM_GCC_493\Debug\Cm0Start.o
 .debug_abbrev  0x00000393      0x1fc .\CortexM0\ARM_GCC_493\Debug\electronic_derailleur.a(cyfitter_cfg.o)
 .debug_abbrev  0x0000058f       0xe2 .\CortexM0\ARM_GCC_493\Debug\electronic_derailleur.a(UART.o)
 .debug_abbrev  0x00000671      0x148 .\CortexM0\ARM_GCC_493\Debug\electronic_derailleur.a(UART_UART.o)
 .debug_abbrev  0x000007b9       0x14 .\CortexM0\ARM_GCC_493\Debug\electronic_derailleur.a(CyBootAsmGnu.o)
 .debug_abbrev  0x000007cd      0x20d .\CortexM0\ARM_GCC_493\Debug\electronic_derailleur.a(CyLib.o)
 .debug_abbrev  0x000009da      0x26d .\CortexM0\ARM_GCC_493\Debug\electronic_derailleur.a(CyLFClk.o)
 .debug_abbrev  0x00000c47       0xc6 .\CortexM0\ARM_GCC_493\Debug\electronic_derailleur.a(shifter_switches.o)
 .debug_abbrev  0x00000d0d      0x1c1 .\CortexM0\ARM_GCC_493\Debug\electronic_derailleur.a(shifter_isr.o)
 .debug_abbrev  0x00000ece      0x15a .\CortexM0\ARM_GCC_493\Debug\electronic_derailleur.a(PWM.o)
 .debug_abbrev  0x00001028       0x8e .\CortexM0\ARM_GCC_493\Debug\electronic_derailleur.a(front_motor.o)
 .debug_abbrev  0x000010b6      0x176 .\CortexM0\ARM_GCC_493\Debug\electronic_derailleur.a(UART_SPI_UART.o)

.debug_line     0x00000000     0x173a
 *(.debug_line)
 .debug_line    0x00000000       0xf1 .\CortexM0\ARM_GCC_493\Debug\main.o
 .debug_line    0x000000f1       0x53 .\CortexM0\ARM_GCC_493\Debug\cymetadata.o
 .debug_line    0x00000144      0x249 .\CortexM0\ARM_GCC_493\Debug\Cm0Start.o
 .debug_line    0x0000038d      0x19a .\CortexM0\ARM_GCC_493\Debug\electronic_derailleur.a(cyfitter_cfg.o)
 .debug_line    0x00000527      0x121 .\CortexM0\ARM_GCC_493\Debug\electronic_derailleur.a(UART.o)
 .debug_line    0x00000648      0x1b6 .\CortexM0\ARM_GCC_493\Debug\electronic_derailleur.a(UART_UART.o)
 .debug_line    0x000007fe       0x68 .\CortexM0\ARM_GCC_493\Debug\electronic_derailleur.a(CyBootAsmGnu.o)
 .debug_line    0x00000866      0x483 .\CortexM0\ARM_GCC_493\Debug\electronic_derailleur.a(CyLib.o)
 .debug_line    0x00000ce9      0x4cf .\CortexM0\ARM_GCC_493\Debug\electronic_derailleur.a(CyLFClk.o)
 .debug_line    0x000011b8       0xb6 .\CortexM0\ARM_GCC_493\Debug\electronic_derailleur.a(shifter_switches.o)
 .debug_line    0x0000126e      0x170 .\CortexM0\ARM_GCC_493\Debug\electronic_derailleur.a(shifter_isr.o)
 .debug_line    0x000013de      0x1b3 .\CortexM0\ARM_GCC_493\Debug\electronic_derailleur.a(PWM.o)
 .debug_line    0x00001591       0x76 .\CortexM0\ARM_GCC_493\Debug\electronic_derailleur.a(front_motor.o)
 .debug_line    0x00001607      0x133 .\CortexM0\ARM_GCC_493\Debug\electronic_derailleur.a(UART_SPI_UART.o)

.debug_frame    0x00000000      0xffc
 *(.debug_frame)
 .debug_frame   0x00000000       0x48 .\CortexM0\ARM_GCC_493\Debug\main.o
 .debug_frame   0x00000048       0xb0 .\CortexM0\ARM_GCC_493\Debug\Cm0Start.o
 .debug_frame   0x000000f8       0x9c .\CortexM0\ARM_GCC_493\Debug\electronic_derailleur.a(cyfitter_cfg.o)
 .debug_frame   0x00000194       0xd8 .\CortexM0\ARM_GCC_493\Debug\electronic_derailleur.a(UART.o)
 .debug_frame   0x0000026c      0x130 .\CortexM0\ARM_GCC_493\Debug\electronic_derailleur.a(UART_UART.o)
 .debug_frame   0x0000039c      0x408 .\CortexM0\ARM_GCC_493\Debug\electronic_derailleur.a(CyLib.o)
 .debug_frame   0x000007a4      0x400 .\CortexM0\ARM_GCC_493\Debug\electronic_derailleur.a(CyLFClk.o)
 .debug_frame   0x00000ba4       0x60 .\CortexM0\ARM_GCC_493\Debug\electronic_derailleur.a(shifter_switches.o)
 .debug_frame   0x00000c04      0x110 .\CortexM0\ARM_GCC_493\Debug\electronic_derailleur.a(shifter_isr.o)
 .debug_frame   0x00000d14      0x154 .\CortexM0\ARM_GCC_493\Debug\electronic_derailleur.a(PWM.o)
 .debug_frame   0x00000e68       0x30 .\CortexM0\ARM_GCC_493\Debug\electronic_derailleur.a(front_motor.o)
 .debug_frame   0x00000e98       0xb0 .\CortexM0\ARM_GCC_493\Debug\electronic_derailleur.a(UART_SPI_UART.o)
 .debug_frame   0x00000f48       0x20 c:/program files (x86)/cypress/psoc creator/3.3/psoc creator/import/gnu/arm/4.9.3/bin/../lib/gcc/arm-none-eabi/4.9.3/armv6-m\libgcc.a(_udivsi3.o)
 .debug_frame   0x00000f68       0x20 c:/program files (x86)/cypress/psoc creator/3.3/psoc creator/import/gnu/arm/4.9.3/bin/../lib/gcc/arm-none-eabi/4.9.3/../../../../arm-none-eabi/lib/armv6-m\libg_nano.a(lib_a-errno.o)
 .debug_frame   0x00000f88       0x28 c:/program files (x86)/cypress/psoc creator/3.3/psoc creator/import/gnu/arm/4.9.3/bin/../lib/gcc/arm-none-eabi/4.9.3/../../../../arm-none-eabi/lib/armv6-m\libg_nano.a(lib_a-exit.o)
 .debug_frame   0x00000fb0       0x2c c:/program files (x86)/cypress/psoc creator/3.3/psoc creator/import/gnu/arm/4.9.3/bin/../lib/gcc/arm-none-eabi/4.9.3/../../../../arm-none-eabi/lib/armv6-m\libg_nano.a(lib_a-init.o)
 .debug_frame   0x00000fdc       0x20 c:/program files (x86)/cypress/psoc creator/3.3/psoc creator/import/gnu/arm/4.9.3/bin/../lib/gcc/arm-none-eabi/4.9.3/../../../../arm-none-eabi/lib/armv6-m\libg_nano.a(lib_a-memset.o)

.debug_str      0x00000000     0x15bf
 *(.debug_str)
 .debug_str     0x00000000      0x24a .\CortexM0\ARM_GCC_493\Debug\main.o
                                0x283 (size before relaxing)
 .debug_str     0x0000024a       0x5b .\CortexM0\ARM_GCC_493\Debug\cymetadata.o
                                0x1e0 (size before relaxing)
 .debug_str     0x000002a5      0x149 .\CortexM0\ARM_GCC_493\Debug\Cm0Start.o
                                0x307 (size before relaxing)
 .debug_str     0x000003ee      0x16e .\CortexM0\ARM_GCC_493\Debug\electronic_derailleur.a(cyfitter_cfg.o)
                                0x34a (size before relaxing)
 .debug_str     0x0000055c       0xe9 .\CortexM0\ARM_GCC_493\Debug\electronic_derailleur.a(UART.o)
                                0x286 (size before relaxing)
 .debug_str     0x00000645      0x19a .\CortexM0\ARM_GCC_493\Debug\electronic_derailleur.a(UART_UART.o)
                                0x37d (size before relaxing)
 .debug_str     0x000007df      0x47c .\CortexM0\ARM_GCC_493\Debug\electronic_derailleur.a(CyLib.o)
                                0x6bc (size before relaxing)
 .debug_str     0x00000c5b      0x511 .\CortexM0\ARM_GCC_493\Debug\electronic_derailleur.a(CyLFClk.o)
                                0x730 (size before relaxing)
 .debug_str     0x0000116c       0xa7 .\CortexM0\ARM_GCC_493\Debug\electronic_derailleur.a(shifter_switches.o)
                                0x25b (size before relaxing)
 .debug_str     0x00001213      0x11e .\CortexM0\ARM_GCC_493\Debug\electronic_derailleur.a(shifter_isr.o)
                                0x344 (size before relaxing)
 .debug_str     0x00001331      0x171 .\CortexM0\ARM_GCC_493\Debug\electronic_derailleur.a(PWM.o)
                                0x356 (size before relaxing)
 .debug_str     0x000014a2       0x38 .\CortexM0\ARM_GCC_493\Debug\electronic_derailleur.a(front_motor.o)
                                0x1d3 (size before relaxing)
 .debug_str     0x000014da       0xe5 .\CortexM0\ARM_GCC_493\Debug\electronic_derailleur.a(UART_SPI_UART.o)
                                0x2d4 (size before relaxing)

.debug_loc      0x00000000     0x13c6
 *(.debug_loc)
 .debug_loc     0x00000000      0x14f .\CortexM0\ARM_GCC_493\Debug\Cm0Start.o
 .debug_loc     0x0000014f      0x118 .\CortexM0\ARM_GCC_493\Debug\electronic_derailleur.a(cyfitter_cfg.o)
 .debug_loc     0x00000267       0x7e .\CortexM0\ARM_GCC_493\Debug\electronic_derailleur.a(UART.o)
 .debug_loc     0x000002e5      0x1b2 .\CortexM0\ARM_GCC_493\Debug\electronic_derailleur.a(UART_UART.o)
 .debug_loc     0x00000497      0x4ef .\CortexM0\ARM_GCC_493\Debug\electronic_derailleur.a(CyLib.o)
 .debug_loc     0x00000986      0x8a2 .\CortexM0\ARM_GCC_493\Debug\electronic_derailleur.a(CyLFClk.o)
 .debug_loc     0x00001228       0x60 .\CortexM0\ARM_GCC_493\Debug\electronic_derailleur.a(shifter_switches.o)
 .debug_loc     0x00001288       0x82 .\CortexM0\ARM_GCC_493\Debug\electronic_derailleur.a(shifter_isr.o)
 .debug_loc     0x0000130a       0x26 .\CortexM0\ARM_GCC_493\Debug\electronic_derailleur.a(PWM.o)
 .debug_loc     0x00001330       0x96 .\CortexM0\ARM_GCC_493\Debug\electronic_derailleur.a(UART_SPI_UART.o)

.debug_macinfo
 *(.debug_macinfo)

.debug_ranges   0x00000000      0x5a8
 *(.debug_ranges)
 .debug_ranges  0x00000000       0x18 .\CortexM0\ARM_GCC_493\Debug\main.o
 .debug_ranges  0x00000018       0x38 .\CortexM0\ARM_GCC_493\Debug\Cm0Start.o
 .debug_ranges  0x00000050       0x30 .\CortexM0\ARM_GCC_493\Debug\electronic_derailleur.a(cyfitter_cfg.o)
 .debug_ranges  0x00000080       0x48 .\CortexM0\ARM_GCC_493\Debug\electronic_derailleur.a(UART.o)
 .debug_ranges  0x000000c8       0x78 .\CortexM0\ARM_GCC_493\Debug\electronic_derailleur.a(UART_UART.o)
 .debug_ranges  0x00000140      0x188 .\CortexM0\ARM_GCC_493\Debug\electronic_derailleur.a(CyLib.o)
 .debug_ranges  0x000002c8      0x140 .\CortexM0\ARM_GCC_493\Debug\electronic_derailleur.a(CyLFClk.o)
 .debug_ranges  0x00000408       0x30 .\CortexM0\ARM_GCC_493\Debug\electronic_derailleur.a(shifter_switches.o)
 .debug_ranges  0x00000438       0x70 .\CortexM0\ARM_GCC_493\Debug\electronic_derailleur.a(shifter_isr.o)
 .debug_ranges  0x000004a8       0x98 .\CortexM0\ARM_GCC_493\Debug\electronic_derailleur.a(PWM.o)
 .debug_ranges  0x00000540       0x18 .\CortexM0\ARM_GCC_493\Debug\electronic_derailleur.a(front_motor.o)
 .debug_ranges  0x00000558       0x50 .\CortexM0\ARM_GCC_493\Debug\electronic_derailleur.a(UART_SPI_UART.o)

.comment        0x00000000       0x70
 .comment       0x00000000       0x70 .\CortexM0\ARM_GCC_493\Debug\main.o
                                 0x71 (size before relaxing)
 .comment       0x00000000       0x71 .\CortexM0\ARM_GCC_493\Debug\cymetadata.o
 .comment       0x00000000       0x71 .\CortexM0\ARM_GCC_493\Debug\Cm0Start.o
 .comment       0x00000000       0x71 .\CortexM0\ARM_GCC_493\Debug\electronic_derailleur.a(cyfitter_cfg.o)
 .comment       0x00000000       0x71 .\CortexM0\ARM_GCC_493\Debug\electronic_derailleur.a(UART.o)
 .comment       0x00000000       0x71 .\CortexM0\ARM_GCC_493\Debug\electronic_derailleur.a(UART_UART.o)
 .comment       0x00000000       0x71 .\CortexM0\ARM_GCC_493\Debug\electronic_derailleur.a(CyLib.o)
 .comment       0x00000000       0x71 .\CortexM0\ARM_GCC_493\Debug\electronic_derailleur.a(CyLFClk.o)
 .comment       0x00000000       0x71 .\CortexM0\ARM_GCC_493\Debug\electronic_derailleur.a(shifter_switches.o)
 .comment       0x00000000       0x71 .\CortexM0\ARM_GCC_493\Debug\electronic_derailleur.a(shifter_isr.o)
 .comment       0x00000000       0x71 .\CortexM0\ARM_GCC_493\Debug\electronic_derailleur.a(PWM.o)
 .comment       0x00000000       0x71 .\CortexM0\ARM_GCC_493\Debug\electronic_derailleur.a(front_motor.o)
 .comment       0x00000000       0x71 .\CortexM0\ARM_GCC_493\Debug\electronic_derailleur.a(UART_SPI_UART.o)

.debug_weaknames
 *(.debug_weaknames)

.debug_funcnames
 *(.debug_funcnames)

.debug_typenames
 *(.debug_typenames)

.debug_varnames
 *(.debug_varnames)

.note.gnu.arm.ident
 *(.note.gnu.arm.ident)

.ARM.attributes
                0x00000000       0x28
 *(.ARM.attributes)
 .ARM.attributes
                0x00000000       0x1e c:/program files (x86)/cypress/psoc creator/3.3/psoc creator/import/gnu/arm/4.9.3/bin/../lib/gcc/arm-none-eabi/4.9.3/armv6-m/crti.o
 .ARM.attributes
                0x0000001e       0x2c c:/program files (x86)/cypress/psoc creator/3.3/psoc creator/import/gnu/arm/4.9.3/bin/../lib/gcc/arm-none-eabi/4.9.3/armv6-m/crtbegin.o
 .ARM.attributes
                0x0000004a       0x1b c:/program files (x86)/cypress/psoc creator/3.3/psoc creator/import/gnu/arm/4.9.3/bin/../lib/gcc/arm-none-eabi/4.9.3/../../../../arm-none-eabi/lib/armv6-m/crt0.o
 .ARM.attributes
                0x00000065       0x31 .\CortexM0\ARM_GCC_493\Debug\main.o
 .ARM.attributes
                0x00000096       0x31 .\CortexM0\ARM_GCC_493\Debug\cymetadata.o
 .ARM.attributes
                0x000000c7       0x31 .\CortexM0\ARM_GCC_493\Debug\Cm0Start.o
 .ARM.attributes
                0x000000f8       0x31 .\CortexM0\ARM_GCC_493\Debug\electronic_derailleur.a(cyfitter_cfg.o)
 .ARM.attributes
                0x00000129       0x31 .\CortexM0\ARM_GCC_493\Debug\electronic_derailleur.a(UART.o)
 .ARM.attributes
                0x0000015a       0x31 .\CortexM0\ARM_GCC_493\Debug\electronic_derailleur.a(UART_UART.o)
 .ARM.attributes
                0x0000018b       0x21 .\CortexM0\ARM_GCC_493\Debug\electronic_derailleur.a(CyBootAsmGnu.o)
 .ARM.attributes
                0x000001ac       0x31 .\CortexM0\ARM_GCC_493\Debug\electronic_derailleur.a(CyLib.o)
 .ARM.attributes
                0x000001dd       0x31 .\CortexM0\ARM_GCC_493\Debug\electronic_derailleur.a(CyLFClk.o)
 .ARM.attributes
                0x0000020e       0x31 .\CortexM0\ARM_GCC_493\Debug\electronic_derailleur.a(shifter_switches.o)
 .ARM.attributes
                0x0000023f       0x31 .\CortexM0\ARM_GCC_493\Debug\electronic_derailleur.a(shifter_isr.o)
 .ARM.attributes
                0x00000270       0x31 .\CortexM0\ARM_GCC_493\Debug\electronic_derailleur.a(PWM.o)
 .ARM.attributes
                0x000002a1       0x31 .\CortexM0\ARM_GCC_493\Debug\electronic_derailleur.a(front_motor.o)
 .ARM.attributes
                0x000002d2       0x31 .\CortexM0\ARM_GCC_493\Debug\electronic_derailleur.a(UART_SPI_UART.o)
 .ARM.attributes
                0x00000303       0x1e c:/program files (x86)/cypress/psoc creator/3.3/psoc creator/import/gnu/arm/4.9.3/bin/../lib/gcc/arm-none-eabi/4.9.3/armv6-m\libgcc.a(_udivsi3.o)
 .ARM.attributes
                0x00000321       0x1e c:/program files (x86)/cypress/psoc creator/3.3/psoc creator/import/gnu/arm/4.9.3/bin/../lib/gcc/arm-none-eabi/4.9.3/armv6-m\libgcc.a(_dvmd_tls.o)
 .ARM.attributes
                0x0000033f       0x2c c:/program files (x86)/cypress/psoc creator/3.3/psoc creator/import/gnu/arm/4.9.3/bin/../lib/gcc/arm-none-eabi/4.9.3/../../../../arm-none-eabi/lib/armv6-m\libg_nano.a(lib_a-errno.o)
 .ARM.attributes
                0x0000036b       0x2c c:/program files (x86)/cypress/psoc creator/3.3/psoc creator/import/gnu/arm/4.9.3/bin/../lib/gcc/arm-none-eabi/4.9.3/../../../../arm-none-eabi/lib/armv6-m\libg_nano.a(lib_a-exit.o)
 .ARM.attributes
                0x00000397       0x2c c:/program files (x86)/cypress/psoc creator/3.3/psoc creator/import/gnu/arm/4.9.3/bin/../lib/gcc/arm-none-eabi/4.9.3/../../../../arm-none-eabi/lib/armv6-m\libg_nano.a(lib_a-impure.o)
 .ARM.attributes
                0x000003c3       0x2c c:/program files (x86)/cypress/psoc creator/3.3/psoc creator/import/gnu/arm/4.9.3/bin/../lib/gcc/arm-none-eabi/4.9.3/../../../../arm-none-eabi/lib/armv6-m\libg_nano.a(lib_a-init.o)
 .ARM.attributes
                0x000003ef       0x2c c:/program files (x86)/cypress/psoc creator/3.3/psoc creator/import/gnu/arm/4.9.3/bin/../lib/gcc/arm-none-eabi/4.9.3/../../../../arm-none-eabi/lib/armv6-m\libg_nano.a(lib_a-memset.o)
 .ARM.attributes
                0x0000041b       0x2c c:/program files (x86)/cypress/psoc creator/3.3/psoc creator/import/gnu/arm/4.9.3/bin/../lib/gcc/arm-none-eabi/4.9.3/armv6-m/crtend.o
 .ARM.attributes
                0x00000447       0x1e c:/program files (x86)/cypress/psoc creator/3.3/psoc creator/import/gnu/arm/4.9.3/bin/../lib/gcc/arm-none-eabi/4.9.3/armv6-m/crtn.o

/DISCARD/
 *(.note.GNU-stack)
OUTPUT(.\CortexM0\ARM_GCC_493\Debug\electronic_derailleur.elf elf32-littlearm)
