ARM GAS  C:\Users\Henry\AppData\Local\Temp\ccEICmfO.s 			page 1


   1              		.cpu cortex-m0
   2              		.fpu softvfp
   3              		.eabi_attribute 20, 1
   4              		.eabi_attribute 21, 1
   5              		.eabi_attribute 23, 3
   6              		.eabi_attribute 24, 1
   7              		.eabi_attribute 25, 1
   8              		.eabi_attribute 26, 1
   9              		.eabi_attribute 30, 1
  10              		.eabi_attribute 34, 0
  11              		.eabi_attribute 18, 4
  12              		.code	16
  13              		.file	"shifter_switches.c"
  14              		.text
  15              	.Ltext0:
  16              		.cfi_sections	.debug_frame
  17              		.section	.text.shifter_switches_Write,"ax",%progbits
  18              		.align	2
  19              		.global	shifter_switches_Write
  20              		.code	16
  21              		.thumb_func
  22              		.type	shifter_switches_Write, %function
  23              	shifter_switches_Write:
  24              	.LFB0:
  25              		.file 1 ".\\Generated_Source\\PSoC4\\shifter_switches.c"
   1:.\Generated_Source\PSoC4/shifter_switches.c **** /*******************************************************************************
   2:.\Generated_Source\PSoC4/shifter_switches.c **** * File Name: shifter_switches.c  
   3:.\Generated_Source\PSoC4/shifter_switches.c **** * Version 2.10
   4:.\Generated_Source\PSoC4/shifter_switches.c **** *
   5:.\Generated_Source\PSoC4/shifter_switches.c **** * Description:
   6:.\Generated_Source\PSoC4/shifter_switches.c **** *  This file contains API to enable firmware control of a Pins component.
   7:.\Generated_Source\PSoC4/shifter_switches.c **** *
   8:.\Generated_Source\PSoC4/shifter_switches.c **** * Note:
   9:.\Generated_Source\PSoC4/shifter_switches.c **** *
  10:.\Generated_Source\PSoC4/shifter_switches.c **** ********************************************************************************
  11:.\Generated_Source\PSoC4/shifter_switches.c **** * Copyright 2008-2014, Cypress Semiconductor Corporation.  All rights reserved.
  12:.\Generated_Source\PSoC4/shifter_switches.c **** * You may use this file only in accordance with the license, terms, conditions, 
  13:.\Generated_Source\PSoC4/shifter_switches.c **** * disclaimers, and limitations in the end user license agreement accompanying 
  14:.\Generated_Source\PSoC4/shifter_switches.c **** * the software package with which this file was provided.
  15:.\Generated_Source\PSoC4/shifter_switches.c **** *******************************************************************************/
  16:.\Generated_Source\PSoC4/shifter_switches.c **** 
  17:.\Generated_Source\PSoC4/shifter_switches.c **** #include "cytypes.h"
  18:.\Generated_Source\PSoC4/shifter_switches.c **** #include "shifter_switches.h"
  19:.\Generated_Source\PSoC4/shifter_switches.c **** 
  20:.\Generated_Source\PSoC4/shifter_switches.c **** #define SetP4PinDriveMode(shift, mode)  \
  21:.\Generated_Source\PSoC4/shifter_switches.c ****     do { \
  22:.\Generated_Source\PSoC4/shifter_switches.c ****         shifter_switches_PC =   (shifter_switches_PC & \
  23:.\Generated_Source\PSoC4/shifter_switches.c ****                                 (uint32)(~(uint32)(shifter_switches_DRIVE_MODE_IND_MASK << (shifter
  24:.\Generated_Source\PSoC4/shifter_switches.c ****                                 (uint32)((uint32)(mode) << (shifter_switches_DRIVE_MODE_BITS * (shi
  25:.\Generated_Source\PSoC4/shifter_switches.c ****     } while (0)
  26:.\Generated_Source\PSoC4/shifter_switches.c **** 
  27:.\Generated_Source\PSoC4/shifter_switches.c **** 
  28:.\Generated_Source\PSoC4/shifter_switches.c **** /*******************************************************************************
  29:.\Generated_Source\PSoC4/shifter_switches.c **** * Function Name: shifter_switches_Write
  30:.\Generated_Source\PSoC4/shifter_switches.c **** ********************************************************************************
  31:.\Generated_Source\PSoC4/shifter_switches.c **** *
  32:.\Generated_Source\PSoC4/shifter_switches.c **** * Summary:
ARM GAS  C:\Users\Henry\AppData\Local\Temp\ccEICmfO.s 			page 2


  33:.\Generated_Source\PSoC4/shifter_switches.c **** *  Assign a new value to the digital port's data output register.  
  34:.\Generated_Source\PSoC4/shifter_switches.c **** *
  35:.\Generated_Source\PSoC4/shifter_switches.c **** * Parameters:  
  36:.\Generated_Source\PSoC4/shifter_switches.c **** *  prtValue:  The value to be assigned to the Digital Port. 
  37:.\Generated_Source\PSoC4/shifter_switches.c **** *
  38:.\Generated_Source\PSoC4/shifter_switches.c **** * Return: 
  39:.\Generated_Source\PSoC4/shifter_switches.c **** *  None 
  40:.\Generated_Source\PSoC4/shifter_switches.c **** *  
  41:.\Generated_Source\PSoC4/shifter_switches.c **** *******************************************************************************/
  42:.\Generated_Source\PSoC4/shifter_switches.c **** void shifter_switches_Write(uint8 value) 
  43:.\Generated_Source\PSoC4/shifter_switches.c **** {
  26              		.loc 1 43 0
  27              		.cfi_startproc
  28              	.LVL0:
  29 0000 031C     		mov	r3, r0
  44:.\Generated_Source\PSoC4/shifter_switches.c ****     uint8 drVal = (uint8)(shifter_switches_DR & (uint8)(~shifter_switches_MASK));
  30              		.loc 1 44 0
  31 0002 0449     		ldr	r1, .L2
  32 0004 0868     		ldr	r0, [r1]
  33              	.LVL1:
  34 0006 F022     		mov	r2, #240
  35 0008 0240     		and	r2, r0
  36              	.LVL2:
  45:.\Generated_Source\PSoC4/shifter_switches.c ****     drVal = (drVal | ((uint8)(value << shifter_switches_SHIFT) & shifter_switches_MASK));
  37              		.loc 1 45 0
  38 000a 0F20     		mov	r0, #15
  39 000c 1840     		and	r0, r3
  40 000e 1043     		orr	r0, r2
  41              	.LVL3:
  46:.\Generated_Source\PSoC4/shifter_switches.c ****     shifter_switches_DR = (uint32)drVal;
  42              		.loc 1 46 0
  43 0010 0860     		str	r0, [r1]
  47:.\Generated_Source\PSoC4/shifter_switches.c **** }
  44              		.loc 1 47 0
  45              		@ sp needed
  46 0012 7047     		bx	lr
  47              	.L3:
  48              		.align	2
  49              	.L2:
  50 0014 00000440 		.word	1074003968
  51              		.cfi_endproc
  52              	.LFE0:
  53              		.size	shifter_switches_Write, .-shifter_switches_Write
  54              		.section	.text.shifter_switches_SetDriveMode,"ax",%progbits
  55              		.align	2
  56              		.global	shifter_switches_SetDriveMode
  57              		.code	16
  58              		.thumb_func
  59              		.type	shifter_switches_SetDriveMode, %function
  60              	shifter_switches_SetDriveMode:
  61              	.LFB1:
  48:.\Generated_Source\PSoC4/shifter_switches.c **** 
  49:.\Generated_Source\PSoC4/shifter_switches.c **** 
  50:.\Generated_Source\PSoC4/shifter_switches.c **** /*******************************************************************************
  51:.\Generated_Source\PSoC4/shifter_switches.c **** * Function Name: shifter_switches_SetDriveMode
  52:.\Generated_Source\PSoC4/shifter_switches.c **** ********************************************************************************
  53:.\Generated_Source\PSoC4/shifter_switches.c **** *
ARM GAS  C:\Users\Henry\AppData\Local\Temp\ccEICmfO.s 			page 3


  54:.\Generated_Source\PSoC4/shifter_switches.c **** * Summary:
  55:.\Generated_Source\PSoC4/shifter_switches.c **** *  Change the drive mode on the pins of the port.
  56:.\Generated_Source\PSoC4/shifter_switches.c **** * 
  57:.\Generated_Source\PSoC4/shifter_switches.c **** * Parameters:  
  58:.\Generated_Source\PSoC4/shifter_switches.c **** *  mode:  Change the pins to one of the following drive modes.
  59:.\Generated_Source\PSoC4/shifter_switches.c **** *
  60:.\Generated_Source\PSoC4/shifter_switches.c **** *  shifter_switches_DM_STRONG     Strong Drive 
  61:.\Generated_Source\PSoC4/shifter_switches.c **** *  shifter_switches_DM_OD_HI      Open Drain, Drives High 
  62:.\Generated_Source\PSoC4/shifter_switches.c **** *  shifter_switches_DM_OD_LO      Open Drain, Drives Low 
  63:.\Generated_Source\PSoC4/shifter_switches.c **** *  shifter_switches_DM_RES_UP     Resistive Pull Up 
  64:.\Generated_Source\PSoC4/shifter_switches.c **** *  shifter_switches_DM_RES_DWN    Resistive Pull Down 
  65:.\Generated_Source\PSoC4/shifter_switches.c **** *  shifter_switches_DM_RES_UPDWN  Resistive Pull Up/Down 
  66:.\Generated_Source\PSoC4/shifter_switches.c **** *  shifter_switches_DM_DIG_HIZ    High Impedance Digital 
  67:.\Generated_Source\PSoC4/shifter_switches.c **** *  shifter_switches_DM_ALG_HIZ    High Impedance Analog 
  68:.\Generated_Source\PSoC4/shifter_switches.c **** *
  69:.\Generated_Source\PSoC4/shifter_switches.c **** * Return: 
  70:.\Generated_Source\PSoC4/shifter_switches.c **** *  None
  71:.\Generated_Source\PSoC4/shifter_switches.c **** *
  72:.\Generated_Source\PSoC4/shifter_switches.c **** *******************************************************************************/
  73:.\Generated_Source\PSoC4/shifter_switches.c **** void shifter_switches_SetDriveMode(uint8 mode) 
  74:.\Generated_Source\PSoC4/shifter_switches.c **** {
  62              		.loc 1 74 0
  63              		.cfi_startproc
  64              	.LVL4:
  75:.\Generated_Source\PSoC4/shifter_switches.c **** 	SetP4PinDriveMode(shifter_switches__0__SHIFT, mode);
  65              		.loc 1 75 0
  66 0000 0C4B     		ldr	r3, .L5
  67 0002 1A68     		ldr	r2, [r3]
  68 0004 0721     		mov	r1, #7
  69 0006 8A43     		bic	r2, r1
  70 0008 0243     		orr	r2, r0
  71 000a 1A60     		str	r2, [r3]
  76:.\Generated_Source\PSoC4/shifter_switches.c **** 	SetP4PinDriveMode(shifter_switches__1__SHIFT, mode);
  72              		.loc 1 76 0
  73 000c 1A68     		ldr	r2, [r3]
  74 000e 3131     		add	r1, r1, #49
  75 0010 8A43     		bic	r2, r1
  76 0012 C100     		lsl	r1, r0, #3
  77 0014 0A43     		orr	r2, r1
  78 0016 1A60     		str	r2, [r3]
  77:.\Generated_Source\PSoC4/shifter_switches.c **** 	SetP4PinDriveMode(shifter_switches__2__SHIFT, mode);
  79              		.loc 1 77 0
  80 0018 1968     		ldr	r1, [r3]
  81 001a 074A     		ldr	r2, .L5+4
  82 001c 0A40     		and	r2, r1
  83 001e 8101     		lsl	r1, r0, #6
  84 0020 0A43     		orr	r2, r1
  85 0022 1A60     		str	r2, [r3]
  78:.\Generated_Source\PSoC4/shifter_switches.c **** 	SetP4PinDriveMode(shifter_switches__3__SHIFT, mode);
  86              		.loc 1 78 0
  87 0024 1968     		ldr	r1, [r3]
  88 0026 054A     		ldr	r2, .L5+8
  89 0028 0A40     		and	r2, r1
  90 002a 4002     		lsl	r0, r0, #9
  91              	.LVL5:
  92 002c 1043     		orr	r0, r2
  93 002e 1860     		str	r0, [r3]
ARM GAS  C:\Users\Henry\AppData\Local\Temp\ccEICmfO.s 			page 4


  79:.\Generated_Source\PSoC4/shifter_switches.c **** }
  94              		.loc 1 79 0
  95              		@ sp needed
  96 0030 7047     		bx	lr
  97              	.L6:
  98 0032 C046     		.align	2
  99              	.L5:
 100 0034 08000440 		.word	1074003976
 101 0038 3FFEFFFF 		.word	-449
 102 003c FFF1FFFF 		.word	-3585
 103              		.cfi_endproc
 104              	.LFE1:
 105              		.size	shifter_switches_SetDriveMode, .-shifter_switches_SetDriveMode
 106              		.section	.text.shifter_switches_Read,"ax",%progbits
 107              		.align	2
 108              		.global	shifter_switches_Read
 109              		.code	16
 110              		.thumb_func
 111              		.type	shifter_switches_Read, %function
 112              	shifter_switches_Read:
 113              	.LFB2:
  80:.\Generated_Source\PSoC4/shifter_switches.c **** 
  81:.\Generated_Source\PSoC4/shifter_switches.c **** 
  82:.\Generated_Source\PSoC4/shifter_switches.c **** /*******************************************************************************
  83:.\Generated_Source\PSoC4/shifter_switches.c **** * Function Name: shifter_switches_Read
  84:.\Generated_Source\PSoC4/shifter_switches.c **** ********************************************************************************
  85:.\Generated_Source\PSoC4/shifter_switches.c **** *
  86:.\Generated_Source\PSoC4/shifter_switches.c **** * Summary:
  87:.\Generated_Source\PSoC4/shifter_switches.c **** *  Read the current value on the pins of the Digital Port in right justified 
  88:.\Generated_Source\PSoC4/shifter_switches.c **** *  form.
  89:.\Generated_Source\PSoC4/shifter_switches.c **** *
  90:.\Generated_Source\PSoC4/shifter_switches.c **** * Parameters:  
  91:.\Generated_Source\PSoC4/shifter_switches.c **** *  None 
  92:.\Generated_Source\PSoC4/shifter_switches.c **** *
  93:.\Generated_Source\PSoC4/shifter_switches.c **** * Return: 
  94:.\Generated_Source\PSoC4/shifter_switches.c **** *  Returns the current value of the Digital Port as a right justified number
  95:.\Generated_Source\PSoC4/shifter_switches.c **** *  
  96:.\Generated_Source\PSoC4/shifter_switches.c **** * Note:
  97:.\Generated_Source\PSoC4/shifter_switches.c **** *  Macro shifter_switches_ReadPS calls this function. 
  98:.\Generated_Source\PSoC4/shifter_switches.c **** *  
  99:.\Generated_Source\PSoC4/shifter_switches.c **** *******************************************************************************/
 100:.\Generated_Source\PSoC4/shifter_switches.c **** uint8 shifter_switches_Read(void) 
 101:.\Generated_Source\PSoC4/shifter_switches.c **** {
 114              		.loc 1 101 0
 115              		.cfi_startproc
 102:.\Generated_Source\PSoC4/shifter_switches.c ****     return (uint8)((shifter_switches_PS & shifter_switches_MASK) >> shifter_switches_SHIFT);
 116              		.loc 1 102 0
 117 0000 024B     		ldr	r3, .L8
 118 0002 1868     		ldr	r0, [r3]
 119 0004 0F23     		mov	r3, #15
 120 0006 1840     		and	r0, r3
 103:.\Generated_Source\PSoC4/shifter_switches.c **** }
 121              		.loc 1 103 0
 122              		@ sp needed
 123 0008 7047     		bx	lr
 124              	.L9:
 125 000a C046     		.align	2
ARM GAS  C:\Users\Henry\AppData\Local\Temp\ccEICmfO.s 			page 5


 126              	.L8:
 127 000c 04000440 		.word	1074003972
 128              		.cfi_endproc
 129              	.LFE2:
 130              		.size	shifter_switches_Read, .-shifter_switches_Read
 131              		.section	.text.shifter_switches_ReadDataReg,"ax",%progbits
 132              		.align	2
 133              		.global	shifter_switches_ReadDataReg
 134              		.code	16
 135              		.thumb_func
 136              		.type	shifter_switches_ReadDataReg, %function
 137              	shifter_switches_ReadDataReg:
 138              	.LFB3:
 104:.\Generated_Source\PSoC4/shifter_switches.c **** 
 105:.\Generated_Source\PSoC4/shifter_switches.c **** 
 106:.\Generated_Source\PSoC4/shifter_switches.c **** /*******************************************************************************
 107:.\Generated_Source\PSoC4/shifter_switches.c **** * Function Name: shifter_switches_ReadDataReg
 108:.\Generated_Source\PSoC4/shifter_switches.c **** ********************************************************************************
 109:.\Generated_Source\PSoC4/shifter_switches.c **** *
 110:.\Generated_Source\PSoC4/shifter_switches.c **** * Summary:
 111:.\Generated_Source\PSoC4/shifter_switches.c **** *  Read the current value assigned to a Digital Port's data output register
 112:.\Generated_Source\PSoC4/shifter_switches.c **** *
 113:.\Generated_Source\PSoC4/shifter_switches.c **** * Parameters:  
 114:.\Generated_Source\PSoC4/shifter_switches.c **** *  None 
 115:.\Generated_Source\PSoC4/shifter_switches.c **** *
 116:.\Generated_Source\PSoC4/shifter_switches.c **** * Return: 
 117:.\Generated_Source\PSoC4/shifter_switches.c **** *  Returns the current value assigned to the Digital Port's data output register
 118:.\Generated_Source\PSoC4/shifter_switches.c **** *  
 119:.\Generated_Source\PSoC4/shifter_switches.c **** *******************************************************************************/
 120:.\Generated_Source\PSoC4/shifter_switches.c **** uint8 shifter_switches_ReadDataReg(void) 
 121:.\Generated_Source\PSoC4/shifter_switches.c **** {
 139              		.loc 1 121 0
 140              		.cfi_startproc
 122:.\Generated_Source\PSoC4/shifter_switches.c ****     return (uint8)((shifter_switches_DR & shifter_switches_MASK) >> shifter_switches_SHIFT);
 141              		.loc 1 122 0
 142 0000 024B     		ldr	r3, .L11
 143 0002 1868     		ldr	r0, [r3]
 144 0004 0F23     		mov	r3, #15
 145 0006 1840     		and	r0, r3
 123:.\Generated_Source\PSoC4/shifter_switches.c **** }
 146              		.loc 1 123 0
 147              		@ sp needed
 148 0008 7047     		bx	lr
 149              	.L12:
 150 000a C046     		.align	2
 151              	.L11:
 152 000c 00000440 		.word	1074003968
 153              		.cfi_endproc
 154              	.LFE3:
 155              		.size	shifter_switches_ReadDataReg, .-shifter_switches_ReadDataReg
 156              		.section	.text.shifter_switches_ClearInterrupt,"ax",%progbits
 157              		.align	2
 158              		.global	shifter_switches_ClearInterrupt
 159              		.code	16
 160              		.thumb_func
 161              		.type	shifter_switches_ClearInterrupt, %function
 162              	shifter_switches_ClearInterrupt:
ARM GAS  C:\Users\Henry\AppData\Local\Temp\ccEICmfO.s 			page 6


 163              	.LFB4:
 124:.\Generated_Source\PSoC4/shifter_switches.c **** 
 125:.\Generated_Source\PSoC4/shifter_switches.c **** 
 126:.\Generated_Source\PSoC4/shifter_switches.c **** /* If Interrupts Are Enabled for this Pins component */ 
 127:.\Generated_Source\PSoC4/shifter_switches.c **** #if defined(shifter_switches_INTSTAT) 
 128:.\Generated_Source\PSoC4/shifter_switches.c **** 
 129:.\Generated_Source\PSoC4/shifter_switches.c ****     /*******************************************************************************
 130:.\Generated_Source\PSoC4/shifter_switches.c ****     * Function Name: shifter_switches_ClearInterrupt
 131:.\Generated_Source\PSoC4/shifter_switches.c ****     ********************************************************************************
 132:.\Generated_Source\PSoC4/shifter_switches.c ****     *
 133:.\Generated_Source\PSoC4/shifter_switches.c ****     * Summary:
 134:.\Generated_Source\PSoC4/shifter_switches.c ****     *  Clears any active interrupts attached to port and returns the value of the 
 135:.\Generated_Source\PSoC4/shifter_switches.c ****     *  interrupt status register.
 136:.\Generated_Source\PSoC4/shifter_switches.c ****     *
 137:.\Generated_Source\PSoC4/shifter_switches.c ****     * Parameters:  
 138:.\Generated_Source\PSoC4/shifter_switches.c ****     *  None 
 139:.\Generated_Source\PSoC4/shifter_switches.c ****     *
 140:.\Generated_Source\PSoC4/shifter_switches.c ****     * Return: 
 141:.\Generated_Source\PSoC4/shifter_switches.c ****     *  Returns the value of the interrupt status register
 142:.\Generated_Source\PSoC4/shifter_switches.c ****     *  
 143:.\Generated_Source\PSoC4/shifter_switches.c ****     *******************************************************************************/
 144:.\Generated_Source\PSoC4/shifter_switches.c ****     uint8 shifter_switches_ClearInterrupt(void) 
 145:.\Generated_Source\PSoC4/shifter_switches.c ****     {
 164              		.loc 1 145 0
 165              		.cfi_startproc
 146:.\Generated_Source\PSoC4/shifter_switches.c **** 		uint8 maskedStatus = (uint8)(shifter_switches_INTSTAT & shifter_switches_MASK);
 166              		.loc 1 146 0
 167 0000 024A     		ldr	r2, .L14
 168 0002 1068     		ldr	r0, [r2]
 169 0004 0F23     		mov	r3, #15
 170 0006 1840     		and	r0, r3
 171              	.LVL6:
 147:.\Generated_Source\PSoC4/shifter_switches.c **** 		shifter_switches_INTSTAT = maskedStatus;
 172              		.loc 1 147 0
 173 0008 1060     		str	r0, [r2]
 148:.\Generated_Source\PSoC4/shifter_switches.c ****         return maskedStatus >> shifter_switches_SHIFT;
 149:.\Generated_Source\PSoC4/shifter_switches.c ****     }
 174              		.loc 1 149 0
 175              		@ sp needed
 176 000a 7047     		bx	lr
 177              	.L15:
 178              		.align	2
 179              	.L14:
 180 000c 10000440 		.word	1074003984
 181              		.cfi_endproc
 182              	.LFE4:
 183              		.size	shifter_switches_ClearInterrupt, .-shifter_switches_ClearInterrupt
 184              		.text
 185              	.Letext0:
 186              		.file 2 ".\\Generated_Source\\PSoC4\\cytypes.h"
 187              		.section	.debug_info,"",%progbits
 188              	.Ldebug_info0:
 189 0000 4A010000 		.4byte	0x14a
 190 0004 0400     		.2byte	0x4
 191 0006 00000000 		.4byte	.Ldebug_abbrev0
 192 000a 04       		.byte	0x4
 193 000b 01       		.uleb128 0x1
ARM GAS  C:\Users\Henry\AppData\Local\Temp\ccEICmfO.s 			page 7


 194 000c 88010000 		.4byte	.LASF24
 195 0010 01       		.byte	0x1
 196 0011 96000000 		.4byte	.LASF25
 197 0015 19000000 		.4byte	.LASF26
 198 0019 00000000 		.4byte	.Ldebug_ranges0+0
 199 001d 00000000 		.4byte	0
 200 0021 00000000 		.4byte	.Ldebug_line0
 201 0025 02       		.uleb128 0x2
 202 0026 01       		.byte	0x1
 203 0027 06       		.byte	0x6
 204 0028 4F020000 		.4byte	.LASF0
 205 002c 02       		.uleb128 0x2
 206 002d 01       		.byte	0x1
 207 002e 08       		.byte	0x8
 208 002f 88000000 		.4byte	.LASF1
 209 0033 02       		.uleb128 0x2
 210 0034 02       		.byte	0x2
 211 0035 05       		.byte	0x5
 212 0036 16020000 		.4byte	.LASF2
 213 003a 02       		.uleb128 0x2
 214 003b 02       		.byte	0x2
 215 003c 07       		.byte	0x7
 216 003d DA000000 		.4byte	.LASF3
 217 0041 02       		.uleb128 0x2
 218 0042 04       		.byte	0x4
 219 0043 05       		.byte	0x5
 220 0044 46020000 		.4byte	.LASF4
 221 0048 02       		.uleb128 0x2
 222 0049 04       		.byte	0x4
 223 004a 07       		.byte	0x7
 224 004b C8000000 		.4byte	.LASF5
 225 004f 02       		.uleb128 0x2
 226 0050 08       		.byte	0x8
 227 0051 05       		.byte	0x5
 228 0052 58010000 		.4byte	.LASF6
 229 0056 02       		.uleb128 0x2
 230 0057 08       		.byte	0x8
 231 0058 07       		.byte	0x7
 232 0059 26010000 		.4byte	.LASF7
 233 005d 03       		.uleb128 0x3
 234 005e 04       		.byte	0x4
 235 005f 05       		.byte	0x5
 236 0060 696E7400 		.ascii	"int\000"
 237 0064 02       		.uleb128 0x2
 238 0065 04       		.byte	0x4
 239 0066 07       		.byte	0x7
 240 0067 FB000000 		.4byte	.LASF8
 241 006b 04       		.uleb128 0x4
 242 006c 40020000 		.4byte	.LASF9
 243 0070 02       		.byte	0x2
 244 0071 C2       		.byte	0xc2
 245 0072 2C000000 		.4byte	0x2c
 246 0076 04       		.uleb128 0x4
 247 0077 F4000000 		.4byte	.LASF10
 248 007b 02       		.byte	0x2
 249 007c C4       		.byte	0xc4
 250 007d 48000000 		.4byte	0x48
ARM GAS  C:\Users\Henry\AppData\Local\Temp\ccEICmfO.s 			page 8


 251 0081 02       		.uleb128 0x2
 252 0082 04       		.byte	0x4
 253 0083 04       		.byte	0x4
 254 0084 82000000 		.4byte	.LASF11
 255 0088 02       		.uleb128 0x2
 256 0089 08       		.byte	0x8
 257 008a 04       		.byte	0x4
 258 008b ED000000 		.4byte	.LASF12
 259 008f 02       		.uleb128 0x2
 260 0090 01       		.byte	0x1
 261 0091 08       		.byte	0x8
 262 0092 83010000 		.4byte	.LASF13
 263 0096 05       		.uleb128 0x5
 264 0097 00000000 		.4byte	.LASF14
 265 009b 02       		.byte	0x2
 266 009c 6E01     		.2byte	0x16e
 267 009e A2000000 		.4byte	0xa2
 268 00a2 06       		.uleb128 0x6
 269 00a3 76000000 		.4byte	0x76
 270 00a7 07       		.uleb128 0x7
 271 00a8 6B000000 		.4byte	.LASF15
 272 00ac 01       		.byte	0x1
 273 00ad 2A       		.byte	0x2a
 274 00ae 00000000 		.4byte	.LFB0
 275 00b2 18000000 		.4byte	.LFE0-.LFB0
 276 00b6 01       		.uleb128 0x1
 277 00b7 9C       		.byte	0x9c
 278 00b8 DB000000 		.4byte	0xdb
 279 00bc 08       		.uleb128 0x8
 280 00bd 13000000 		.4byte	.LASF17
 281 00c1 01       		.byte	0x1
 282 00c2 2A       		.byte	0x2a
 283 00c3 6B000000 		.4byte	0x6b
 284 00c7 00000000 		.4byte	.LLST0
 285 00cb 09       		.uleb128 0x9
 286 00cc C2000000 		.4byte	.LASF22
 287 00d0 01       		.byte	0x1
 288 00d1 2C       		.byte	0x2c
 289 00d2 6B000000 		.4byte	0x6b
 290 00d6 21000000 		.4byte	.LLST1
 291 00da 00       		.byte	0
 292 00db 07       		.uleb128 0x7
 293 00dc 08010000 		.4byte	.LASF16
 294 00e0 01       		.byte	0x1
 295 00e1 49       		.byte	0x49
 296 00e2 00000000 		.4byte	.LFB1
 297 00e6 40000000 		.4byte	.LFE1-.LFB1
 298 00ea 01       		.uleb128 0x1
 299 00eb 9C       		.byte	0x9c
 300 00ec 00010000 		.4byte	0x100
 301 00f0 08       		.uleb128 0x8
 302 00f1 3D010000 		.4byte	.LASF18
 303 00f5 01       		.byte	0x1
 304 00f6 49       		.byte	0x49
 305 00f7 6B000000 		.4byte	0x6b
 306 00fb 3F000000 		.4byte	.LLST2
 307 00ff 00       		.byte	0
ARM GAS  C:\Users\Henry\AppData\Local\Temp\ccEICmfO.s 			page 9


 308 0100 0A       		.uleb128 0xa
 309 0101 42010000 		.4byte	.LASF19
 310 0105 01       		.byte	0x1
 311 0106 64       		.byte	0x64
 312 0107 6B000000 		.4byte	0x6b
 313 010b 00000000 		.4byte	.LFB2
 314 010f 10000000 		.4byte	.LFE2-.LFB2
 315 0113 01       		.uleb128 0x1
 316 0114 9C       		.byte	0x9c
 317 0115 0A       		.uleb128 0xa
 318 0116 66010000 		.4byte	.LASF20
 319 011a 01       		.byte	0x1
 320 011b 78       		.byte	0x78
 321 011c 6B000000 		.4byte	0x6b
 322 0120 00000000 		.4byte	.LFB3
 323 0124 10000000 		.4byte	.LFE3-.LFB3
 324 0128 01       		.uleb128 0x1
 325 0129 9C       		.byte	0x9c
 326 012a 0B       		.uleb128 0xb
 327 012b 20020000 		.4byte	.LASF21
 328 012f 01       		.byte	0x1
 329 0130 90       		.byte	0x90
 330 0131 6B000000 		.4byte	0x6b
 331 0135 00000000 		.4byte	.LFB4
 332 0139 10000000 		.4byte	.LFE4-.LFB4
 333 013d 01       		.uleb128 0x1
 334 013e 9C       		.byte	0x9c
 335 013f 0C       		.uleb128 0xc
 336 0140 06000000 		.4byte	.LASF23
 337 0144 01       		.byte	0x1
 338 0145 92       		.byte	0x92
 339 0146 6B000000 		.4byte	0x6b
 340 014a 01       		.uleb128 0x1
 341 014b 50       		.byte	0x50
 342 014c 00       		.byte	0
 343 014d 00       		.byte	0
 344              		.section	.debug_abbrev,"",%progbits
 345              	.Ldebug_abbrev0:
 346 0000 01       		.uleb128 0x1
 347 0001 11       		.uleb128 0x11
 348 0002 01       		.byte	0x1
 349 0003 25       		.uleb128 0x25
 350 0004 0E       		.uleb128 0xe
 351 0005 13       		.uleb128 0x13
 352 0006 0B       		.uleb128 0xb
 353 0007 03       		.uleb128 0x3
 354 0008 0E       		.uleb128 0xe
 355 0009 1B       		.uleb128 0x1b
 356 000a 0E       		.uleb128 0xe
 357 000b 55       		.uleb128 0x55
 358 000c 17       		.uleb128 0x17
 359 000d 11       		.uleb128 0x11
 360 000e 01       		.uleb128 0x1
 361 000f 10       		.uleb128 0x10
 362 0010 17       		.uleb128 0x17
 363 0011 00       		.byte	0
 364 0012 00       		.byte	0
ARM GAS  C:\Users\Henry\AppData\Local\Temp\ccEICmfO.s 			page 10


 365 0013 02       		.uleb128 0x2
 366 0014 24       		.uleb128 0x24
 367 0015 00       		.byte	0
 368 0016 0B       		.uleb128 0xb
 369 0017 0B       		.uleb128 0xb
 370 0018 3E       		.uleb128 0x3e
 371 0019 0B       		.uleb128 0xb
 372 001a 03       		.uleb128 0x3
 373 001b 0E       		.uleb128 0xe
 374 001c 00       		.byte	0
 375 001d 00       		.byte	0
 376 001e 03       		.uleb128 0x3
 377 001f 24       		.uleb128 0x24
 378 0020 00       		.byte	0
 379 0021 0B       		.uleb128 0xb
 380 0022 0B       		.uleb128 0xb
 381 0023 3E       		.uleb128 0x3e
 382 0024 0B       		.uleb128 0xb
 383 0025 03       		.uleb128 0x3
 384 0026 08       		.uleb128 0x8
 385 0027 00       		.byte	0
 386 0028 00       		.byte	0
 387 0029 04       		.uleb128 0x4
 388 002a 16       		.uleb128 0x16
 389 002b 00       		.byte	0
 390 002c 03       		.uleb128 0x3
 391 002d 0E       		.uleb128 0xe
 392 002e 3A       		.uleb128 0x3a
 393 002f 0B       		.uleb128 0xb
 394 0030 3B       		.uleb128 0x3b
 395 0031 0B       		.uleb128 0xb
 396 0032 49       		.uleb128 0x49
 397 0033 13       		.uleb128 0x13
 398 0034 00       		.byte	0
 399 0035 00       		.byte	0
 400 0036 05       		.uleb128 0x5
 401 0037 16       		.uleb128 0x16
 402 0038 00       		.byte	0
 403 0039 03       		.uleb128 0x3
 404 003a 0E       		.uleb128 0xe
 405 003b 3A       		.uleb128 0x3a
 406 003c 0B       		.uleb128 0xb
 407 003d 3B       		.uleb128 0x3b
 408 003e 05       		.uleb128 0x5
 409 003f 49       		.uleb128 0x49
 410 0040 13       		.uleb128 0x13
 411 0041 00       		.byte	0
 412 0042 00       		.byte	0
 413 0043 06       		.uleb128 0x6
 414 0044 35       		.uleb128 0x35
 415 0045 00       		.byte	0
 416 0046 49       		.uleb128 0x49
 417 0047 13       		.uleb128 0x13
 418 0048 00       		.byte	0
 419 0049 00       		.byte	0
 420 004a 07       		.uleb128 0x7
 421 004b 2E       		.uleb128 0x2e
ARM GAS  C:\Users\Henry\AppData\Local\Temp\ccEICmfO.s 			page 11


 422 004c 01       		.byte	0x1
 423 004d 3F       		.uleb128 0x3f
 424 004e 19       		.uleb128 0x19
 425 004f 03       		.uleb128 0x3
 426 0050 0E       		.uleb128 0xe
 427 0051 3A       		.uleb128 0x3a
 428 0052 0B       		.uleb128 0xb
 429 0053 3B       		.uleb128 0x3b
 430 0054 0B       		.uleb128 0xb
 431 0055 27       		.uleb128 0x27
 432 0056 19       		.uleb128 0x19
 433 0057 11       		.uleb128 0x11
 434 0058 01       		.uleb128 0x1
 435 0059 12       		.uleb128 0x12
 436 005a 06       		.uleb128 0x6
 437 005b 40       		.uleb128 0x40
 438 005c 18       		.uleb128 0x18
 439 005d 9742     		.uleb128 0x2117
 440 005f 19       		.uleb128 0x19
 441 0060 01       		.uleb128 0x1
 442 0061 13       		.uleb128 0x13
 443 0062 00       		.byte	0
 444 0063 00       		.byte	0
 445 0064 08       		.uleb128 0x8
 446 0065 05       		.uleb128 0x5
 447 0066 00       		.byte	0
 448 0067 03       		.uleb128 0x3
 449 0068 0E       		.uleb128 0xe
 450 0069 3A       		.uleb128 0x3a
 451 006a 0B       		.uleb128 0xb
 452 006b 3B       		.uleb128 0x3b
 453 006c 0B       		.uleb128 0xb
 454 006d 49       		.uleb128 0x49
 455 006e 13       		.uleb128 0x13
 456 006f 02       		.uleb128 0x2
 457 0070 17       		.uleb128 0x17
 458 0071 00       		.byte	0
 459 0072 00       		.byte	0
 460 0073 09       		.uleb128 0x9
 461 0074 34       		.uleb128 0x34
 462 0075 00       		.byte	0
 463 0076 03       		.uleb128 0x3
 464 0077 0E       		.uleb128 0xe
 465 0078 3A       		.uleb128 0x3a
 466 0079 0B       		.uleb128 0xb
 467 007a 3B       		.uleb128 0x3b
 468 007b 0B       		.uleb128 0xb
 469 007c 49       		.uleb128 0x49
 470 007d 13       		.uleb128 0x13
 471 007e 02       		.uleb128 0x2
 472 007f 17       		.uleb128 0x17
 473 0080 00       		.byte	0
 474 0081 00       		.byte	0
 475 0082 0A       		.uleb128 0xa
 476 0083 2E       		.uleb128 0x2e
 477 0084 00       		.byte	0
 478 0085 3F       		.uleb128 0x3f
ARM GAS  C:\Users\Henry\AppData\Local\Temp\ccEICmfO.s 			page 12


 479 0086 19       		.uleb128 0x19
 480 0087 03       		.uleb128 0x3
 481 0088 0E       		.uleb128 0xe
 482 0089 3A       		.uleb128 0x3a
 483 008a 0B       		.uleb128 0xb
 484 008b 3B       		.uleb128 0x3b
 485 008c 0B       		.uleb128 0xb
 486 008d 27       		.uleb128 0x27
 487 008e 19       		.uleb128 0x19
 488 008f 49       		.uleb128 0x49
 489 0090 13       		.uleb128 0x13
 490 0091 11       		.uleb128 0x11
 491 0092 01       		.uleb128 0x1
 492 0093 12       		.uleb128 0x12
 493 0094 06       		.uleb128 0x6
 494 0095 40       		.uleb128 0x40
 495 0096 18       		.uleb128 0x18
 496 0097 9742     		.uleb128 0x2117
 497 0099 19       		.uleb128 0x19
 498 009a 00       		.byte	0
 499 009b 00       		.byte	0
 500 009c 0B       		.uleb128 0xb
 501 009d 2E       		.uleb128 0x2e
 502 009e 01       		.byte	0x1
 503 009f 3F       		.uleb128 0x3f
 504 00a0 19       		.uleb128 0x19
 505 00a1 03       		.uleb128 0x3
 506 00a2 0E       		.uleb128 0xe
 507 00a3 3A       		.uleb128 0x3a
 508 00a4 0B       		.uleb128 0xb
 509 00a5 3B       		.uleb128 0x3b
 510 00a6 0B       		.uleb128 0xb
 511 00a7 27       		.uleb128 0x27
 512 00a8 19       		.uleb128 0x19
 513 00a9 49       		.uleb128 0x49
 514 00aa 13       		.uleb128 0x13
 515 00ab 11       		.uleb128 0x11
 516 00ac 01       		.uleb128 0x1
 517 00ad 12       		.uleb128 0x12
 518 00ae 06       		.uleb128 0x6
 519 00af 40       		.uleb128 0x40
 520 00b0 18       		.uleb128 0x18
 521 00b1 9742     		.uleb128 0x2117
 522 00b3 19       		.uleb128 0x19
 523 00b4 00       		.byte	0
 524 00b5 00       		.byte	0
 525 00b6 0C       		.uleb128 0xc
 526 00b7 34       		.uleb128 0x34
 527 00b8 00       		.byte	0
 528 00b9 03       		.uleb128 0x3
 529 00ba 0E       		.uleb128 0xe
 530 00bb 3A       		.uleb128 0x3a
 531 00bc 0B       		.uleb128 0xb
 532 00bd 3B       		.uleb128 0x3b
 533 00be 0B       		.uleb128 0xb
 534 00bf 49       		.uleb128 0x49
 535 00c0 13       		.uleb128 0x13
ARM GAS  C:\Users\Henry\AppData\Local\Temp\ccEICmfO.s 			page 13


 536 00c1 02       		.uleb128 0x2
 537 00c2 18       		.uleb128 0x18
 538 00c3 00       		.byte	0
 539 00c4 00       		.byte	0
 540 00c5 00       		.byte	0
 541              		.section	.debug_loc,"",%progbits
 542              	.Ldebug_loc0:
 543              	.LLST0:
 544 0000 00000000 		.4byte	.LVL0
 545 0004 06000000 		.4byte	.LVL1
 546 0008 0100     		.2byte	0x1
 547 000a 50       		.byte	0x50
 548 000b 06000000 		.4byte	.LVL1
 549 000f 18000000 		.4byte	.LFE0
 550 0013 0400     		.2byte	0x4
 551 0015 F3       		.byte	0xf3
 552 0016 01       		.uleb128 0x1
 553 0017 50       		.byte	0x50
 554 0018 9F       		.byte	0x9f
 555 0019 00000000 		.4byte	0
 556 001d 00000000 		.4byte	0
 557              	.LLST1:
 558 0021 0A000000 		.4byte	.LVL2
 559 0025 10000000 		.4byte	.LVL3
 560 0029 0100     		.2byte	0x1
 561 002b 52       		.byte	0x52
 562 002c 10000000 		.4byte	.LVL3
 563 0030 18000000 		.4byte	.LFE0
 564 0034 0100     		.2byte	0x1
 565 0036 50       		.byte	0x50
 566 0037 00000000 		.4byte	0
 567 003b 00000000 		.4byte	0
 568              	.LLST2:
 569 003f 00000000 		.4byte	.LVL4
 570 0043 2C000000 		.4byte	.LVL5
 571 0047 0100     		.2byte	0x1
 572 0049 50       		.byte	0x50
 573 004a 2C000000 		.4byte	.LVL5
 574 004e 40000000 		.4byte	.LFE1
 575 0052 0400     		.2byte	0x4
 576 0054 F3       		.byte	0xf3
 577 0055 01       		.uleb128 0x1
 578 0056 50       		.byte	0x50
 579 0057 9F       		.byte	0x9f
 580 0058 00000000 		.4byte	0
 581 005c 00000000 		.4byte	0
 582              		.section	.debug_aranges,"",%progbits
 583 0000 3C000000 		.4byte	0x3c
 584 0004 0200     		.2byte	0x2
 585 0006 00000000 		.4byte	.Ldebug_info0
 586 000a 04       		.byte	0x4
 587 000b 00       		.byte	0
 588 000c 0000     		.2byte	0
 589 000e 0000     		.2byte	0
 590 0010 00000000 		.4byte	.LFB0
 591 0014 18000000 		.4byte	.LFE0-.LFB0
 592 0018 00000000 		.4byte	.LFB1
ARM GAS  C:\Users\Henry\AppData\Local\Temp\ccEICmfO.s 			page 14


 593 001c 40000000 		.4byte	.LFE1-.LFB1
 594 0020 00000000 		.4byte	.LFB2
 595 0024 10000000 		.4byte	.LFE2-.LFB2
 596 0028 00000000 		.4byte	.LFB3
 597 002c 10000000 		.4byte	.LFE3-.LFB3
 598 0030 00000000 		.4byte	.LFB4
 599 0034 10000000 		.4byte	.LFE4-.LFB4
 600 0038 00000000 		.4byte	0
 601 003c 00000000 		.4byte	0
 602              		.section	.debug_ranges,"",%progbits
 603              	.Ldebug_ranges0:
 604 0000 00000000 		.4byte	.LFB0
 605 0004 18000000 		.4byte	.LFE0
 606 0008 00000000 		.4byte	.LFB1
 607 000c 40000000 		.4byte	.LFE1
 608 0010 00000000 		.4byte	.LFB2
 609 0014 10000000 		.4byte	.LFE2
 610 0018 00000000 		.4byte	.LFB3
 611 001c 10000000 		.4byte	.LFE3
 612 0020 00000000 		.4byte	.LFB4
 613 0024 10000000 		.4byte	.LFE4
 614 0028 00000000 		.4byte	0
 615 002c 00000000 		.4byte	0
 616              		.section	.debug_line,"",%progbits
 617              	.Ldebug_line0:
 618 0000 B4000000 		.section	.debug_str,"MS",%progbits,1
 618      02004F00 
 618      00000201 
 618      FB0E0D00 
 618      01010101 
 619              	.LASF14:
 620 0000 72656733 		.ascii	"reg32\000"
 620      3200
 621              	.LASF23:
 622 0006 6D61736B 		.ascii	"maskedStatus\000"
 622      65645374 
 622      61747573 
 622      00
 623              	.LASF17:
 624 0013 76616C75 		.ascii	"value\000"
 624      6500
 625              	.LASF26:
 626 0019 433A5C55 		.ascii	"C:\\Users\\Henry\\Projects\\electronic_derailleur_e"
 626      73657273 
 626      5C48656E 
 626      72795C50 
 626      726F6A65 
 627 0048 6E706834 		.ascii	"nph459\\electronic_derailleur.cydsn\000"
 627      35395C65 
 627      6C656374 
 627      726F6E69 
 627      635F6465 
 628              	.LASF15:
 629 006b 73686966 		.ascii	"shifter_switches_Write\000"
 629      7465725F 
 629      73776974 
 629      63686573 
ARM GAS  C:\Users\Henry\AppData\Local\Temp\ccEICmfO.s 			page 15


 629      5F577269 
 630              	.LASF11:
 631 0082 666C6F61 		.ascii	"float\000"
 631      7400
 632              	.LASF1:
 633 0088 756E7369 		.ascii	"unsigned char\000"
 633      676E6564 
 633      20636861 
 633      7200
 634              	.LASF25:
 635 0096 2E5C4765 		.ascii	".\\Generated_Source\\PSoC4\\shifter_switches.c\000"
 635      6E657261 
 635      7465645F 
 635      536F7572 
 635      63655C50 
 636              	.LASF22:
 637 00c2 64725661 		.ascii	"drVal\000"
 637      6C00
 638              	.LASF5:
 639 00c8 6C6F6E67 		.ascii	"long unsigned int\000"
 639      20756E73 
 639      69676E65 
 639      6420696E 
 639      7400
 640              	.LASF3:
 641 00da 73686F72 		.ascii	"short unsigned int\000"
 641      7420756E 
 641      7369676E 
 641      65642069 
 641      6E7400
 642              	.LASF12:
 643 00ed 646F7562 		.ascii	"double\000"
 643      6C6500
 644              	.LASF10:
 645 00f4 75696E74 		.ascii	"uint32\000"
 645      333200
 646              	.LASF8:
 647 00fb 756E7369 		.ascii	"unsigned int\000"
 647      676E6564 
 647      20696E74 
 647      00
 648              	.LASF16:
 649 0108 73686966 		.ascii	"shifter_switches_SetDriveMode\000"
 649      7465725F 
 649      73776974 
 649      63686573 
 649      5F536574 
 650              	.LASF7:
 651 0126 6C6F6E67 		.ascii	"long long unsigned int\000"
 651      206C6F6E 
 651      6720756E 
 651      7369676E 
 651      65642069 
 652              	.LASF18:
 653 013d 6D6F6465 		.ascii	"mode\000"
 653      00
 654              	.LASF19:
ARM GAS  C:\Users\Henry\AppData\Local\Temp\ccEICmfO.s 			page 16


 655 0142 73686966 		.ascii	"shifter_switches_Read\000"
 655      7465725F 
 655      73776974 
 655      63686573 
 655      5F526561 
 656              	.LASF6:
 657 0158 6C6F6E67 		.ascii	"long long int\000"
 657      206C6F6E 
 657      6720696E 
 657      7400
 658              	.LASF20:
 659 0166 73686966 		.ascii	"shifter_switches_ReadDataReg\000"
 659      7465725F 
 659      73776974 
 659      63686573 
 659      5F526561 
 660              	.LASF13:
 661 0183 63686172 		.ascii	"char\000"
 661      00
 662              	.LASF24:
 663 0188 474E5520 		.ascii	"GNU C 4.9.3 20150303 (release) [ARM/embedded-4_9-br"
 663      4320342E 
 663      392E3320 
 663      32303135 
 663      30333033 
 664 01bb 616E6368 		.ascii	"anch revision 221220] -mcpu=cortex-m0 -mthumb -g -O"
 664      20726576 
 664      6973696F 
 664      6E203232 
 664      31323230 
 665 01ee 67202D66 		.ascii	"g -ffunction-sections -ffat-lto-objects\000"
 665      66756E63 
 665      74696F6E 
 665      2D736563 
 665      74696F6E 
 666              	.LASF2:
 667 0216 73686F72 		.ascii	"short int\000"
 667      7420696E 
 667      7400
 668              	.LASF21:
 669 0220 73686966 		.ascii	"shifter_switches_ClearInterrupt\000"
 669      7465725F 
 669      73776974 
 669      63686573 
 669      5F436C65 
 670              	.LASF9:
 671 0240 75696E74 		.ascii	"uint8\000"
 671      3800
 672              	.LASF4:
 673 0246 6C6F6E67 		.ascii	"long int\000"
 673      20696E74 
 673      00
 674              	.LASF0:
 675 024f 7369676E 		.ascii	"signed char\000"
 675      65642063 
 675      68617200 
 676              		.ident	"GCC: (GNU Tools for ARM Embedded Processors) 4.9.3 20150303 (release) [ARM/embedded-4_9-br
ARM GAS  C:\Users\Henry\AppData\Local\Temp\ccEICmfO.s 			page 17


